{'id': 'test', 'mcmc': {'device': 'cpu', 'num_chains': 1, 'num-hidden': 50, 'num_samples': 200, 'num_warmup': 100, 'num_data': 4000}, 'LSTM': {'hidden_units': 50}, 'config': {'num_steps': 1001, 'mini_batch_size': 20, 'drop_out_rate': 0.1, 'val_test_frequency': 50, 'n_eval_samples': 1, 'num_iafs': 0, 'iaf_dim': 100, 'cuda': 'True'}, 'optimizer': {'args': {'lr': 0.01, 'b1': 0.96, 'b2': 0.999, 'clip_norm': 10.0, 'lrd': 0.99996, 'weight_decay': 2.0}, 'type': 'adam'}}
title position was updated manually, not adjusting
findfont: Matching sans\-serif:style=normal:variant=normal:weight=normal:stretch=normal:size=10.0.
findfont: score(<Font 'STIXNonUnicode' (STIXNonUniIta.ttf) italic normal 400 normal>) = 11.05
findfont: score(<Font 'DejaVu Serif Display' (DejaVuSerifDisplay.ttf) normal normal 400 normal>) = 10.05
findfont: score(<Font 'STIXSizeOneSym' (STIXSizOneSymReg.ttf) normal normal 400 normal>) = 10.05
findfont: score(<Font 'STIXGeneral' (STIXGeneralBol.ttf) normal normal 700 normal>) = 10.335
findfont: score(<Font 'STIXSizeFourSym' (STIXSizFourSymBol.ttf) normal normal 700 normal>) = 10.335
findfont: score(<Font 'STIXSizeOneSym' (STIXSizOneSymBol.ttf) normal normal 700 normal>) = 10.335
findfont: score(<Font 'DejaVu Serif' (DejaVuSerif-Italic.ttf) italic normal 400 normal>) = 11.05
findfont: score(<Font 'DejaVu Sans Mono' (DejaVuSansMono-Oblique.ttf) oblique normal 400 normal>) = 11.05
findfont: score(<Font 'DejaVu Serif' (DejaVuSerif-Bold.ttf) normal normal 700 normal>) = 10.335
findfont: score(<Font 'DejaVu Serif' (DejaVuSerif-BoldItalic.ttf) italic normal 700 normal>) = 11.335
findfont: score(<Font 'cmmi10' (cmmi10.ttf) normal normal 400 normal>) = 10.05
findfont: score(<Font 'STIXSizeFourSym' (STIXSizFourSymReg.ttf) normal normal 400 normal>) = 10.05
findfont: score(<Font 'cmb10' (cmb10.ttf) normal normal 400 normal>) = 10.05
findfont: score(<Font 'STIXGeneral' (STIXGeneralItalic.ttf) italic normal 400 normal>) = 11.05
findfont: score(<Font 'STIXSizeThreeSym' (STIXSizThreeSymReg.ttf) normal normal 400 normal>) = 10.05
findfont: score(<Font 'STIXSizeThreeSym' (STIXSizThreeSymBol.ttf) normal normal 700 normal>) = 10.335
findfont: score(<Font 'DejaVu Sans Mono' (DejaVuSansMono-Bold.ttf) normal normal 700 normal>) = 10.335
findfont: score(<Font 'DejaVu Sans' (DejaVuSans-BoldOblique.ttf) oblique normal 700 normal>) = 1.335
findfont: score(<Font 'cmsy10' (cmsy10.ttf) normal normal 400 normal>) = 10.05
findfont: score(<Font 'STIXNonUnicode' (STIXNonUniBol.ttf) normal normal 700 normal>) = 10.335
findfont: score(<Font 'DejaVu Sans Mono' (DejaVuSansMono-BoldOblique.ttf) oblique normal 700 normal>) = 11.335
findfont: score(<Font 'STIXSizeFiveSym' (STIXSizFiveSymReg.ttf) normal normal 400 normal>) = 10.05
findfont: score(<Font 'STIXGeneral' (STIXGeneral.ttf) normal normal 400 normal>) = 10.05
findfont: score(<Font 'STIXSizeTwoSym' (STIXSizTwoSymReg.ttf) normal normal 400 normal>) = 10.05
findfont: score(<Font 'DejaVu Sans Mono' (DejaVuSansMono.ttf) normal normal 400 normal>) = 10.05
findfont: score(<Font 'cmtt10' (cmtt10.ttf) normal normal 400 normal>) = 10.05
findfont: score(<Font 'DejaVu Sans' (DejaVuSans-Oblique.ttf) oblique normal 400 normal>) = 1.05
findfont: score(<Font 'cmss10' (cmss10.ttf) normal normal 400 normal>) = 10.05
findfont: score(<Font 'STIXSizeTwoSym' (STIXSizTwoSymBol.ttf) normal normal 700 normal>) = 10.335
findfont: score(<Font 'cmex10' (cmex10.ttf) normal normal 400 normal>) = 10.05
findfont: score(<Font 'DejaVu Serif' (DejaVuSerif.ttf) normal normal 400 normal>) = 10.05
findfont: score(<Font 'STIXNonUnicode' (STIXNonUniBolIta.ttf) italic normal 700 normal>) = 11.335
findfont: score(<Font 'STIXNonUnicode' (STIXNonUni.ttf) normal normal 400 normal>) = 10.05
findfont: score(<Font 'DejaVu Sans Display' (DejaVuSansDisplay.ttf) normal normal 400 normal>) = 10.05
findfont: score(<Font 'cmr10' (cmr10.ttf) normal normal 400 normal>) = 10.05
findfont: score(<Font 'DejaVu Sans' (DejaVuSans-Bold.ttf) normal normal 700 normal>) = 0.33499999999999996
findfont: score(<Font 'DejaVu Sans' (DejaVuSans.ttf) normal normal 400 normal>) = 0.05
findfont: score(<Font 'STIXGeneral' (STIXGeneralBolIta.ttf) italic normal 700 normal>) = 11.335
findfont: score(<Font 'Latin Modern Roman' (lmroman12-italic.otf) italic normal 400 normal>) = 11.05
findfont: score(<Font 'Ponomar Unicode' (PonomarUnicode.otf) normal normal 400 normal>) = 10.05
findfont: score(<Font 'TeX Gyre Schola' (texgyreschola-bolditalic.otf) italic normal 700 normal>) = 11.335
findfont: score(<Font 'Open Sans' (OpenSans-Regular.ttf) normal normal 400 normal>) = 10.05
findfont: score(<Font 'Source Sans Pro' (SourceSansPro-BlackIt.ttf) italic normal 900 normal>) = 11.525
findfont: score(<Font 'FreeSans' (FreeSansBoldOblique.ttf) oblique normal 600 normal>) = 11.24
findfont: score(<Font 'TeX Gyre Schola' (texgyreschola-italic.otf) italic normal 400 normal>) = 11.05
findfont: score(<Font 'PT Mono' (PTM55F.ttf) normal normal 400 normal>) = 10.05
findfont: score(<Font 'TeX Gyre Heros Cn' (texgyreheroscn-bold.otf) normal normal 700 normal>) = 10.335
findfont: score(<Font 'Eunjin' (Eunjin.ttf) normal normal 500 normal>) = 10.145
findfont: score(<Font 'TeX Gyre Termes' (texgyretermes-regular.otf) normal normal 400 normal>) = 10.05
findfont: score(<Font 'Droid Naskh Shift Alt' (DroidNaskh-Regular-SystemUI.ttf) normal normal 400 normal>) = 10.05
findfont: score(<Font 'WenQuanYi Micro Hei' (wqy-microhei.ttc) normal normal 400 normal>) = 10.05
findfont: score(<Font 'Noto Sans' (NotoSans-SemiCondensedLightItalic.ttf) italic normal 300 condensed>) = 11.344999999999999
findfont: score(<Font 'Latin Modern Roman' (lmroman7-regular.otf) normal normal 400 normal>) = 10.05
findfont: score(<Font 'Linux Libertine O' (LinLibertine_R.otf) normal normal 400 normal>) = 10.05
findfont: score(<Font 'Latin Modern Sans Demi Cond' (lmsansdemicond10-oblique.otf) oblique normal 600 condensed>) = 11.44
findfont: score(<Font 'FreeSerif' (FreeSerif.ttf) normal normal 400 normal>) = 10.05
findfont: score(<Font 'Times New Roman' (timesbi.ttf) italic normal 700 normal>) = 11.335
findfont: score(<Font 'Linux Libertine Mono O ' (LinLibertine_MBO.otf) oblique normal 400 normal>) = 11.05
findfont: score(<Font 'MathJax_Math' (MathJax_Math-BoldItalic.otf) italic normal 700 normal>) = 11.335
findfont: score(<Font 'Courier New' (courbi.ttf) italic normal 700 normal>) = 11.335
findfont: score(<Font 'Heuristica' (Heuristica-Regular.otf) normal normal 400 normal>) = 10.05
findfont: score(<Font 'Caladea' (Caladea-Italic.ttf) italic normal 400 normal>) = 11.05
findfont: score(<Font 'Source Sans Pro' (SourceSansPro-ExtraLight.otf) normal normal 200 normal>) = 10.24
findfont: score(<Font 'Amiri Quran Colored' (amiri-quran-colored.ttf) normal normal 400 normal>) = 10.05
findfont: score(<Font 'Khmer OS Muol Pali' (KhmerOS_muolpali.ttf) normal normal 400 normal>) = 10.05
findfont: score(<Font 'Estrangelo Antioch' (SyrCOMAntioch.otf) normal normal 400 normal>) = 10.05
findfont: score(<Font 'Linux Libertine O' (LinLibertine_RI.otf) italic normal 400 normal>) = 11.05
findfont: score(<Font 'UnJamoBatang' (UnJamoBatang.ttf) normal normal 400 normal>) = 10.05
findfont: score(<Font 'Cantarell' (Cantarell-Light.otf) normal normal 300 normal>) = 10.145
findfont: score(<Font 'Source Sans Pro' (SourceSansPro-Semibold.ttf) normal normal 600 normal>) = 10.24
findfont: score(<Font 'DejaVu Math TeX Gyre' (DejaVuMathTeXGyre.ttf) normal normal 400 normal>) = 10.05
findfont: score(<Font 'Noto Sans' (NotoSans-ExtraCondensedExtraLightItalic.ttf) italic normal 200 condensed>) = 11.44
findfont: score(<Font 'TeX Gyre Pagella' (texgyrepagella-regular.otf) normal normal 400 normal>) = 10.05
findfont: score(<Font 'MnSymbol' (MnSymbol-Bold9.otf) normal normal 700 normal>) = 10.335
findfont: score(<Font 'Latin Modern Roman' (lmroman9-bold.otf) normal normal 700 normal>) = 10.335
findfont: score(<Font 'Nimbus Sans L' (NimbusSanL-BoldCondItal.ttf) italic normal 700 condensed>) = 11.535
findfont: score(<Font 'MnSymbol' (MnSymbol6.otf) normal normal 400 normal>) = 10.05
findfont: score(<Font 'MnSymbol' (MnSymbol8.otf) normal normal 400 normal>) = 10.05
findfont: score(<Font 'Bitstream Charter' (CharterBT-Italic.ttf) italic normal 400 normal>) = 11.05
findfont: score(<Font 'Roboto' (Roboto-Regular.ttf) normal normal 400 normal>) = 10.05
findfont: score(<Font 'Poppins' (Poppins-Thin.ttf) normal normal 250 normal>) = 10.1925
findfont: score(<Font 'Serto Urhoy' (SyrCOMUrhoy.otf) normal normal 400 normal>) = 10.05
findfont: score(<Font 'DejaVu Sans' (DejaVuSans-BoldOblique.ttf) oblique normal 700 normal>) = 1.335
findfont: score(<Font 'DejaVu Serif' (DejaVuSerif-BoldItalic.ttf) italic normal 700 normal>) = 11.335
findfont: score(<Font 'Noto Sans KR' (NotoSansKR-Regular.otf) normal normal 400 normal>) = 10.05
findfont: score(<Font 'Linux Libertine O' (LinLibertine_RBI.otf) italic normal 700 normal>) = 11.335
findfont: score(<Font 'Noto Sans' (NotoSans-ExtraLightItalic.ttf) italic normal 200 normal>) = 11.24
findfont: score(<Font 'Open Sans' (OpenSans-SemiboldItalic.ttf) italic normal 600 normal>) = 11.24
findfont: score(<Font 'Courier New' (cour.ttf) normal normal 400 normal>) = 10.05
findfont: score(<Font 'Noto Sans' (NotoSans-CondensedExtraBoldItalic.ttf) italic normal 800 condensed>) = 11.629999999999999
findfont: score(<Font 'TeX Gyre Pagella' (texgyrepagella-bolditalic.otf) italic normal 700 normal>) = 11.335
findfont: score(<Font 'Amiri' (amiri-regular.ttf) normal normal 400 normal>) = 10.05
findfont: score(<Font 'Noto Sans' (NotoSans-ExtraCondensedExtraBold.ttf) normal normal 800 condensed>) = 10.629999999999999
findfont: score(<Font 'Linux Libertine O' (LinLibertine_RZI.otf) italic normal 600 normal>) = 11.24
findfont: score(<Font 'Noto Sans' (NotoSans-CondensedBoldItalic.ttf) italic normal 700 condensed>) = 11.535
findfont: score(<Font 'MarVoSym' (marvosym.ttf) normal normal 400 normal>) = 10.05
findfont: score(<Font 'Droid Arabic Kufi' (DroidKufi-Bold.ttf) normal normal 700 normal>) = 10.335
findfont: score(<Font 'Utopia' (Utopia-Italic.ttf) italic normal 400 normal>) = 11.05
findfont: score(<Font 'Droid Sans Ethiopic' (DroidSansEthiopic-Bold.ttf) normal normal 700 normal>) = 10.335
findfont: score(<Font 'Source Code Pro' (SourceCodePro-Bold.otf) normal normal 700 normal>) = 10.335
findfont: score(<Font 'Liberation Sans Narrow' (LiberationSansNarrow-Regular.ttf) normal normal 400 condensed>) = 10.25
findfont: score(<Font 'Poppins' (Poppins-ExtraBold.ttf) normal normal 800 normal>) = 10.43
findfont: score(<Font 'Noto Sans' (NotoSans-ExtraCondensedMediumItalic.ttf) italic normal 500 condensed>) = 11.344999999999999
findfont: score(<Font 'Verdana' (verdanaz.ttf) italic normal 700 normal>) = 4.971363636363637
findfont: score(<Font 'Roboto' (Roboto-Italic.ttf) italic normal 400 normal>) = 11.05
findfont: score(<Font 'Padauk' (Padauk-Regular.ttf) normal normal 400 normal>) = 10.05
findfont: score(<Font 'Noto Sans' (NotoSans-CondensedBlackItalic.ttf) italic normal 900 condensed>) = 11.725
findfont: score(<Font 'Bandal' (Bandal.ttf) normal normal 500 normal>) = 10.145
findfont: score(<Font 'PT Sans' (PTS76F.ttf) italic normal 700 normal>) = 11.335
findfont: score(<Font 'Roboto Condensed' (RobotoCondensed-LightItalic.ttf) italic normal 300 condensed>) = 11.344999999999999
findfont: score(<Font 'URW Gothic L' (URWGothicL-BookObli.ttf) oblique normal 400 normal>) = 11.05
findfont: score(<Font 'Courier' (Courier-Bold.ttf) normal normal 700 normal>) = 10.335
findfont: score(<Font 'MathJax_Main' (MathJax_Main-Bold.otf) normal normal 700 normal>) = 10.335
findfont: score(<Font 'DejaVu Sans' (DejaVuSans-Oblique.ttf) oblique normal 400 normal>) = 1.05
findfont: score(<Font 'MathJax_Size1' (MathJax_Size1-Regular.otf) normal normal 400 normal>) = 10.05
findfont: score(<Font 'Droid Sans Georgian' (DroidSansGeorgian.ttf) normal normal 400 normal>) = 10.05
findfont: score(<Font 'East Syriac Adiabene' (SyrCOMAdiabene.otf) normal normal 400 normal>) = 10.05
findfont: score(<Font 'MnSymbol' (MnSymbol-Bold8.otf) normal normal 700 normal>) = 10.335
findfont: score(<Font 'Pomorsky' (PomorskyUnicode.otf) normal normal 500 normal>) = 10.145
findfont: score(<Font 'Noto Sans' (NotoSans-ExtraCondensedItalic.ttf) italic normal 400 condensed>) = 11.25
findfont: score(<Font 'Poppins' (Poppins-Regular.ttf) normal normal 400 normal>) = 10.05
findfont: score(<Font 'Noto Sans' (NotoSans-BoldItalic.ttf) italic normal 700 normal>) = 11.335
findfont: score(<Font 'Poppins' (Poppins-Light.ttf) normal normal 300 normal>) = 10.145
findfont: score(<Font 'Serto Mardin' (SyrCOMMardin.otf) normal normal 400 normal>) = 10.05
findfont: score(<Font 'Luxi Mono' (luximri.ttf) oblique normal 400 normal>) = 11.05
findfont: score(<Font 'Charis SIL' (CharisSILB.ttf) normal normal 700 normal>) = 10.335
findfont: score(<Font 'Latin Modern Sans' (lmsans10-regular.otf) normal normal 400 normal>) = 10.05
findfont: score(<Font 'PT Sans Caption' (PTC75F.ttf) normal normal 700 normal>) = 10.335
findfont: score(<Font 'Poppins' (Poppins-LightItalic.ttf) italic normal 300 normal>) = 11.145
findfont: score(<Font 'MathJax_Typewriter' (MathJax_Typewriter-Regular.otf) normal normal 400 normal>) = 10.05
findfont: score(<Font 'Trebuchet MS' (trebucit.ttf) italic normal 400 normal>) = 11.05
findfont: score(<Font 'TeX Gyre Adventor' (texgyreadventor-italic.otf) italic normal 400 normal>) = 11.05
findfont: score(<Font 'Noto Sans' (NotoSans-CondensedExtraBold.ttf) normal normal 800 condensed>) = 10.629999999999999
findfont: score(<Font 'Luxi Mono' (luximbi.ttf) oblique normal 700 normal>) = 11.335
findfont: score(<Font 'Source Sans Pro' (SourceSansPro-LightIt.otf) italic normal 300 normal>) = 11.145
findfont: score(<Font 'Noto Sans' (NotoSans-SemiCondensedBoldItalic.ttf) italic normal 700 condensed>) = 11.535
findfont: score(<Font 'Liberation Mono' (LiberationMono-BoldItalic.ttf) italic normal 700 normal>) = 11.335
findfont: score(<Font 'FreeMono' (FreeMonoBold.ttf) normal normal 700 normal>) = 10.335
findfont: score(<Font 'Courier 10 Pitch' (Courier10PitchBT-BoldItalic.ttf) italic normal 700 normal>) = 11.335
findfont: score(<Font 'Bitstream Vera Serif' (VeraSeBd.ttf) normal normal 700 normal>) = 10.335
findfont: score(<Font 'Poppins' (Poppins-SemiBoldItalic.ttf) italic normal 600 normal>) = 11.24
findfont: score(<Font 'Amiri Quran' (amiri-quran.ttf) normal normal 400 normal>) = 10.05
findfont: score(<Font 'TeX Gyre Heros Cn' (texgyreheroscn-italic.otf) italic normal 400 normal>) = 11.05
findfont: score(<Font 'Charis SIL' (CharisSILBI.ttf) italic normal 700 normal>) = 11.335
findfont: score(<Font 'Guseul' (Guseul.ttf) normal normal 500 normal>) = 10.145
findfont: score(<Font 'MnSymbol' (MnSymbol-Bold5.otf) normal normal 700 normal>) = 10.335
findfont: score(<Font 'Courier 10 Pitch' (Courier10PitchBT-Roman.ttf) normal normal 400 normal>) = 10.05
findfont: score(<Font 'Noto Sans' (NotoSans-ExtraCondensedBold.ttf) normal normal 700 condensed>) = 10.535
findfont: score(<Font 'TeX Gyre Cursor' (texgyrecursor-regular.otf) normal normal 400 normal>) = 10.05
findfont: score(<Font 'Latin Modern Roman Dunhill' (lmromandunh10-oblique.otf) oblique normal 400 normal>) = 11.05
findfont: score(<Font 'Source Serif Pro' (SourceSerifPro-Black.ttf) normal normal 900 normal>) = 10.525
findfont: score(<Font 'Open Sans' (OpenSans-Semibold.ttf) normal normal 600 normal>) = 10.24
findfont: score(<Font 'Georgia' (georgiai.ttf) italic normal 400 normal>) = 11.05
findfont: score(<Font 'DejaVu Serif' (DejaVuSerif.ttf) normal normal 400 normal>) = 10.05
findfont: score(<Font 'Khmer OS Metal Chrieng' (KhmerOS_metalchrieng.ttf) normal normal 400 normal>) = 10.05
findfont: score(<Font 'Liberation Sans' (LiberationSans-BoldItalic.ttf) italic normal 700 normal>) = 11.335
findfont: score(<Font 'Noto Sans' (NotoSans-ExtraCondensedBlackItalic.ttf) italic normal 900 condensed>) = 11.725
findfont: score(<Font 'DejaVu Sans' (DejaVuSans.ttf) normal normal 400 normal>) = 0.05
findfont: score(<Font 'Noto Sans' (NotoSans-BlackItalic.ttf) italic normal 900 normal>) = 11.525
findfont: score(<Font 'Noto Sans' (NotoSans-Thin.ttf) normal normal 100 normal>) = 10.335
findfont: score(<Font 'DejaVu Sans' (DejaVuSansCondensed-BoldOblique.ttf) oblique normal 700 condensed>) = 1.535
findfont: score(<Font 'Source Sans Pro' (SourceSansPro-Regular.otf) normal normal 400 normal>) = 10.05
findfont: score(<Font 'DejaVu Serif' (DejaVuSerif-Italic.ttf) italic normal 400 normal>) = 11.05
findfont: score(<Font 'Noto Sans TC' (NotoSansTC-Regular.otf) normal normal 400 normal>) = 10.05
findfont: score(<Font 'Droid Sans Hebrew' (DroidSansHebrew-Regular.ttf) normal normal 400 normal>) = 10.05
findfont: score(<Font 'Noto Sans' (NotoSans-SemiCondensedExtraLightItalic.ttf) italic normal 200 condensed>) = 11.44
findfont: score(<Font 'Liberation Sans' (LiberationSans-Bold.ttf) normal normal 700 normal>) = 10.335
findfont: score(<Font 'UnPenheulim' (UnPenheulim.ttf) normal normal 400 normal>) = 10.05
findfont: score(<Font 'Noto Sans' (NotoSans-SemiCondensedExtraBoldItalic.ttf) italic normal 800 condensed>) = 11.629999999999999
findfont: score(<Font 'MathJax_SansSerif' (MathJax_SansSerif-Italic.otf) italic normal 400 normal>) = 11.05
findfont: score(<Font 'Roboto' (Roboto-Medium.ttf) normal normal 500 normal>) = 10.145
findfont: score(<Font 'Source Serif Pro' (SourceSerifPro-Regular.otf) normal normal 400 normal>) = 10.05
findfont: score(<Font 'Heuristica' (Heuristica-BoldItalic.otf) italic normal 700 normal>) = 11.335
findfont: score(<Font 'Noto Sans' (NotoSans-ExtraCondensedExtraBoldItalic.ttf) italic normal 800 condensed>) = 11.629999999999999
findfont: score(<Font 'DejaVu Serif' (DejaVuSerifCondensed.ttf) normal normal 400 condensed>) = 10.25
findfont: score(<Font 'Hack' (Hack-Italic.ttf) italic normal 400 normal>) = 11.05
findfont: score(<Font 'Noto Sans' (NotoSans-SemiCondensedItalic.ttf) italic normal 400 condensed>) = 11.25
findfont: score(<Font 'Latin Modern Roman Slanted' (lmromanslant8-regular.otf) normal normal 400 normal>) = 10.05
findfont: score(<Font 'Carlito' (Carlito-Regular.ttf) normal normal 400 normal>) = 10.05
findfont: score(<Font 'MathJax_Fraktur' (MathJax_Fraktur-Regular.otf) normal normal 400 normal>) = 10.05
findfont: score(<Font 'UnDotum' (UnDotum.ttf) normal normal 400 normal>) = 10.05
findfont: score(<Font 'Verdana' (verdanai.ttf) italic normal 400 normal>) = 4.6863636363636365
findfont: score(<Font 'TeX Gyre Pagella' (texgyrepagella-bold.otf) normal normal 700 normal>) = 10.335
findfont: score(<Font 'GFS Baskerville' (GFSBaskerville.otf) normal normal 400 normal>) = 10.05
findfont: score(<Font 'Noto Sans' (NotoSans-ExtraCondensedThinItalic.ttf) italic normal 100 condensed>) = 11.535
findfont: score(<Font 'DejaVu Serif' (DejaVuSerifCondensed-Italic.ttf) italic normal 400 condensed>) = 11.25
findfont: score(<Font 'Utopia' (Utopia-Regular.ttf) normal normal 400 normal>) = 10.05
findfont: score(<Font 'Nimbus Mono L' (NimbusMonL-ReguObli.ttf) oblique normal 400 normal>) = 11.05
findfont: score(<Font 'Poppins' (Poppins-Medium.ttf) normal normal 500 normal>) = 10.145
findfont: score(<Font 'Latin Modern Mono Light' (lmmonolt10-boldoblique.otf) oblique normal 700 normal>) = 11.335
findfont: score(<Font 'MathJax_Math' (MathJax_Math-Italic.otf) italic normal 400 normal>) = 11.05
findfont: score(<Font 'Linux Libertine O' (LinLibertine_RZ.otf) normal normal 600 normal>) = 10.24
findfont: score(<Font 'Noto Sans' (NotoSans-ExtraCondensedLight.ttf) normal normal 300 condensed>) = 10.344999999999999
findfont: score(<Font 'Noto Sans' (NotoSans-SemiCondensedBlackItalic.ttf) italic normal 900 condensed>) = 11.725
findfont: score(<Font 'MathJax_Size4' (MathJax_Size4-Regular.otf) normal normal 400 normal>) = 10.05
findfont: score(<Font 'Padauk Book' (PadaukBook-Bold.ttf) normal normal 700 normal>) = 10.335
findfont: score(<Font 'MnSymbol' (MnSymbol9.otf) normal normal 400 normal>) = 10.05
findfont: score(<Font 'MathJax_Math' (MathJax_Math-Regular.otf) normal normal 400 normal>) = 10.05
findfont: score(<Font 'Noto Sans JP' (NotoSansJP-Bold.otf) normal normal 700 normal>) = 10.335
findfont: score(<Font 'Courier' (Courier.ttf) normal normal 400 normal>) = 10.05
findfont: score(<Font 'DejaVu Sans' (DejaVuSans.ttf) normal normal 400 normal>) = 0.05
findfont: score(<Font 'Latin Modern Roman Demi' (lmromandemi10-oblique.otf) oblique normal 600 normal>) = 11.24
findfont: score(<Font 'Amiri' (amiri-slanted.ttf) italic normal 400 normal>) = 11.05
findfont: score(<Font 'Source Sans Pro' (SourceSansPro-Black.ttf) normal normal 900 normal>) = 10.525
findfont: score(<Font 'DANTE' (DANTE.otf) normal normal 400 normal>) = 10.05
findfont: score(<Font 'Source Serif Pro' (SourceSerifPro-Bold.otf) normal normal 700 normal>) = 10.335
findfont: score(<Font 'IPAPGothic' (ipagp.ttf) normal normal 400 normal>) = 10.05
findfont: score(<Font 'Noto Sans' (NotoSans-SemiCondensedSemiBold.ttf) normal normal 600 condensed>) = 10.44
findfont: score(<Font 'AR PL UMing CN' (uming.ttc) normal normal 300 normal>) = 10.145
findfont: score(<Font 'TeX Gyre Bonum' (texgyrebonum-bolditalic.otf) italic normal 700 normal>) = 11.335
findfont: score(<Font 'Linux Biolinum O ' (LinBiolinum_RBO.otf) oblique normal 700 normal>) = 11.335
findfont: score(<Font 'URW Gothic L' (URWGothicL-Demi.ttf) normal normal 600 normal>) = 10.24
findfont: score(<Font 'Noto Sans' (NotoSans-CondensedItalic.ttf) italic normal 400 condensed>) = 11.25
findfont: score(<Font 'Source Sans Pro' (SourceSansPro-Semibold.otf) normal normal 600 normal>) = 10.24
findfont: score(<Font 'Serto Jerusalem' (SyrCOMJerusalem.otf) normal normal 400 normal>) = 10.05
findfont: score(<Font 'Open Sans' (OpenSans-ExtraBold.ttf) normal normal 800 normal>) = 10.43
findfont: score(<Font 'Noto Sans' (NotoSans-Italic.ttf) italic normal 400 normal>) = 11.05
findfont: score(<Font 'URW Palladio L' (URWPalladioL-Bold.ttf) normal normal 700 normal>) = 10.335
findfont: score(<Font 'Noto Sans' (NotoSans-CondensedLightItalic.ttf) italic normal 300 condensed>) = 11.344999999999999
findfont: score(<Font 'DejaVu Serif' (DejaVuSerifCondensed-BoldItalic.ttf) italic normal 700 condensed>) = 11.535
findfont: score(<Font 'Poppins' (Poppins-ExtraBoldItalic.ttf) italic normal 800 normal>) = 11.43
findfont: score(<Font 'Latin Modern Mono Caps' (lmmonocaps10-oblique.otf) oblique normal 400 normal>) = 11.05
findfont: score(<Font 'UnPilgi' (UnPilgi.ttf) normal normal 400 normal>) = 10.05
findfont: score(<Font 'URW Palladio L' (URWPalladioL-Ital.ttf) italic normal 400 normal>) = 11.05
findfont: score(<Font 'Goha-Tibeb Zemen' (GohaTibebZemen.otf) normal normal 500 normal>) = 10.145
findfont: score(<Font 'Noto Sans' (NotoSans-ExtraBold.ttf) normal normal 800 normal>) = 10.43
findfont: score(<Font 'Latin Modern Roman Slanted' (lmromanslant10-bold.otf) normal normal 700 normal>) = 10.335
findfont: score(<Font 'DANTE' (DANTE-Bold.otf) normal normal 400 normal>) = 10.05
findfont: score(<Font 'TeX Gyre Termes' (texgyretermes-italic.otf) italic normal 400 normal>) = 11.05
findfont: score(<Font 'Latin Modern Sans' (lmsans8-oblique.otf) oblique normal 400 normal>) = 11.05
findfont: score(<Font 'TeX Gyre PagellaX' (TeXGyrePagellaX-Italic.otf) italic normal 400 normal>) = 11.05
findfont: score(<Font 'TeX Gyre Schola' (texgyreschola-bold.otf) normal normal 700 normal>) = 10.335
findfont: score(<Font 'Nimbus Roman No9 L' (NimbusRomNo9L-Regu.ttf) normal normal 400 normal>) = 10.05
findfont: score(<Font 'Latin Modern Roman' (lmroman6-regular.otf) normal normal 400 normal>) = 10.05
findfont: score(<Font 'Droid Serif' (DroidSerif-Regular.ttf) normal normal 400 normal>) = 10.05
findfont: score(<Font 'Source Sans Pro' (SourceSansPro-ExtraLightIt.ttf) italic normal 200 normal>) = 11.24
findfont: score(<Font 'Roboto' (Roboto-BlackItalic.ttf) italic normal 900 normal>) = 11.525
findfont: score(<Font 'Nimbus Mono L' (NimbusMonL-Regu.ttf) normal normal 400 normal>) = 10.05
findfont: score(<Font 'Roboto Slab' (RobotoSlab-Thin.ttf) normal normal 250 normal>) = 10.1925
findfont: score(<Font 'TeX Gyre PagellaX' (TeXGyrePagellaX-Regular.otf) normal normal 400 normal>) = 10.05
findfont: score(<Font 'Roboto Condensed' (RobotoCondensed-BoldItalic.ttf) italic normal 700 condensed>) = 11.535
findfont: score(<Font 'Latin Modern Mono' (lmmono8-regular.otf) normal normal 400 normal>) = 10.05
findfont: score(<Font 'Liberation Sans Narrow' (LiberationSansNarrow-BoldItalic.ttf) italic normal 700 condensed>) = 11.535
findfont: score(<Font 'Century Schoolbook L' (CenturySchL-Ital.ttf) italic normal 400 normal>) = 11.05
findfont: score(<Font 'TeX Gyre Pagella' (texgyrepagella-italic.otf) italic normal 400 normal>) = 11.05
findfont: score(<Font 'Poppins' (Poppins-MediumItalic.ttf) italic normal 500 normal>) = 11.145
findfont: score(<Font 'PT Serif' (PTF56F.ttf) italic normal 400 normal>) = 11.05
findfont: score(<Font 'Latin Modern Roman' (lmroman12-bold.otf) normal normal 700 normal>) = 10.335
findfont: score(<Font 'Open Sans' (OpenSans-BoldItalic.ttf) italic normal 700 normal>) = 11.335
findfont: score(<Font 'Noto Sans' (NotoSans-SemiCondensedSemiBoldItalic.ttf) italic normal 600 condensed>) = 11.44
findfont: score(<Font 'DejaVu Sans Mono' (DejaVuSansMono-BoldOblique.ttf) oblique normal 700 normal>) = 11.335
findfont: score(<Font 'Noto Sans' (NotoSans-CondensedExtraLight.ttf) normal normal 200 condensed>) = 10.44
findfont: score(<Font 'FreeSerif' (FreeSerifBoldItalic.ttf) italic normal 700 normal>) = 11.335
findfont: score(<Font 'TeX Gyre Schola' (texgyreschola-regular.otf) normal normal 400 normal>) = 10.05
findfont: score(<Font 'Utopia' (Utopia-BoldItalic.ttf) italic normal 700 normal>) = 11.335
findfont: score(<Font 'Nimbus Sans L' (NimbusSanL-ReguCond.ttf) normal normal 400 condensed>) = 10.25
findfont: score(<Font 'Noto Sans' (NotoSans-ExtraLight.ttf) normal normal 200 normal>) = 10.24
findfont: score(<Font 'Linux Libertine Initials O' (LinLibertine_I.otf) normal normal 400 normal>) = 10.05
findfont: score(<Font 'Menaion Unicode TT' (MenaionUnicode.ttf) normal normal 400 normal>) = 10.05
findfont: score(<Font 'Roboto Condensed' (RobotoCondensed-Italic.ttf) italic normal 400 condensed>) = 11.25
findfont: score(<Font 'Noto Sans' (NotoSans-CondensedLight.ttf) normal normal 300 condensed>) = 10.344999999999999
findfont: score(<Font 'Source Sans Pro' (SourceSansPro-Regular.ttf) normal normal 400 normal>) = 10.05
findfont: score(<Font 'Droid Sans Tamil' (DroidSansTamil-Regular.ttf) normal normal 400 normal>) = 10.05
findfont: score(<Font 'Roboto' (Roboto-LightItalic.ttf) italic normal 300 normal>) = 11.145
findfont: score(<Font 'Serto Batnan' (SyrCOMBatnan.otf) normal normal 400 normal>) = 10.05
findfont: score(<Font 'Latin Modern Mono Slanted' (lmmonoslant10-regular.otf) normal normal 400 normal>) = 10.05
findfont: score(<Font 'Source Code Pro' (SourceCodePro-Light.otf) normal normal 300 normal>) = 10.145
findfont: score(<Font 'PT Serif' (PTF76F.ttf) italic normal 700 normal>) = 11.335
findfont: score(<Font 'Droid Serif' (DroidSerif-Bold.ttf) normal normal 700 normal>) = 10.335
findfont: score(<Font 'Khmer OS Fasthand' (KhmerOS_fasthand.ttf) normal normal 400 normal>) = 10.05
findfont: score(<Font 'Latin Modern Roman' (lmroman10-bold.otf) normal normal 700 normal>) = 10.335
findfont: score(<Font 'Source Serif Pro' (SourceSerifPro-ExtraLight.otf) normal normal 200 normal>) = 10.24
findfont: score(<Font 'Dingbats' (Dingbats.ttf) normal normal 400 normal>) = 10.05
findfont: score(<Font 'Indiction Unicode' (IndictionUnicode.otf) normal normal 500 normal>) = 10.145
findfont: score(<Font 'Noto Sans' (NotoSans-ExtraCondensedBlack.ttf) normal normal 900 condensed>) = 10.725
findfont: score(<Font 'Noto Sans KR' (NotoSansKR-Bold.otf) normal normal 700 normal>) = 10.335
findfont: score(<Font 'Droid Sans Japanese' (DroidSansJapanese.ttf) normal normal 400 normal>) = 10.05
findfont: score(<Font 'Open Sans' (OpenSans-CondLightItalic.ttf) italic normal 300 condensed>) = 11.344999999999999
findfont: score(<Font 'Serto Urhoy' (SyrCOMUrhoyBold.otf) normal normal 700 normal>) = 10.335
findfont: score(<Font 'Bitstream Charter' (CharterBT-Roman.ttf) normal normal 400 normal>) = 10.05
findfont: score(<Font 'Noto Sans' (NotoSans-CondensedThinItalic.ttf) italic normal 100 condensed>) = 11.535
findfont: score(<Font 'Nimbus Mono L' (NimbusMonL-BoldObli.ttf) oblique normal 700 normal>) = 11.335
findfont: score(<Font 'Trebuchet MS' (trebucbi.ttf) italic normal 700 normal>) = 11.335
findfont: score(<Font 'DejaVu Serif' (DejaVuSerif-Bold.ttf) normal normal 700 normal>) = 10.335
findfont: score(<Font 'Carlito' (Carlito-Italic.ttf) italic normal 400 normal>) = 11.05
findfont: score(<Font 'Luxi Sans' (luxisbi.ttf) oblique normal 700 normal>) = 11.335
findfont: score(<Font 'Latin Modern Mono Prop' (lmmonoprop10-oblique.otf) oblique normal 400 normal>) = 11.05
findfont: score(<Font 'Estrangelo Quenneshrin' (SyrCOMQenNeshrin.otf) normal normal 400 normal>) = 10.05
findfont: score(<Font 'Droid Serif' (DroidSerif-BoldItalic.ttf) italic normal 700 normal>) = 11.335
findfont: score(<Font 'Bitstream Charter' (CharterBT-Bold.ttf) normal normal 700 normal>) = 10.335
findfont: score(<Font 'Latin Modern Roman Slanted' (lmromanslant17-regular.otf) normal normal 400 normal>) = 10.05
findfont: score(<Font 'Droid Sans Ethiopic' (DroidSansEthiopic-Regular.ttf) normal normal 400 normal>) = 10.05
findfont: score(<Font 'Khmer OS Muol' (KhmerOS_muol.ttf) normal normal 400 normal>) = 10.05
findfont: score(<Font 'Latin Modern Mono Prop' (lmmonoprop10-regular.otf) normal normal 400 normal>) = 10.05
findfont: score(<Font 'Source Sans Pro' (SourceSansPro-It.ttf) italic normal 400 normal>) = 11.05
findfont: score(<Font 'DejaVu Sans' (DejaVuSansCondensed.ttf) normal normal 400 condensed>) = 0.25
findfont: score(<Font 'DejaVu Sans Mono' (DejaVuSansMono.ttf) normal normal 400 normal>) = 10.05
findfont: score(<Font 'DejaVu Sans' (DejaVuSans-Oblique.ttf) oblique normal 400 normal>) = 1.05
findfont: score(<Font 'Open Sans' (OpenSans-BoldItalic.ttf) italic normal 700 normal>) = 11.335
findfont: score(<Font 'Source Sans Pro' (SourceSansPro-Light.ttf) normal normal 300 normal>) = 10.145
findfont: score(<Font 'Noto Sans' (NotoSans-ExtraCondensedLightItalic.ttf) italic normal 300 condensed>) = 11.344999999999999
findfont: score(<Font 'Noto Sans' (NotoSans-CondensedMedium.ttf) normal normal 500 condensed>) = 10.344999999999999
findfont: score(<Font 'Roboto' (Roboto-ThinItalic.ttf) italic normal 250 normal>) = 11.1925
findfont: score(<Font 'Bitstream Vera Sans' (Vera.ttf) normal normal 400 normal>) = 0.9590909090909092
findfont: score(<Font 'Noto Sans' (NotoSans-CondensedSemiBold.ttf) normal normal 600 condensed>) = 10.44
findfont: score(<Font 'TeX Gyre PagellaX' (TeXGyrePagellaX-Bold.otf) normal normal 700 normal>) = 10.335
findfont: score(<Font 'Noto Sans' (NotoSans-CondensedSemiBoldItalic.ttf) italic normal 600 condensed>) = 11.44
findfont: score(<Font 'Charis SIL' (CharisSIL-R.ttf) normal normal 400 normal>) = 10.05
findfont: score(<Font 'Linux Biolinum Keyboard O' (LinBiolinum_K.otf) normal normal 700 normal>) = 10.335
findfont: score(<Font 'Latin Modern Roman' (lmroman5-bold.otf) normal normal 700 normal>) = 10.335
findfont: score(<Font 'DejaVu Sans Mono' (DejaVuSansMono-Bold.ttf) normal normal 700 normal>) = 10.335
findfont: score(<Font 'Luxi Sans' (luxisr.ttf) normal normal 400 normal>) = 10.05
findfont: score(<Font 'Latin Modern Mono Light' (lmmonolt10-regular.otf) normal normal 400 normal>) = 10.05
findfont: score(<Font 'Source Code Pro' (SourceCodePro-SemiboldIt.otf) italic normal 600 normal>) = 11.24
findfont: score(<Font 'Linux Libertine O' (LinLibertine_RB.otf) normal normal 700 normal>) = 10.335
findfont: score(<Font 'Roboto Condensed' (RobotoCondensed-Regular.ttf) normal normal 400 condensed>) = 10.25
findfont: score(<Font 'MnSymbol' (MnSymbol10.otf) normal normal 400 normal>) = 10.05
findfont: score(<Font 'Latin Modern Roman' (lmroman8-italic.otf) italic normal 400 normal>) = 11.05
findfont: score(<Font 'Bangwool' (Bangwool.ttf) normal normal 500 normal>) = 10.145
findfont: score(<Font 'Nimbus Sans L' (NimbusSanL-ReguCondItal.ttf) italic normal 400 condensed>) = 11.25
findfont: score(<Font 'Cantarell' (Cantarell-ExtraBold.otf) normal normal 800 normal>) = 10.43
findfont: score(<Font 'DejaVu Sans' (DejaVuSansCondensed-Bold.ttf) normal normal 700 condensed>) = 0.5349999999999999
findfont: score(<Font 'Source Code Pro' (SourceCodePro-MediumIt.otf) italic normal 500 normal>) = 11.145
findfont: score(<Font 'DejaVu Serif' (DejaVuSerifCondensed.ttf) normal normal 400 condensed>) = 10.25
findfont: score(<Font 'Source Sans Pro' (SourceSansPro-BoldIt.otf) italic normal 700 normal>) = 11.335
findfont: score(<Font 'MnSymbol' (MnSymbol5.otf) normal normal 400 normal>) = 10.05
findfont: score(<Font 'Latin Modern Roman Caps' (lmromancaps10-oblique.otf) oblique normal 400 normal>) = 11.05
findfont: score(<Font 'MathJax_Script' (MathJax_Script-Regular.otf) normal normal 400 normal>) = 10.05
findfont: score(<Font 'UnYetgul' (UnYetgul.ttf) normal normal 700 normal>) = 10.335
findfont: score(<Font 'Anonymous Pro' (AnonymousPro-Bold.ttf) normal normal 700 normal>) = 10.335
findfont: score(<Font 'DejaVu Sans Mono' (DejaVuSansMono-Bold.ttf) normal normal 700 normal>) = 10.335
findfont: score(<Font 'Latin Modern Mono' (lmmono12-regular.otf) normal normal 400 normal>) = 10.05
findfont: score(<Font 'UnBatang' (UnBatangBold.ttf) normal normal 700 normal>) = 10.335
findfont: score(<Font 'Liberation Mono' (LiberationMono-Bold.ttf) normal normal 700 normal>) = 10.335
findfont: score(<Font 'TeX Gyre Bonum' (texgyrebonum-regular.otf) normal normal 400 normal>) = 10.05
findfont: score(<Font 'Comic Sans MS' (comic.ttf) normal normal 400 normal>) = 10.05
findfont: score(<Font 'Noto Sans' (NotoSans-SemiBold.ttf) normal normal 600 normal>) = 10.24
findfont: score(<Font 'Noto Sans' (NotoSans-CondensedBlack.ttf) normal normal 900 condensed>) = 10.725
findfont: score(<Font 'Estrangelo Nisibin' (SyrCOMNisibin.otf) normal normal 400 normal>) = 10.05
findfont: score(<Font 'MnSymbol' (MnSymbol-Bold10.otf) normal normal 700 normal>) = 10.335
findfont: score(<Font 'Noto Sans SC' (NotoSansSC-Bold.otf) normal normal 700 normal>) = 10.335
findfont: score(<Font 'Hack' (Hack-Regular.ttf) normal normal 400 normal>) = 10.05
findfont: score(<Font 'Latin Modern Roman' (lmroman10-regular.otf) normal normal 400 normal>) = 10.05
findfont: score(<Font 'Hack' (Hack-BoldItalic.ttf) italic normal 700 normal>) = 11.335
findfont: score(<Font 'Poppins' (Poppins-ExtraLightItalic.ttf) italic normal 275 normal>) = 11.16875
findfont: score(<Font 'Khmer OS System' (KhmerOS_sys.ttf) normal normal 400 normal>) = 10.05
findfont: score(<Font 'Noto Sans' (NotoSans-CondensedBold.ttf) normal normal 700 condensed>) = 10.535
findfont: score(<Font 'URW Bookman L' (URWBookmanL-Ligh.ttf) normal normal 500 normal>) = 10.145
findfont: score(<Font 'Open Sans' (OpenSans-Bold.ttf) normal normal 700 normal>) = 10.335
findfont: score(<Font 'Georgia' (georgiaz.ttf) italic normal 700 normal>) = 11.335
findfont: score(<Font 'Roboto' (Roboto-Thin.ttf) normal normal 250 normal>) = 10.1925
findfont: score(<Font 'UnDotum' (UnDotumBold.ttf) normal normal 700 normal>) = 10.335
findfont: score(<Font 'Bitstream Charter' (CharterBT-BoldItalic.ttf) italic normal 700 normal>) = 11.335
findfont: score(<Font 'Standard Symbols L' (StandardSymL.ttf) normal normal 400 normal>) = 10.05
findfont: score(<Font 'PT Serif Caption' (PTZ56F.ttf) italic normal 400 normal>) = 11.05
findfont: score(<Font 'Latin Modern Sans' (lmsans17-regular.otf) normal normal 400 normal>) = 10.05
findfont: score(<Font 'TeX Gyre Bonum' (texgyrebonum-bold.otf) normal normal 700 normal>) = 10.335
findfont: score(<Font 'Noto Sans' (NotoSans-Regular.ttf) normal normal 400 normal>) = 10.05
findfont: score(<Font 'Latin Modern Roman Unslanted' (lmromanunsl10-regular.otf) normal normal 400 normal>) = 10.05
findfont: score(<Font 'Luxi Serif' (luxirr.ttf) normal normal 400 normal>) = 10.05
findfont: score(<Font 'URW Palladio L' (URWPalladioL-Roma.ttf) normal normal 400 normal>) = 10.05
findfont: score(<Font 'Noto Sans' (NotoSans-CondensedMediumItalic.ttf) italic normal 500 condensed>) = 11.344999999999999
findfont: score(<Font 'FontAwesome' (FontAwesome.otf) normal normal 400 normal>) = 10.05
findfont: score(<Font 'Caladea' (Caladea-Bold.ttf) normal normal 700 normal>) = 10.335
findfont: score(<Font 'Droid Sans' (DroidSans.ttf) normal normal 400 normal>) = 10.05
findfont: score(<Font 'TeX Gyre Bonum Math' (texgyrebonum-math.otf) normal normal 400 normal>) = 10.05
findfont: score(<Font 'Khmer OS' (KhmerOS.ttf) normal normal 400 normal>) = 10.05
findfont: score(<Font 'Source Sans Pro' (SourceSansPro-ExtraLightIt.otf) italic normal 200 normal>) = 11.24
findfont: score(<Font 'Bitstream Vera Sans Mono' (VeraMoBI.ttf) oblique normal 700 normal>) = 11.335
findfont: score(<Font 'Noto Sans' (NotoSans-ExtraCondensedSemiBold.ttf) normal normal 600 condensed>) = 10.44
findfont: score(<Font 'Source Code Pro' (SourceCodePro-Medium.otf) normal normal 500 normal>) = 10.145
findfont: score(<Font 'Source Code Pro' (SourceCodePro-Light.otf) normal normal 300 normal>) = 10.145
findfont: score(<Font 'Trebuchet MS' (trebuc.ttf) normal normal 400 normal>) = 10.05
findfont: score(<Font 'FreeSerif' (FreeSerifItalic.ttf) italic normal 400 normal>) = 11.05
findfont: score(<Font 'Noto Sans JP' (NotoSansJP-Regular.otf) normal normal 400 normal>) = 10.05
findfont: score(<Font 'Trebuchet MS' (trebucbd.ttf) normal normal 700 normal>) = 10.335
findfont: score(<Font 'Estrangelo Talada' (SyrCOMTalada.otf) normal normal 400 normal>) = 10.05
findfont: score(<Font 'Source Code Pro' (SourceCodePro-LightIt.otf) italic normal 300 normal>) = 11.145
findfont: score(<Font 'Bitstream Vera Sans Mono' (VeraMono.ttf) normal normal 400 normal>) = 10.05
findfont: score(<Font 'Poppins' (Poppins-SemiBold.ttf) normal normal 600 normal>) = 10.24
findfont: score(<Font 'Open Sans' (OpenSans-Italic.ttf) italic normal 400 normal>) = 11.05
findfont: score(<Font 'Latin Modern Roman' (lmroman8-bold.otf) normal normal 700 normal>) = 10.335
findfont: score(<Font 'Roboto' (Roboto-BoldItalic.ttf) italic normal 700 normal>) = 11.335
findfont: score(<Font 'MathJax_Fraktur' (MathJax_Fraktur-Bold.otf) normal normal 700 normal>) = 10.335
findfont: score(<Font 'Caladea' (Caladea-Regular.ttf) normal normal 400 normal>) = 10.05
findfont: score(<Font 'UnPen' (UnPen.ttf) normal normal 400 normal>) = 10.05
findfont: score(<Font 'Noto Sans' (NotoSans-Light.ttf) normal normal 300 normal>) = 10.145
findfont: score(<Font 'Liberation Mono' (LiberationMono-Italic.ttf) italic normal 400 normal>) = 11.05
findfont: score(<Font 'Liberation Serif' (LiberationSerif-Regular.ttf) normal normal 400 normal>) = 10.05
findfont: score(<Font 'Luxi Sans' (luxisb.ttf) normal normal 700 normal>) = 10.335
findfont: score(<Font 'MnSymbol' (MnSymbol-Bold12.otf) normal normal 700 normal>) = 10.335
findfont: score(<Font 'MathJax_Main' (MathJax_Main-Regular.otf) normal normal 400 normal>) = 10.05
findfont: score(<Font 'Impact' (impact.ttf) normal normal 400 normal>) = 10.05
findfont: score(<Font 'PT Sans' (PTS75F.ttf) normal normal 700 normal>) = 10.335
findfont: score(<Font 'Source Code Pro' (SourceCodePro-BoldIt.otf) italic normal 700 normal>) = 11.335
findfont: score(<Font 'FreeMono' (FreeMonoBoldOblique.ttf) oblique normal 700 normal>) = 11.335
findfont: score(<Font 'Liberation Serif' (LiberationSerif-Bold.ttf) normal normal 700 normal>) = 10.335
findfont: score(<Font 'Padauk Book' (PadaukBook-Regular.ttf) normal normal 400 normal>) = 10.05
findfont: score(<Font 'Noto Sans' (NotoSans-Condensed.ttf) normal normal 400 condensed>) = 10.25
findfont: score(<Font 'Latin Modern Roman' (lmroman9-regular.otf) normal normal 400 normal>) = 10.05
findfont: score(<Font 'Latin Modern Roman' (lmroman9-italic.otf) italic normal 400 normal>) = 11.05
findfont: score(<Font 'Luxi Serif' (luxirbi.ttf) oblique normal 700 normal>) = 11.335
findfont: score(<Font 'Latin Modern Sans' (lmsans17-oblique.otf) oblique normal 400 normal>) = 11.05
findfont: score(<Font 'Latin Modern Mono Prop Light' (lmmonoproplt10-regular.otf) normal normal 400 normal>) = 10.05
findfont: score(<Font 'Latin Modern Roman' (lmroman10-bolditalic.otf) italic normal 700 normal>) = 11.335
findfont: score(<Font 'Latin Modern Mono Light' (lmmonolt10-bold.otf) normal normal 700 normal>) = 10.335
findfont: score(<Font 'Noto Sans' (NotoSans-ExtraCondensedThin.ttf) normal normal 100 condensed>) = 10.535
findfont: score(<Font 'Courier 10 Pitch' (Courier10PitchBT-Bold.ttf) normal normal 700 normal>) = 10.335
findfont: score(<Font 'Arial' (arialbi.ttf) italic normal 700 normal>) = 7.698636363636363
findfont: score(<Font 'Sazanami Mincho' (sazanami-mincho.ttf) normal normal 500 normal>) = 10.145
findfont: score(<Font 'Carlito' (Carlito-Bold.ttf) normal normal 700 normal>) = 10.335
findfont: score(<Font 'Luxi Sans' (luxisri.ttf) oblique normal 400 normal>) = 11.05
findfont: score(<Font 'DejaVu Sans' (DejaVuSans-Bold.ttf) normal normal 700 normal>) = 0.33499999999999996
findfont: score(<Font 'Source Sans Pro' (SourceSansPro-Bold.ttf) normal normal 700 normal>) = 10.335
findfont: score(<Font 'Poppins' (Poppins-Black.ttf) normal normal 900 normal>) = 10.525
findfont: score(<Font 'DejaVu Sans Mono' (DejaVuSansMono-Oblique.ttf) oblique normal 400 normal>) = 11.05
findfont: score(<Font 'Noto Sans' (NotoSans-SemiCondensedExtraLight.ttf) normal normal 200 condensed>) = 10.44
findfont: score(<Font 'Latin Modern Roman Slanted' (lmromanslant10-regular.otf) normal normal 400 normal>) = 10.05
findfont: score(<Font 'Roboto' (Roboto-Black.ttf) normal normal 900 normal>) = 10.525
findfont: score(<Font 'Source Serif Pro' (SourceSerifPro-ExtraLight.ttf) normal normal 200 normal>) = 10.24
findfont: score(<Font 'Open Sans' (OpenSans-Regular.ttf) normal normal 400 normal>) = 10.05
findfont: score(<Font 'Source Sans Pro' (SourceSansPro-BoldIt.ttf) italic normal 700 normal>) = 11.335
findfont: score(<Font 'Source Code Pro' (SourceCodePro-MediumIt.otf) italic normal 500 normal>) = 11.145
findfont: score(<Font 'DejaVu Serif' (DejaVuSerif-Bold.ttf) normal normal 700 normal>) = 10.335
findfont: score(<Font 'FreeSans' (FreeSans.ttf) normal normal 400 normal>) = 10.05
findfont: score(<Font 'DejaVu Serif' (DejaVuSerifCondensed-Bold.ttf) normal normal 700 condensed>) = 10.535
findfont: score(<Font 'TeX Gyre Cursor' (texgyrecursor-bold.otf) normal normal 700 normal>) = 10.335
findfont: score(<Font 'Indiction Unicode TT' (IndictionUnicode.ttf) normal normal 500 normal>) = 10.145
findfont: score(<Font 'Latin Modern Mono Light Cond' (lmmonoltcond10-regular.otf) normal normal 400 condensed>) = 10.25
findfont: score(<Font 'Latin Modern Roman' (lmroman12-regular.otf) normal normal 400 normal>) = 10.05
findfont: score(<Font 'URW Bookman L' (URWBookmanL-DemiBoldItal.ttf) italic normal 600 normal>) = 11.24
findfont: score(<Font 'Serto Kharput' (SyrCOMKharput.otf) normal normal 400 normal>) = 10.05
findfont: score(<Font 'PT Sans Narrow' (PTN57F.ttf) normal normal 400 condensed>) = 10.25
findfont: score(<Font 'Verdana' (verdanab.ttf) normal normal 700 normal>) = 3.9713636363636367
findfont: score(<Font 'TeX Gyre Termes' (texgyretermes-bold.otf) normal normal 700 normal>) = 10.335
findfont: score(<Font 'Anonymous Pro' (AnonymousPro-BoldItalic.ttf) italic normal 700 normal>) = 11.335
findfont: score(<Font 'Noto Sans' (NotoSans-ExtraCondensed.ttf) normal normal 400 condensed>) = 10.25
findfont: score(<Font 'Open Sans' (OpenSans-Italic.ttf) italic normal 400 normal>) = 11.05
findfont: score(<Font 'Droid Sans Fallback' (DroidSansFallbackFull.ttf) normal normal 400 normal>) = 10.05
findfont: score(<Font 'MnSymbol' (MnSymbol-Bold7.otf) normal normal 700 normal>) = 10.335
findfont: score(<Font 'DejaVu Sans' (DejaVuSans-ExtraLight.ttf) normal normal 200 normal>) = 0.24
findfont: score(<Font 'DejaVu Serif' (DejaVuSerifCondensed-BoldItalic.ttf) italic normal 700 condensed>) = 11.535
findfont: score(<Font 'Latin Modern Roman' (lmroman8-regular.otf) normal normal 400 normal>) = 10.05
findfont: score(<Font 'Charis SIL' (CharisSIL-I.ttf) italic normal 400 normal>) = 11.05
findfont: score(<Font 'Baekmuk Dotum' (dotum.ttf) normal normal 400 normal>) = 10.05
findfont: score(<Font 'Khmer OS Content' (KhmerOS_content.ttf) normal normal 400 normal>) = 10.05
findfont: score(<Font 'MathJax_Size2' (MathJax_Size2-Regular.otf) normal normal 400 normal>) = 10.05
findfont: score(<Font 'UnBom' (UnBom.ttf) normal normal 700 normal>) = 10.335
findfont: score(<Font 'Nimbus Roman No9 L' (NimbusRomNo9L-ReguItal.ttf) italic normal 400 normal>) = 11.05
findfont: score(<Font 'URW Bookman L' (URWBookmanL-LighItal.ttf) italic normal 400 normal>) = 11.05
findfont: score(<Font 'Bitstream Vera Serif' (VeraSe.ttf) normal normal 400 normal>) = 10.05
findfont: score(<Font 'Century Schoolbook L' (CenturySchL-Bold.ttf) normal normal 700 normal>) = 10.335
findfont: score(<Font 'Luxi Serif' (luxirri.ttf) oblique normal 400 normal>) = 11.05
findfont: score(<Font 'Source Code Pro' (SourceCodePro-Regular.otf) normal normal 400 normal>) = 10.05
findfont: score(<Font 'UnPilgia' (UnPilgia.ttf) normal normal 400 normal>) = 10.05
findfont: score(<Font 'Source Serif Pro' (SourceSerifPro-Semibold.otf) normal normal 600 normal>) = 10.24
findfont: score(<Font 'Bitstream Vera Sans Mono' (VeraMoBd.ttf) normal normal 700 normal>) = 10.335
findfont: score(<Font 'Latin Modern Sans' (lmsans10-oblique.otf) oblique normal 400 normal>) = 11.05
findfont: score(<Font 'Source Sans Pro' (SourceSansPro-SemiboldIt.otf) italic normal 600 normal>) = 11.24
findfont: score(<Font 'Serto Mardin' (SyrCOMMardinBold.otf) normal normal 700 normal>) = 10.335
findfont: score(<Font 'PT Sans' (PTS55F.ttf) normal normal 400 normal>) = 10.05
findfont: score(<Font 'UnShinmun' (UnShinmun.ttf) normal normal 400 normal>) = 10.05
findfont: score(<Font 'URW Chancery L' (URWChanceryL-MediItal.ttf) italic normal 500 normal>) = 11.145
findfont: score(<Font 'Sazanami Gothic' (sazanami-gothic.ttf) normal normal 500 normal>) = 10.145
findfont: score(<Font 'Latin Modern Roman' (lmroman5-regular.otf) normal normal 400 normal>) = 10.05
findfont: score(<Font 'Noto Sans' (NotoSans-SemiCondensed.ttf) normal normal 400 condensed>) = 10.25
findfont: score(<Font 'Source Serif Pro' (SourceSerifPro-Semibold.ttf) normal normal 600 normal>) = 10.24
findfont: score(<Font 'UnJamoSora' (UnJamoSora.ttf) normal normal 400 normal>) = 10.05
findfont: score(<Font 'TeX Gyre Heros Cn' (texgyreheroscn-bolditalic.otf) italic normal 700 normal>) = 11.335
findfont: score(<Font 'PT Sans Caption' (PTC55F.ttf) normal normal 400 normal>) = 10.05
findfont: score(<Font 'Century Schoolbook L' (CenturySchL-Roma.ttf) normal normal 400 normal>) = 10.05
findfont: score(<Font 'Nimbus Sans L' (NimbusSanL-Bold.ttf) normal normal 700 normal>) = 10.335
findfont: score(<Font 'Open Sans' (OpenSans-Semibold.ttf) normal normal 600 normal>) = 10.24
findfont: score(<Font 'Droid Arabic Naskh' (DroidNaskh-Regular.ttf) normal normal 400 normal>) = 10.05
findfont: score(<Font 'Khmer OS Muol Light' (KhmerOS_muollight.ttf) normal normal 400 normal>) = 10.05
findfont: score(<Font 'Ponomar Unicode TT' (PonomarUnicode.ttf) normal normal 400 normal>) = 10.05
findfont: score(<Font 'Droid Sans Tamil' (DroidSansTamil-Bold.ttf) normal normal 700 normal>) = 10.335
findfont: score(<Font 'Latin Modern Sans' (lmsans8-regular.otf) normal normal 400 normal>) = 10.05
findfont: score(<Font 'Roboto Slab' (RobotoSlab-Bold.ttf) normal normal 700 normal>) = 10.335
findfont: score(<Font 'Open Sans Condensed' (OpenSans-CondBold.ttf) normal normal 700 condensed>) = 10.535
findfont: score(<Font 'Heuristica' (Heuristica-Italic.otf) italic normal 400 normal>) = 11.05
findfont: score(<Font 'DejaVu Serif' (DejaVuSerif.ttf) normal normal 400 normal>) = 10.05
findfont: score(<Font 'Cantarell' (Cantarell-Bold.otf) normal normal 700 normal>) = 10.335
findfont: score(<Font 'DejaVu Sans' (DejaVuSansCondensed-Oblique.ttf) oblique normal 400 condensed>) = 1.25
findfont: score(<Font 'Open Sans' (OpenSans-ExtraBoldItalic.ttf) italic normal 800 normal>) = 11.43
findfont: score(<Font 'UnDinaru' (UnDinaruLight.ttf) normal normal 300 normal>) = 10.145
findfont: score(<Font 'Latin Modern Sans' (lmsans9-regular.otf) normal normal 400 normal>) = 10.05
findfont: score(<Font 'Charis SIL' (CharisSIL-BI.ttf) italic normal 700 normal>) = 11.335
findfont: score(<Font 'Poppins' (Poppins-Bold.ttf) normal normal 700 normal>) = 10.335
findfont: score(<Font 'TeX Gyre TermesX' (TeXGyreTermesX-Italic.otf) italic normal 400 normal>) = 11.05
findfont: score(<Font 'Noto Sans' (NotoSans-SemiCondensedBlack.ttf) normal normal 900 condensed>) = 10.725
findfont: score(<Font 'Latin Modern Roman' (lmroman10-italic.otf) italic normal 400 normal>) = 11.05
findfont: score(<Font 'Source Code Pro' (SourceCodePro-Bold.otf) normal normal 700 normal>) = 10.335
findfont: score(<Font 'DejaVu Sans' (DejaVuSans-Bold.ttf) normal normal 700 normal>) = 0.33499999999999996
findfont: score(<Font 'TeX Gyre Heros' (texgyreheros-bold.otf) normal normal 700 normal>) = 10.335
findfont: score(<Font 'PT Serif Caption' (PTZ55F.ttf) normal normal 400 normal>) = 10.05
findfont: score(<Font 'Liberation Sans' (LiberationSans-Italic.ttf) italic normal 400 normal>) = 11.05
findfont: score(<Font 'Hack' (Hack-Bold.ttf) normal normal 700 normal>) = 10.335
findfont: score(<Font 'Linux Biolinum O' (LinBiolinum_RI.otf) italic normal 400 normal>) = 11.05
findfont: score(<Font 'TeX Gyre Heros' (texgyreheros-regular.otf) normal normal 400 normal>) = 10.05
findfont: score(<Font 'TomsCallout' (TomsCallouts.ttf) normal normal 400 normal>) = 10.05
findfont: score(<Font 'Latin Modern Mono Prop Light' (lmmonoproplt10-oblique.otf) oblique normal 400 normal>) = 11.05
findfont: score(<Font 'Noto Sans' (NotoSans-SemiBoldItalic.ttf) italic normal 600 normal>) = 11.24
findfont: score(<Font 'Open Sans' (OpenSans-CondLight.ttf) normal normal 300 condensed>) = 10.344999999999999
findfont: score(<Font 'Arial Black' (ariblk.ttf) normal normal 400 normal>) = 10.05
findfont: score(<Font 'Times New Roman' (timesbd.ttf) normal normal 700 normal>) = 10.335
findfont: score(<Font 'Source Code Pro' (SourceCodePro-ExtraLightIt.otf) italic normal 200 normal>) = 11.24
findfont: score(<Font 'Serto Jerusalem Outline' (SyrCOMJerusalemOutline.otf) normal normal 400 normal>) = 10.05
findfont: score(<Font 'Open Sans' (OpenSans-LightItalic.ttf) italic normal 300 normal>) = 11.145
findfont: score(<Font 'Open Sans' (OpenSans-Bold.ttf) normal normal 700 normal>) = 10.335
findfont: score(<Font 'Khmer OS Bokor' (KhmerOS_bokor.ttf) normal normal 400 normal>) = 10.05
findfont: score(<Font 'Noto Sans' (NotoSans-ExtraCondensedExtraLight.ttf) normal normal 200 condensed>) = 10.44
findfont: score(<Font 'Baekmuk Batang' (batang.ttf) normal normal 400 normal>) = 10.05
findfont: score(<Font 'DejaVu Sans' (DejaVuSansCondensed-BoldOblique.ttf) oblique normal 700 condensed>) = 1.535
findfont: score(<Font 'Latin Modern Sans' (lmsans10-boldoblique.otf) oblique normal 700 normal>) = 11.335
findfont: score(<Font 'Nimbus Sans L' (NimbusSanL-Regu.ttf) normal normal 400 normal>) = 10.05
findfont: score(<Font 'FreeMono' (FreeMono.ttf) normal normal 400 normal>) = 10.05
findfont: score(<Font 'Source Serif Pro' (SourceSerifPro-Regular.ttf) normal normal 400 normal>) = 10.05
findfont: score(<Font 'Estrangelo TurAbdin' (SyrCOMTurAbdin.otf) normal normal 400 normal>) = 10.05
findfont: score(<Font 'DejaVu Sans' (DejaVuSans-BoldOblique.ttf) oblique normal 700 normal>) = 1.335
findfont: score(<Font 'Droid Serif' (DroidSerif-Italic.ttf) italic normal 400 normal>) = 11.05
findfont: score(<Font 'UnGraphic' (UnGraphicBold.ttf) normal normal 700 normal>) = 10.335
findfont: score(<Font 'PT Mono' (PTM75F.ttf) normal normal 700 normal>) = 10.335
findfont: score(<Font 'TeX Gyre Chorus' (texgyrechorus-mediumitalic.otf) normal normal 500 normal>) = 10.145
findfont: score(<Font 'Latin Modern Roman' (lmroman6-bold.otf) normal normal 700 normal>) = 10.335
findfont: score(<Font 'Open Sans' (OpenSans-LightItalic.ttf) italic normal 300 normal>) = 11.145
findfont: score(<Font 'Roboto' (Roboto-Light.ttf) normal normal 300 normal>) = 10.145
findfont: score(<Font 'Source Sans Pro' (SourceSansPro-Light.otf) normal normal 300 normal>) = 10.145
findfont: score(<Font 'Source Code Pro' (SourceCodePro-It.otf) italic normal 400 normal>) = 11.05
findfont: score(<Font 'Latin Modern Roman' (lmroman7-italic.otf) italic normal 400 normal>) = 11.05
findfont: score(<Font 'UnDinaru' (UnDinaruBold.ttf) normal normal 700 normal>) = 10.335
findfont: score(<Font 'Arial' (arial.ttf) normal normal 400 normal>) = 6.413636363636363
findfont: score(<Font 'Source Sans Pro' (SourceSansPro-LightIt.ttf) italic normal 300 normal>) = 11.145
findfont: score(<Font 'Serto Jerusalem' (SyrCOMJerusalemBold.otf) normal normal 700 normal>) = 10.335
findfont: score(<Font 'Andale Mono' (andalemo.ttf) normal normal 400 normal>) = 10.05
findfont: score(<Font 'DejaVu Serif' (DejaVuSerifCondensed-Bold.ttf) normal normal 700 condensed>) = 10.535
findfont: score(<Font 'TeX Gyre Pagella Math' (texgyrepagella-math.otf) normal normal 400 normal>) = 10.05
findfont: score(<Font 'Liberation Serif' (LiberationSerif-Italic.ttf) italic normal 400 normal>) = 11.05
findfont: score(<Font 'Nimbus Sans L' (NimbusSanL-BoldCond.ttf) normal normal 700 condensed>) = 10.535
findfont: score(<Font 'PT Serif' (PTF55F.ttf) normal normal 400 normal>) = 10.05
findfont: score(<Font 'Latin Modern Mono' (lmmono10-regular.otf) normal normal 400 normal>) = 10.05
findfont: score(<Font 'Noto Sans' (NotoSans-CondensedExtraLightItalic.ttf) italic normal 200 condensed>) = 11.44
findfont: score(<Font 'Droid Sans Armenian' (DroidSansArmenian.ttf) normal normal 400 normal>) = 10.05
findfont: score(<Font 'TeX Gyre Heros' (texgyreheros-italic.otf) italic normal 400 normal>) = 11.05
findfont: score(<Font 'Latin Modern Sans' (lmsans12-regular.otf) normal normal 400 normal>) = 10.05
findfont: score(<Font 'UnGraphic' (UnGraphic.ttf) normal normal 400 normal>) = 10.05
findfont: score(<Font 'Latin Modern Sans Quotation' (lmsansquot8-boldoblique.otf) oblique normal 700 normal>) = 11.335
findfont: score(<Font 'Linux Biolinum O' (LinBiolinum_RB.otf) normal normal 700 normal>) = 10.335
findfont: score(<Font 'PT Sans' (PTS56F.ttf) italic normal 400 normal>) = 11.05
findfont: score(<Font 'STIXGeneral' (STIXGeneral-Italic.otf) italic normal 400 normal>) = 11.05
findfont: score(<Font 'Source Code Pro' (SourceCodePro-Black.otf) normal normal 900 normal>) = 10.525
findfont: score(<Font 'TeX Gyre Cursor' (texgyrecursor-italic.otf) italic normal 400 normal>) = 11.05
findfont: score(<Font 'Carlito' (Carlito-Regular.ttf) normal normal 400 normal>) = 10.05
findfont: score(<Font 'Open Sans' (OpenSans-Light.ttf) normal normal 300 normal>) = 10.145
findfont: score(<Font 'Latin Modern Sans Demi Cond' (lmsansdemicond10-regular.otf) normal normal 600 condensed>) = 10.44
findfont: score(<Font 'Source Code Pro' (SourceCodePro-SemiboldIt.otf) italic normal 600 normal>) = 11.24
findfont: score(<Font 'Bitstream Vera Sans Mono' (VeraMoIt.ttf) oblique normal 400 normal>) = 11.05
findfont: score(<Font 'Monomakh Unicode' (MonomakhUnicode.otf) normal normal 500 normal>) = 10.145
findfont: score(<Font 'Philokalia' (Philokalia-Regular.otf) normal normal 400 normal>) = 10.05
findfont: score(<Font 'Noto Sans' (NotoSans-SemiCondensedMediumItalic.ttf) italic normal 500 condensed>) = 11.344999999999999
findfont: score(<Font 'Roboto Slab' (RobotoSlab-Light.ttf) normal normal 300 normal>) = 10.145
findfont: score(<Font 'Liberation Serif' (LiberationSerif-BoldItalic.ttf) italic normal 700 normal>) = 11.335
findfont: score(<Font 'Source Sans Pro' (SourceSansPro-SemiboldIt.ttf) italic normal 600 normal>) = 11.24
findfont: score(<Font 'Open Sans' (OpenSans-SemiboldItalic.ttf) italic normal 600 normal>) = 11.24
findfont: score(<Font 'DejaVu Serif' (DejaVuSerif-Italic.ttf) italic normal 400 normal>) = 11.05
findfont: score(<Font 'Khmer OS Siemreap' (KhmerOS_siemreap.ttf) normal normal 400 normal>) = 10.05
findfont: score(<Font 'MathJax_SansSerif' (MathJax_SansSerif-Regular.otf) normal normal 400 normal>) = 10.05
findfont: score(<Font 'Sazanami Gothic' (sgothic.ttf) normal normal 500 normal>) = 10.145
findfont: score(<Font 'Sazanami Mincho' (smincho.ttf) normal normal 500 normal>) = 10.145
findfont: score(<Font 'Latin Modern Sans Quotation' (lmsansquot8-bold.otf) normal normal 700 normal>) = 10.335
findfont: score(<Font 'Source Code Pro' (SourceCodePro-BoldIt.otf) italic normal 700 normal>) = 11.335
findfont: score(<Font 'DejaVu Serif' (DejaVuSerifCondensed-Italic.ttf) italic normal 400 condensed>) = 11.25
findfont: score(<Font 'Noto Sans' (NotoSans-ExtraCondensedMedium.ttf) normal normal 500 condensed>) = 10.344999999999999
findfont: score(<Font 'Noto Sans' (NotoSans-SemiCondensedLight.ttf) normal normal 300 condensed>) = 10.344999999999999
findfont: score(<Font 'Noto Sans' (NotoSans-ExtraCondensedSemiBoldItalic.ttf) italic normal 600 condensed>) = 11.44
findfont: score(<Font 'Latin Modern Mono Prop Light' (lmmonoproplt10-bold.otf) normal normal 700 normal>) = 10.335
findfont: score(<Font 'TeX Gyre Schola Math' (texgyreschola-math.otf) normal normal 400 normal>) = 10.05
findfont: score(<Font 'UnTaza' (UnTaza.ttf) normal normal 400 normal>) = 10.05
findfont: score(<Font 'Source Code Pro' (SourceCodePro-Black.otf) normal normal 900 normal>) = 10.525
findfont: score(<Font 'Source Code Pro' (SourceCodePro-ExtraLight.otf) normal normal 200 normal>) = 10.24
findfont: score(<Font 'Times New Roman' (times.ttf) normal normal 400 normal>) = 10.05
findfont: score(<Font 'IPAPMincho' (ipamp.ttf) normal normal 400 normal>) = 10.05
findfont: score(<Font 'Source Code Pro' (SourceCodePro-Medium.otf) normal normal 500 normal>) = 10.145
findfont: score(<Font 'Source Code Pro' (SourceCodePro-Regular.otf) normal normal 400 normal>) = 10.05
findfont: score(<Font 'DejaVu Sans' (DejaVuSansCondensed-Bold.ttf) normal normal 700 condensed>) = 0.5349999999999999
findfont: score(<Font 'STIXGeneral' (STIXGeneral-Regular.otf) normal normal 400 normal>) = 10.05
findfont: score(<Font 'Source Serif Pro' (SourceSerifPro-Bold.ttf) normal normal 700 normal>) = 10.335
findfont: score(<Font 'East Syriac Ctesiphon' (SyrCOMCtesiphon.otf) normal normal 400 normal>) = 10.05
findfont: score(<Font 'Latin Modern Math' (latinmodern-math.otf) normal normal 400 normal>) = 10.05
findfont: score(<Font 'TeX Gyre Adventor' (texgyreadventor-bolditalic.otf) italic normal 700 normal>) = 11.335
findfont: score(<Font 'DejaVu Sans Mono' (DejaVuSansMono-Oblique.ttf) oblique normal 400 normal>) = 11.05
findfont: score(<Font 'Times New Roman' (timesi.ttf) italic normal 400 normal>) = 11.05
findfont: score(<Font 'Bitstream Vera Sans' (VeraBd.ttf) normal normal 700 normal>) = 1.2440909090909091
findfont: score(<Font 'Baekmuk Headline' (hline.ttf) normal normal 400 normal>) = 10.05
findfont: score(<Font 'Fedorovsk Unicode' (FedorovskUnicode.otf) normal normal 500 normal>) = 10.145
findfont: score(<Font 'Source Code Pro' (SourceCodePro-ExtraLightIt.otf) italic normal 200 normal>) = 11.24
findfont: score(<Font 'TeX Gyre DejaVu Math' (texgyredejavu-math.otf) normal normal 400 normal>) = 10.05
findfont: score(<Font 'Droid Sans Mono' (DroidSansMono.ttf) normal normal 400 normal>) = 10.05
findfont: score(<Font 'Nimbus Sans L' (NimbusSanL-ReguItal.ttf) italic normal 400 normal>) = 11.05
findfont: score(<Font 'TeX Gyre Heros Cn' (texgyreheroscn-regular.otf) normal normal 400 normal>) = 10.05
findfont: score(<Font 'Latin Modern Mono Light' (lmmonolt10-oblique.otf) oblique normal 400 normal>) = 11.05
findfont: score(<Font 'Estrangelo Midyat' (SyrCOMMidyat.otf) normal normal 400 normal>) = 10.05
findfont: score(<Font 'Pomorsky' (PomorskyUnicode.ttf) normal normal 500 normal>) = 10.145
findfont: score(<Font 'STIXGeneral' (STIXGeneral-Bold.otf) normal normal 700 normal>) = 10.335
findfont: score(<Font 'UnDinaru' (UnDinaru.ttf) normal normal 400 normal>) = 10.05
findfont: score(<Font 'UnGungseo' (UnGungseo.ttf) normal normal 400 normal>) = 10.05
findfont: score(<Font 'Luxi Mono' (luximb.ttf) normal normal 700 normal>) = 10.335
findfont: score(<Font 'Luxi Mono' (luximr.ttf) normal normal 400 normal>) = 10.05
findfont: score(<Font 'Webdings' (webdings.ttf) normal normal 400 normal>) = 10.05
findfont: score(<Font 'Linux Libertine Mono O' (LinLibertine_MO.otf) oblique normal 400 normal>) = 11.05
findfont: score(<Font 'TeX Gyre TermesX' (TeXGyreTermesX-Regular.otf) normal normal 400 normal>) = 10.05
findfont: score(<Font 'Eunjin Nakseo' (EunjinNakseo.ttf) normal normal 500 normal>) = 10.145
findfont: score(<Font 'Carlito' (Carlito-Bold.ttf) normal normal 700 normal>) = 10.335
findfont: score(<Font 'Poppins' (Poppins-BoldItalic.ttf) italic normal 700 normal>) = 11.335
findfont: score(<Font 'Roboto Condensed' (RobotoCondensed-Bold.ttf) normal normal 700 condensed>) = 10.535
findfont: score(<Font 'Comic Sans MS' (comicbd.ttf) normal normal 700 normal>) = 10.335
findfont: score(<Font 'TeX Gyre Bonum' (texgyrebonum-italic.otf) italic normal 400 normal>) = 11.05
findfont: score(<Font 'Carlito' (Carlito-BoldItalic.ttf) italic normal 700 normal>) = 11.335
findfont: score(<Font 'Open Sans' (OpenSans-ExtraBold.ttf) normal normal 800 normal>) = 10.43
findfont: score(<Font 'TeX Gyre Adventor' (texgyreadventor-bold.otf) normal normal 700 normal>) = 10.335
findfont: score(<Font 'PT Serif' (PTF75F.ttf) normal normal 700 normal>) = 10.335
findfont: score(<Font 'Source Code Pro' (SourceCodePro-BlackIt.otf) italic normal 900 normal>) = 11.525
findfont: score(<Font 'Liberation Sans' (LiberationSans-Regular.ttf) normal normal 400 normal>) = 10.05
findfont: score(<Font 'Noto Sans TC' (NotoSansTC-Bold.otf) normal normal 700 normal>) = 10.335
findfont: score(<Font 'Droid Sans' (DroidSans-Bold.ttf) normal normal 700 normal>) = 10.335
findfont: score(<Font 'Source Code Pro' (SourceCodePro-LightIt.otf) italic normal 300 normal>) = 11.145
findfont: score(<Font 'FreeSans' (FreeSansBold.ttf) normal normal 600 normal>) = 10.24
findfont: score(<Font 'Noto Sans' (NotoSans-LightItalic.ttf) italic normal 300 normal>) = 11.145
findfont: score(<Font 'Latin Modern Roman Slanted' (lmromanslant9-regular.otf) normal normal 400 normal>) = 10.05
findfont: score(<Font 'Open Sans' (OpenSans-ExtraBoldItalic.ttf) italic normal 800 normal>) = 11.43
findfont: score(<Font 'Noto Sans' (NotoSans-SemiCondensedBold.ttf) normal normal 700 condensed>) = 10.535
findfont: score(<Font 'Latin Modern Roman' (lmroman7-bold.otf) normal normal 700 normal>) = 10.335
findfont: score(<Font 'Verdana' (verdana.ttf) normal normal 400 normal>) = 3.6863636363636365
findfont: score(<Font 'Droid Arabic Kufi' (DroidKufi-Regular.ttf) normal normal 400 normal>) = 10.05
findfont: score(<Font 'Estrangelo Edessa' (SyrCOMEdessa.otf) normal normal 400 normal>) = 10.05
findfont: score(<Font 'Serto Batnan' (SyrCOMBatnanBold.otf) normal normal 700 normal>) = 10.335
findfont: score(<Font 'TeX Gyre TermesX' (TeXGyreTermesX-BoldItalic.otf) italic normal 700 normal>) = 11.335
findfont: score(<Font 'Latin Modern Sans Quotation' (lmsansquot8-oblique.otf) oblique normal 400 normal>) = 11.05
findfont: score(<Font 'Khmer OS Battambang' (KhmerOS_battambang.ttf) normal normal 400 normal>) = 10.05
findfont: score(<Font 'Latin Modern Sans' (lmsans9-oblique.otf) oblique normal 400 normal>) = 11.05
findfont: score(<Font 'Droid Sans Hebrew' (DroidSansHebrew-Bold.ttf) normal normal 600 normal>) = 10.24
findfont: score(<Font 'Roboto Condensed' (RobotoCondensed-Light.ttf) normal normal 300 condensed>) = 10.344999999999999
findfont: score(<Font 'Noto Sans' (NotoSans-Medium.ttf) normal normal 500 normal>) = 10.145
findfont: score(<Font 'Charis SIL' (CharisSILI.ttf) italic normal 400 normal>) = 11.05
findfont: score(<Font 'Courier New' (courbd.ttf) normal normal 700 normal>) = 10.335
findfont: score(<Font 'Monomakh Unicode TT' (MonomakhUnicode.ttf) normal normal 500 normal>) = 10.145
findfont: score(<Font 'Latin Modern Mono Caps' (lmmonocaps10-regular.otf) normal normal 400 normal>) = 10.05
findfont: score(<Font 'Noto Sans' (NotoSans-ThinItalic.ttf) italic normal 100 normal>) = 11.335
findfont: score(<Font 'UnVada' (UnVada.ttf) normal normal 400 normal>) = 10.05
findfont: score(<Font 'Noto Sans' (NotoSans-SemiCondensedExtraBold.ttf) normal normal 800 condensed>) = 10.629999999999999
findfont: score(<Font 'TeX Gyre PagellaX' (TeXGyrePagellaX-BoldItalic.otf) italic normal 700 normal>) = 11.335
findfont: score(<Font 'Caladea' (Caladea-BoldItalic.ttf) italic normal 700 normal>) = 11.335
findfont: score(<Font 'Open Sans' (OpenSans-CondLightItalic.ttf) italic normal 300 condensed>) = 11.344999999999999
findfont: score(<Font 'FreeSans' (FreeSansOblique.ttf) oblique normal 400 normal>) = 11.05
findfont: score(<Font 'DejaVu Sans' (DejaVuSans-ExtraLight.ttf) normal normal 200 normal>) = 0.24
findfont: score(<Font 'Courier' (Courier-BoldItalic.ttf) italic normal 700 normal>) = 11.335
findfont: score(<Font 'Luxi Serif' (luxirb.ttf) normal normal 700 normal>) = 10.335
findfont: score(<Font 'MathJax_SansSerif' (MathJax_SansSerif-Bold.otf) normal normal 700 normal>) = 10.335
findfont: score(<Font 'Source Code Pro' (SourceCodePro-Semibold.otf) normal normal 600 normal>) = 10.24
findfont: score(<Font 'Droid Sans Devanagari' (DroidSansDevanagari-Regular.ttf) normal normal 400 normal>) = 10.05
findfont: score(<Font 'URW Gothic L' (URWGothicL-Book.ttf) normal normal 400 normal>) = 10.05
findfont: score(<Font 'Carlito' (Carlito-Italic.ttf) italic normal 400 normal>) = 11.05
findfont: score(<Font 'Noto Sans' (NotoSans-MediumItalic.ttf) italic normal 500 normal>) = 11.145
findfont: score(<Font 'MathJax_Caligraphic' (MathJax_Caligraphic-Bold.otf) normal normal 700 normal>) = 10.335
findfont: score(<Font 'Source Code Pro' (SourceCodePro-Semibold.otf) normal normal 600 normal>) = 10.24
findfont: score(<Font 'Padauk' (Padauk-Bold.ttf) normal normal 700 normal>) = 10.335
findfont: score(<Font 'Charis SIL' (CharisSIL-B.ttf) normal normal 700 normal>) = 10.335
findfont: score(<Font 'Source Code Pro' (SourceCodePro-ExtraLight.otf) normal normal 200 normal>) = 10.24
findfont: score(<Font 'Source Code Pro' (SourceCodePro-BlackIt.otf) italic normal 900 normal>) = 11.525
findfont: score(<Font 'Latin Modern Roman Caps' (lmromancaps10-regular.otf) normal normal 400 normal>) = 10.05
findfont: score(<Font 'Noto Sans' (NotoSans-CondensedThin.ttf) normal normal 100 condensed>) = 10.535
findfont: score(<Font 'UnJamoDotum' (UnJamoDotum.ttf) normal normal 400 normal>) = 10.05
findfont: score(<Font 'Droid Sans Thai' (DroidSansThai.ttf) normal normal 400 normal>) = 10.05
findfont: score(<Font 'Amiri' (amiri-bold.ttf) normal normal 700 normal>) = 10.335
findfont: score(<Font 'Poppins' (Poppins-BlackItalic.ttf) italic normal 900 normal>) = 11.525
findfont: score(<Font 'Anonymous Pro' (AnonymousPro-Italic.ttf) italic normal 400 normal>) = 11.05
findfont: score(<Font 'Latin Modern Roman Dunhill' (lmromandunh10-regular.otf) normal normal 400 normal>) = 10.05
findfont: score(<Font 'Amiri' (amiri-boldslanted.ttf) italic normal 700 normal>) = 11.335
findfont: score(<Font 'MnSymbol' (MnSymbol12.otf) normal normal 400 normal>) = 10.05
findfont: score(<Font 'Droid Arabic Naskh' (DroidNaskh-Bold.ttf) normal normal 700 normal>) = 10.335
findfont: score(<Font 'Source Serif Pro' (SourceSerifPro-Light.ttf) normal normal 300 normal>) = 10.145
findfont: score(<Font 'Noto Sans SC' (NotoSansSC-Regular.otf) normal normal 400 normal>) = 10.05
findfont: score(<Font 'Liberation Sans Narrow' (LiberationSansNarrow-Bold.ttf) normal normal 700 condensed>) = 10.535
findfont: score(<Font 'Linux Libertine Mono O' (LinLibertine_M.otf) normal normal 400 normal>) = 10.05
findfont: score(<Font 'Linux Biolinum O' (LinBiolinum_R.otf) normal normal 400 normal>) = 10.05
findfont: score(<Font 'Nimbus Mono L' (NimbusMonL-Bold.ttf) normal normal 700 normal>) = 10.335
findfont: score(<Font 'Latin Modern Sans Quotation' (lmsansquot8-regular.otf) normal normal 400 normal>) = 10.05
findfont: score(<Font 'Bitstream Vera Sans' (VeraBI.ttf) oblique normal 700 normal>) = 2.244090909090909
findfont: score(<Font 'Latin Modern Sans' (lmsans10-bold.otf) normal normal 700 normal>) = 10.335
findfont: score(<Font 'Source Code Pro' (SourceCodePro-RegularIt.otf) italic normal 400 normal>) = 11.05
findfont: score(<Font 'Latin Modern Roman' (lmroman17-regular.otf) normal normal 400 normal>) = 10.05
findfont: score(<Font 'Arial' (arialbd.ttf) normal normal 700 normal>) = 6.698636363636363
findfont: score(<Font 'Open Sans' (OpenSans-CondLight.ttf) normal normal 300 condensed>) = 10.344999999999999
findfont: score(<Font 'Source Sans Pro' (SourceSansPro-It.otf) italic normal 400 normal>) = 11.05
findfont: score(<Font 'Source Sans Pro' (SourceSansPro-Black.otf) normal normal 900 normal>) = 10.525
findfont: score(<Font 'UnPilgi' (UnPilgiBold.ttf) normal normal 700 normal>) = 10.335
findfont: score(<Font 'MnSymbol' (MnSymbol-Bold6.otf) normal normal 700 normal>) = 10.335
findfont: score(<Font 'Georgia' (georgia.ttf) normal normal 400 normal>) = 10.05
findfont: score(<Font 'Roboto' (Roboto-Bold.ttf) normal normal 700 normal>) = 10.335
findfont: score(<Font 'URW Palladio L' (URWPalladioL-BoldItal.ttf) italic normal 700 normal>) = 11.335
findfont: score(<Font 'Nimbus Sans L' (NimbusSanL-BoldItal.ttf) italic normal 700 normal>) = 11.335
findfont: score(<Font 'Noto Sans' (NotoSans-Black.ttf) normal normal 900 normal>) = 10.525
findfont: score(<Font 'Source Serif Pro' (SourceSerifPro-Light.otf) normal normal 300 normal>) = 10.145
findfont: score(<Font 'Liberation Mono' (LiberationMono-Regular.ttf) normal normal 400 normal>) = 10.05
findfont: score(<Font 'TeX Gyre Adventor' (texgyreadventor-regular.otf) normal normal 400 normal>) = 10.05
findfont: score(<Font 'Latin Modern Sans' (lmsans12-oblique.otf) oblique normal 400 normal>) = 11.05
findfont: score(<Font 'Khmer OS Freehand' (KhmerOS_freehand.ttf) normal normal 400 normal>) = 10.05
findfont: score(<Font 'STIXGeneral' (STIXGeneral-BoldItalic.otf) italic normal 700 normal>) = 11.335
findfont: score(<Font 'Latin Modern Roman Slanted' (lmromanslant12-regular.otf) normal normal 400 normal>) = 10.05
findfont: score(<Font 'TeX Gyre Termes Math' (texgyretermes-math.otf) normal normal 400 normal>) = 10.05
findfont: score(<Font 'Source Sans Pro' (SourceSansPro-Bold.otf) normal normal 700 normal>) = 10.335
findfont: score(<Font 'Source Serif Pro' (SourceSerifPro-Black.otf) normal normal 900 normal>) = 10.525
findfont: score(<Font 'Carlito' (Carlito-BoldItalic.ttf) italic normal 700 normal>) = 11.335
findfont: score(<Font 'Poppins' (Poppins-Italic.ttf) italic normal 400 normal>) = 11.05
findfont: score(<Font 'MathJax_WinChrome' (MathJax_WinChrome-Regular.otf) normal normal 400 normal>) = 10.05
findfont: score(<Font 'Noto Sans' (NotoSans-ExtraBoldItalic.ttf) italic normal 800 normal>) = 11.43
findfont: score(<Font 'Arial' (ariali.ttf) italic normal 400 normal>) = 7.413636363636363
findfont: score(<Font 'Serto Jerusalem' (SyrCOMJerusalemItalic.otf) italic normal 400 normal>) = 11.05
findfont: score(<Font 'Fedorovsk Unicode TT' (FedorovskUnicode.ttf) normal normal 500 normal>) = 10.145
findfont: score(<Font 'DejaVu Sans' (DejaVuSansCondensed-Oblique.ttf) oblique normal 400 condensed>) = 1.25
findfont: score(<Font 'URW Gothic L' (URWGothicL-DemiObli.ttf) oblique normal 600 normal>) = 11.24
findfont: score(<Font 'Roboto Slab' (RobotoSlab-Regular.ttf) normal normal 400 normal>) = 10.05
findfont: score(<Font 'Nimbus Roman No9 L' (NimbusRomNo9L-MediItal.ttf) italic normal 500 normal>) = 11.145
findfont: score(<Font 'UnJamoNovel' (UnJamoNovel.ttf) normal normal 400 normal>) = 10.05
findfont: score(<Font 'Utopia' (Utopia-Bold.ttf) normal normal 700 normal>) = 10.335
findfont: score(<Font 'DejaVu Sans' (DejaVuSansCondensed.ttf) normal normal 400 condensed>) = 0.25
findfont: score(<Font 'MathJax_Size3' (MathJax_Size3-Regular.otf) normal normal 400 normal>) = 10.05
findfont: score(<Font 'Liberation Sans Narrow' (LiberationSansNarrow-Italic.ttf) italic normal 400 condensed>) = 11.25
findfont: score(<Font 'DejaVu Serif' (DejaVuSerif-BoldItalic.ttf) italic normal 700 normal>) = 11.335
findfont: score(<Font 'Latin Modern Roman Demi' (lmromandemi10-regular.otf) normal normal 600 normal>) = 10.24
findfont: score(<Font 'URW Bookman L' (URWBookmanL-DemiBold.ttf) normal normal 600 normal>) = 10.24
findfont: score(<Font 'MathJax_WinIE6' (MathJax_WinIE6-Regular.otf) normal normal 400 normal>) = 10.05
findfont: score(<Font 'FreeMono' (FreeMonoOblique.ttf) oblique normal 400 normal>) = 11.05
findfont: score(<Font 'DejaVu Sans Mono' (DejaVuSansMono.ttf) normal normal 400 normal>) = 10.05
findfont: score(<Font 'MathJax_Main' (MathJax_Main-Italic.otf) italic normal 400 normal>) = 11.05
findfont: score(<Font 'Serto Malankara' (SyrCOMMalankara.otf) normal normal 400 normal>) = 10.05
findfont: score(<Font 'MathJax_AMS' (MathJax_AMS-Regular.otf) normal normal 400 normal>) = 10.05
findfont: score(<Font 'DANTE' (DANTE-Italic.otf) italic normal 400 normal>) = 11.05
findfont: score(<Font 'Menaion Unicode' (MenaionUnicode.otf) normal normal 400 normal>) = 10.05
findfont: score(<Font 'Noto Sans' (NotoSans-SemiCondensedThinItalic.ttf) italic normal 100 condensed>) = 11.535
findfont: score(<Font 'DANTE' (DANTE-Bold-Italic.otf) italic normal 400 normal>) = 11.05
findfont: score(<Font 'Noto Sans' (NotoSans-ExtraCondensedBoldItalic.ttf) italic normal 700 condensed>) = 11.535
findfont: score(<Font 'Latin Modern Mono' (lmmono10-italic.otf) italic normal 400 normal>) = 11.05
findfont: score(<Font 'MathJax_Caligraphic' (MathJax_Caligraphic-Regular.otf) normal normal 400 normal>) = 10.05
findfont: score(<Font 'Georgia' (georgiab.ttf) normal normal 700 normal>) = 10.335
findfont: score(<Font 'Linux Libertine Display O' (LinLibertine_DR.otf) normal normal 400 normal>) = 10.05
findfont: score(<Font 'TeX Gyre TermesX' (TeXGyreTermesX-Bold.otf) normal normal 700 normal>) = 10.335
findfont: score(<Font 'Poppins' (Poppins-ExtraLight.ttf) normal normal 275 normal>) = 10.16875
findfont: score(<Font 'Latin Modern Mono' (lmmono9-regular.otf) normal normal 400 normal>) = 10.05
findfont: score(<Font 'Noto Sans' (NotoSans-SemiCondensedMedium.ttf) normal normal 500 condensed>) = 10.344999999999999
findfont: score(<Font 'Linux Libertine Mono O ' (LinLibertine_MB.otf) normal normal 400 normal>) = 10.05
findfont: score(<Font 'Anonymous Pro' (AnonymousPro-Regular.ttf) normal normal 400 normal>) = 10.05
findfont: score(<Font 'UnBatang' (UnBatang.ttf) normal normal 400 normal>) = 10.05
findfont: score(<Font 'Heuristica' (Heuristica-Bold.otf) normal normal 700 normal>) = 10.335
findfont: score(<Font 'Estrangelo Nisibin Outline' (SyrCOMNisibinOutline.otf) normal normal 400 normal>) = 10.05
findfont: score(<Font 'Poppins' (Poppins-ThinItalic.ttf) italic normal 250 normal>) = 11.1925
findfont: score(<Font 'MnSymbol' (MnSymbol7.otf) normal normal 400 normal>) = 10.05
findfont: score(<Font 'Baekmuk Gulim' (gulim.ttf) normal normal 400 normal>) = 10.05
findfont: score(<Font 'Bitstream Vera Sans' (VeraIt.ttf) oblique normal 400 normal>) = 1.9590909090909092
findfont: score(<Font 'Nimbus Roman No9 L' (NimbusRomNo9L-Medi.ttf) normal normal 500 normal>) = 10.145
findfont: score(<Font 'Source Sans Pro' (SourceSansPro-ExtraLight.ttf) normal normal 200 normal>) = 10.24
findfont: score(<Font 'Source Sans Pro' (SourceSansPro-BlackIt.otf) italic normal 900 normal>) = 11.525
findfont: score(<Font 'Noto Sans' (NotoSans-Bold.ttf) normal normal 700 normal>) = 10.335
findfont: score(<Font 'TeX Gyre Heros' (texgyreheros-bolditalic.otf) italic normal 700 normal>) = 11.335
findfont: score(<Font 'Courier New' (couri.ttf) italic normal 400 normal>) = 11.05
findfont: score(<Font 'Noto Sans' (NotoSans-SemiCondensedThin.ttf) normal normal 100 condensed>) = 10.535
findfont: score(<Font 'Century Schoolbook L' (CenturySchL-BoldItal.ttf) italic normal 700 normal>) = 11.335
findfont: score(<Font 'PT Sans Narrow' (PTN77F.ttf) normal normal 700 condensed>) = 10.535
findfont: score(<Font 'Latin Modern Mono Light Cond' (lmmonoltcond10-oblique.otf) oblique normal 400 condensed>) = 11.25
findfont: score(<Font 'DejaVu Sans Mono' (DejaVuSansMono-BoldOblique.ttf) oblique normal 700 normal>) = 11.335
findfont: score(<Font 'TeX Gyre Cursor' (texgyrecursor-bolditalic.otf) italic normal 700 normal>) = 11.335
findfont: score(<Font 'Cantarell' (Cantarell-Thin.otf) normal normal 100 normal>) = 10.335
findfont: score(<Font 'Courier 10 Pitch' (Courier10PitchBT-Italic.ttf) italic normal 400 normal>) = 11.05
findfont: score(<Font 'GFS Porson' (GFSPorson.otf) normal normal 400 normal>) = 10.05
findfont: score(<Font 'Cantarell' (Cantarell-Regular.otf) normal normal 400 normal>) = 10.05
findfont: score(<Font 'FreeSerif' (FreeSerifBold.ttf) normal normal 700 normal>) = 10.335
findfont: score(<Font 'Roboto' (Roboto-MediumItalic.ttf) italic normal 500 normal>) = 11.145
findfont: score(<Font 'Latin Modern Mono Prop Light' (lmmonoproplt10-boldoblique.otf) oblique normal 700 normal>) = 11.335
findfont: score(<Font 'TeX Gyre Termes' (texgyretermes-bolditalic.otf) italic normal 700 normal>) = 11.335
findfont: score(<Font 'Charis SIL' (CharisSILR.ttf) normal normal 400 normal>) = 10.05
findfont: score(<Font 'Open Sans' (OpenSans-Light.ttf) normal normal 300 normal>) = 10.145
findfont: score(<Font 'Courier' (Courier-Italic.ttf) italic normal 400 normal>) = 11.05
findfont: Matching sans\-serif:style=normal:variant=normal:weight=normal:stretch=normal:size=10.0 to DejaVu Sans ('/local/miniconda3/envs/myenv/lib/python3.6/site-packages/matplotlib/mpl-data/fonts/ttf/DejaVuSans.ttf') with score of 0.050000.
findfont: Matching sans\-serif:style=normal:variant=normal:weight=normal:stretch=normal:size=5.0.
findfont: score(<Font 'STIXNonUnicode' (STIXNonUniIta.ttf) italic normal 400 normal>) = 11.05
findfont: score(<Font 'DejaVu Serif Display' (DejaVuSerifDisplay.ttf) normal normal 400 normal>) = 10.05
findfont: score(<Font 'STIXSizeOneSym' (STIXSizOneSymReg.ttf) normal normal 400 normal>) = 10.05
findfont: score(<Font 'STIXGeneral' (STIXGeneralBol.ttf) normal normal 700 normal>) = 10.335
findfont: score(<Font 'STIXSizeFourSym' (STIXSizFourSymBol.ttf) normal normal 700 normal>) = 10.335
findfont: score(<Font 'STIXSizeOneSym' (STIXSizOneSymBol.ttf) normal normal 700 normal>) = 10.335
findfont: score(<Font 'DejaVu Serif' (DejaVuSerif-Italic.ttf) italic normal 400 normal>) = 11.05
findfont: score(<Font 'DejaVu Sans Mono' (DejaVuSansMono-Oblique.ttf) oblique normal 400 normal>) = 11.05
findfont: score(<Font 'DejaVu Serif' (DejaVuSerif-Bold.ttf) normal normal 700 normal>) = 10.335
findfont: score(<Font 'DejaVu Serif' (DejaVuSerif-BoldItalic.ttf) italic normal 700 normal>) = 11.335
findfont: score(<Font 'cmmi10' (cmmi10.ttf) normal normal 400 normal>) = 10.05
findfont: score(<Font 'STIXSizeFourSym' (STIXSizFourSymReg.ttf) normal normal 400 normal>) = 10.05
findfont: score(<Font 'cmb10' (cmb10.ttf) normal normal 400 normal>) = 10.05
findfont: score(<Font 'STIXGeneral' (STIXGeneralItalic.ttf) italic normal 400 normal>) = 11.05
findfont: score(<Font 'STIXSizeThreeSym' (STIXSizThreeSymReg.ttf) normal normal 400 normal>) = 10.05
findfont: score(<Font 'STIXSizeThreeSym' (STIXSizThreeSymBol.ttf) normal normal 700 normal>) = 10.335
findfont: score(<Font 'DejaVu Sans Mono' (DejaVuSansMono-Bold.ttf) normal normal 700 normal>) = 10.335
findfont: score(<Font 'DejaVu Sans' (DejaVuSans-BoldOblique.ttf) oblique normal 700 normal>) = 1.335
findfont: score(<Font 'cmsy10' (cmsy10.ttf) normal normal 400 normal>) = 10.05
findfont: score(<Font 'STIXNonUnicode' (STIXNonUniBol.ttf) normal normal 700 normal>) = 10.335
findfont: score(<Font 'DejaVu Sans Mono' (DejaVuSansMono-BoldOblique.ttf) oblique normal 700 normal>) = 11.335
findfont: score(<Font 'STIXSizeFiveSym' (STIXSizFiveSymReg.ttf) normal normal 400 normal>) = 10.05
findfont: score(<Font 'STIXGeneral' (STIXGeneral.ttf) normal normal 400 normal>) = 10.05
findfont: score(<Font 'STIXSizeTwoSym' (STIXSizTwoSymReg.ttf) normal normal 400 normal>) = 10.05
findfont: score(<Font 'DejaVu Sans Mono' (DejaVuSansMono.ttf) normal normal 400 normal>) = 10.05
findfont: score(<Font 'cmtt10' (cmtt10.ttf) normal normal 400 normal>) = 10.05
findfont: score(<Font 'DejaVu Sans' (DejaVuSans-Oblique.ttf) oblique normal 400 normal>) = 1.05
findfont: score(<Font 'cmss10' (cmss10.ttf) normal normal 400 normal>) = 10.05
findfont: score(<Font 'STIXSizeTwoSym' (STIXSizTwoSymBol.ttf) normal normal 700 normal>) = 10.335
findfont: score(<Font 'cmex10' (cmex10.ttf) normal normal 400 normal>) = 10.05
findfont: score(<Font 'DejaVu Serif' (DejaVuSerif.ttf) normal normal 400 normal>) = 10.05
findfont: score(<Font 'STIXNonUnicode' (STIXNonUniBolIta.ttf) italic normal 700 normal>) = 11.335
findfont: score(<Font 'STIXNonUnicode' (STIXNonUni.ttf) normal normal 400 normal>) = 10.05
findfont: score(<Font 'DejaVu Sans Display' (DejaVuSansDisplay.ttf) normal normal 400 normal>) = 10.05
findfont: score(<Font 'cmr10' (cmr10.ttf) normal normal 400 normal>) = 10.05
findfont: score(<Font 'DejaVu Sans' (DejaVuSans-Bold.ttf) normal normal 700 normal>) = 0.33499999999999996
findfont: score(<Font 'DejaVu Sans' (DejaVuSans.ttf) normal normal 400 normal>) = 0.05
findfont: score(<Font 'STIXGeneral' (STIXGeneralBolIta.ttf) italic normal 700 normal>) = 11.335
findfont: score(<Font 'Latin Modern Roman' (lmroman12-italic.otf) italic normal 400 normal>) = 11.05
findfont: score(<Font 'Ponomar Unicode' (PonomarUnicode.otf) normal normal 400 normal>) = 10.05
findfont: score(<Font 'TeX Gyre Schola' (texgyreschola-bolditalic.otf) italic normal 700 normal>) = 11.335
findfont: score(<Font 'Open Sans' (OpenSans-Regular.ttf) normal normal 400 normal>) = 10.05
findfont: score(<Font 'Source Sans Pro' (SourceSansPro-BlackIt.ttf) italic normal 900 normal>) = 11.525
findfont: score(<Font 'FreeSans' (FreeSansBoldOblique.ttf) oblique normal 600 normal>) = 11.24
findfont: score(<Font 'TeX Gyre Schola' (texgyreschola-italic.otf) italic normal 400 normal>) = 11.05
findfont: score(<Font 'PT Mono' (PTM55F.ttf) normal normal 400 normal>) = 10.05
findfont: score(<Font 'TeX Gyre Heros Cn' (texgyreheroscn-bold.otf) normal normal 700 normal>) = 10.335
findfont: score(<Font 'Eunjin' (Eunjin.ttf) normal normal 500 normal>) = 10.145
findfont: score(<Font 'TeX Gyre Termes' (texgyretermes-regular.otf) normal normal 400 normal>) = 10.05
findfont: score(<Font 'Droid Naskh Shift Alt' (DroidNaskh-Regular-SystemUI.ttf) normal normal 400 normal>) = 10.05
findfont: score(<Font 'WenQuanYi Micro Hei' (wqy-microhei.ttc) normal normal 400 normal>) = 10.05
findfont: score(<Font 'Noto Sans' (NotoSans-SemiCondensedLightItalic.ttf) italic normal 300 condensed>) = 11.344999999999999
findfont: score(<Font 'Latin Modern Roman' (lmroman7-regular.otf) normal normal 400 normal>) = 10.05
findfont: score(<Font 'Linux Libertine O' (LinLibertine_R.otf) normal normal 400 normal>) = 10.05
findfont: score(<Font 'Latin Modern Sans Demi Cond' (lmsansdemicond10-oblique.otf) oblique normal 600 condensed>) = 11.44
findfont: score(<Font 'FreeSerif' (FreeSerif.ttf) normal normal 400 normal>) = 10.05
findfont: score(<Font 'Times New Roman' (timesbi.ttf) italic normal 700 normal>) = 11.335
findfont: score(<Font 'Linux Libertine Mono O ' (LinLibertine_MBO.otf) oblique normal 400 normal>) = 11.05
findfont: score(<Font 'MathJax_Math' (MathJax_Math-BoldItalic.otf) italic normal 700 normal>) = 11.335
findfont: score(<Font 'Courier New' (courbi.ttf) italic normal 700 normal>) = 11.335
findfont: score(<Font 'Heuristica' (Heuristica-Regular.otf) normal normal 400 normal>) = 10.05
findfont: score(<Font 'Caladea' (Caladea-Italic.ttf) italic normal 400 normal>) = 11.05
findfont: score(<Font 'Source Sans Pro' (SourceSansPro-ExtraLight.otf) normal normal 200 normal>) = 10.24
findfont: score(<Font 'Amiri Quran Colored' (amiri-quran-colored.ttf) normal normal 400 normal>) = 10.05
findfont: score(<Font 'Khmer OS Muol Pali' (KhmerOS_muolpali.ttf) normal normal 400 normal>) = 10.05
findfont: score(<Font 'Estrangelo Antioch' (SyrCOMAntioch.otf) normal normal 400 normal>) = 10.05
findfont: score(<Font 'Linux Libertine O' (LinLibertine_RI.otf) italic normal 400 normal>) = 11.05
findfont: score(<Font 'UnJamoBatang' (UnJamoBatang.ttf) normal normal 400 normal>) = 10.05
findfont: score(<Font 'Cantarell' (Cantarell-Light.otf) normal normal 300 normal>) = 10.145
findfont: score(<Font 'Source Sans Pro' (SourceSansPro-Semibold.ttf) normal normal 600 normal>) = 10.24
findfont: score(<Font 'DejaVu Math TeX Gyre' (DejaVuMathTeXGyre.ttf) normal normal 400 normal>) = 10.05
findfont: score(<Font 'Noto Sans' (NotoSans-ExtraCondensedExtraLightItalic.ttf) italic normal 200 condensed>) = 11.44
findfont: score(<Font 'TeX Gyre Pagella' (texgyrepagella-regular.otf) normal normal 400 normal>) = 10.05
findfont: score(<Font 'MnSymbol' (MnSymbol-Bold9.otf) normal normal 700 normal>) = 10.335
findfont: score(<Font 'Latin Modern Roman' (lmroman9-bold.otf) normal normal 700 normal>) = 10.335
findfont: score(<Font 'Nimbus Sans L' (NimbusSanL-BoldCondItal.ttf) italic normal 700 condensed>) = 11.535
findfont: score(<Font 'MnSymbol' (MnSymbol6.otf) normal normal 400 normal>) = 10.05
findfont: score(<Font 'MnSymbol' (MnSymbol8.otf) normal normal 400 normal>) = 10.05
findfont: score(<Font 'Bitstream Charter' (CharterBT-Italic.ttf) italic normal 400 normal>) = 11.05
findfont: score(<Font 'Roboto' (Roboto-Regular.ttf) normal normal 400 normal>) = 10.05
findfont: score(<Font 'Poppins' (Poppins-Thin.ttf) normal normal 250 normal>) = 10.1925
findfont: score(<Font 'Serto Urhoy' (SyrCOMUrhoy.otf) normal normal 400 normal>) = 10.05
findfont: score(<Font 'DejaVu Sans' (DejaVuSans-BoldOblique.ttf) oblique normal 700 normal>) = 1.335
findfont: score(<Font 'DejaVu Serif' (DejaVuSerif-BoldItalic.ttf) italic normal 700 normal>) = 11.335
findfont: score(<Font 'Noto Sans KR' (NotoSansKR-Regular.otf) normal normal 400 normal>) = 10.05
findfont: score(<Font 'Linux Libertine O' (LinLibertine_RBI.otf) italic normal 700 normal>) = 11.335
findfont: score(<Font 'Noto Sans' (NotoSans-ExtraLightItalic.ttf) italic normal 200 normal>) = 11.24
findfont: score(<Font 'Open Sans' (OpenSans-SemiboldItalic.ttf) italic normal 600 normal>) = 11.24
findfont: score(<Font 'Courier New' (cour.ttf) normal normal 400 normal>) = 10.05
findfont: score(<Font 'Noto Sans' (NotoSans-CondensedExtraBoldItalic.ttf) italic normal 800 condensed>) = 11.629999999999999
findfont: score(<Font 'TeX Gyre Pagella' (texgyrepagella-bolditalic.otf) italic normal 700 normal>) = 11.335
findfont: score(<Font 'Amiri' (amiri-regular.ttf) normal normal 400 normal>) = 10.05
findfont: score(<Font 'Noto Sans' (NotoSans-ExtraCondensedExtraBold.ttf) normal normal 800 condensed>) = 10.629999999999999
findfont: score(<Font 'Linux Libertine O' (LinLibertine_RZI.otf) italic normal 600 normal>) = 11.24
findfont: score(<Font 'Noto Sans' (NotoSans-CondensedBoldItalic.ttf) italic normal 700 condensed>) = 11.535
findfont: score(<Font 'MarVoSym' (marvosym.ttf) normal normal 400 normal>) = 10.05
findfont: score(<Font 'Droid Arabic Kufi' (DroidKufi-Bold.ttf) normal normal 700 normal>) = 10.335
findfont: score(<Font 'Utopia' (Utopia-Italic.ttf) italic normal 400 normal>) = 11.05
findfont: score(<Font 'Droid Sans Ethiopic' (DroidSansEthiopic-Bold.ttf) normal normal 700 normal>) = 10.335
findfont: score(<Font 'Source Code Pro' (SourceCodePro-Bold.otf) normal normal 700 normal>) = 10.335
findfont: score(<Font 'Liberation Sans Narrow' (LiberationSansNarrow-Regular.ttf) normal normal 400 condensed>) = 10.25
findfont: score(<Font 'Poppins' (Poppins-ExtraBold.ttf) normal normal 800 normal>) = 10.43
findfont: score(<Font 'Noto Sans' (NotoSans-ExtraCondensedMediumItalic.ttf) italic normal 500 condensed>) = 11.344999999999999
findfont: score(<Font 'Verdana' (verdanaz.ttf) italic normal 700 normal>) = 4.971363636363637
findfont: score(<Font 'Roboto' (Roboto-Italic.ttf) italic normal 400 normal>) = 11.05
findfont: score(<Font 'Padauk' (Padauk-Regular.ttf) normal normal 400 normal>) = 10.05
findfont: score(<Font 'Noto Sans' (NotoSans-CondensedBlackItalic.ttf) italic normal 900 condensed>) = 11.725
findfont: score(<Font 'Bandal' (Bandal.ttf) normal normal 500 normal>) = 10.145
findfont: score(<Font 'PT Sans' (PTS76F.ttf) italic normal 700 normal>) = 11.335
findfont: score(<Font 'Roboto Condensed' (RobotoCondensed-LightItalic.ttf) italic normal 300 condensed>) = 11.344999999999999
findfont: score(<Font 'URW Gothic L' (URWGothicL-BookObli.ttf) oblique normal 400 normal>) = 11.05
findfont: score(<Font 'Courier' (Courier-Bold.ttf) normal normal 700 normal>) = 10.335
findfont: score(<Font 'MathJax_Main' (MathJax_Main-Bold.otf) normal normal 700 normal>) = 10.335
findfont: score(<Font 'DejaVu Sans' (DejaVuSans-Oblique.ttf) oblique normal 400 normal>) = 1.05
findfont: score(<Font 'MathJax_Size1' (MathJax_Size1-Regular.otf) normal normal 400 normal>) = 10.05
findfont: score(<Font 'Droid Sans Georgian' (DroidSansGeorgian.ttf) normal normal 400 normal>) = 10.05
findfont: score(<Font 'East Syriac Adiabene' (SyrCOMAdiabene.otf) normal normal 400 normal>) = 10.05
findfont: score(<Font 'MnSymbol' (MnSymbol-Bold8.otf) normal normal 700 normal>) = 10.335
findfont: score(<Font 'Pomorsky' (PomorskyUnicode.otf) normal normal 500 normal>) = 10.145
findfont: score(<Font 'Noto Sans' (NotoSans-ExtraCondensedItalic.ttf) italic normal 400 condensed>) = 11.25
findfont: score(<Font 'Poppins' (Poppins-Regular.ttf) normal normal 400 normal>) = 10.05
findfont: score(<Font 'Noto Sans' (NotoSans-BoldItalic.ttf) italic normal 700 normal>) = 11.335
findfont: score(<Font 'Poppins' (Poppins-Light.ttf) normal normal 300 normal>) = 10.145
findfont: score(<Font 'Serto Mardin' (SyrCOMMardin.otf) normal normal 400 normal>) = 10.05
findfont: score(<Font 'Luxi Mono' (luximri.ttf) oblique normal 400 normal>) = 11.05
findfont: score(<Font 'Charis SIL' (CharisSILB.ttf) normal normal 700 normal>) = 10.335
findfont: score(<Font 'Latin Modern Sans' (lmsans10-regular.otf) normal normal 400 normal>) = 10.05
findfont: score(<Font 'PT Sans Caption' (PTC75F.ttf) normal normal 700 normal>) = 10.335
findfont: score(<Font 'Poppins' (Poppins-LightItalic.ttf) italic normal 300 normal>) = 11.145
findfont: score(<Font 'MathJax_Typewriter' (MathJax_Typewriter-Regular.otf) normal normal 400 normal>) = 10.05
findfont: score(<Font 'Trebuchet MS' (trebucit.ttf) italic normal 400 normal>) = 11.05
findfont: score(<Font 'TeX Gyre Adventor' (texgyreadventor-italic.otf) italic normal 400 normal>) = 11.05
findfont: score(<Font 'Noto Sans' (NotoSans-CondensedExtraBold.ttf) normal normal 800 condensed>) = 10.629999999999999
findfont: score(<Font 'Luxi Mono' (luximbi.ttf) oblique normal 700 normal>) = 11.335
findfont: score(<Font 'Source Sans Pro' (SourceSansPro-LightIt.otf) italic normal 300 normal>) = 11.145
findfont: score(<Font 'Noto Sans' (NotoSans-SemiCondensedBoldItalic.ttf) italic normal 700 condensed>) = 11.535
findfont: score(<Font 'Liberation Mono' (LiberationMono-BoldItalic.ttf) italic normal 700 normal>) = 11.335
findfont: score(<Font 'FreeMono' (FreeMonoBold.ttf) normal normal 700 normal>) = 10.335
findfont: score(<Font 'Courier 10 Pitch' (Courier10PitchBT-BoldItalic.ttf) italic normal 700 normal>) = 11.335
findfont: score(<Font 'Bitstream Vera Serif' (VeraSeBd.ttf) normal normal 700 normal>) = 10.335
findfont: score(<Font 'Poppins' (Poppins-SemiBoldItalic.ttf) italic normal 600 normal>) = 11.24
findfont: score(<Font 'Amiri Quran' (amiri-quran.ttf) normal normal 400 normal>) = 10.05
findfont: score(<Font 'TeX Gyre Heros Cn' (texgyreheroscn-italic.otf) italic normal 400 normal>) = 11.05
findfont: score(<Font 'Charis SIL' (CharisSILBI.ttf) italic normal 700 normal>) = 11.335
findfont: score(<Font 'Guseul' (Guseul.ttf) normal normal 500 normal>) = 10.145
findfont: score(<Font 'MnSymbol' (MnSymbol-Bold5.otf) normal normal 700 normal>) = 10.335
findfont: score(<Font 'Courier 10 Pitch' (Courier10PitchBT-Roman.ttf) normal normal 400 normal>) = 10.05
findfont: score(<Font 'Noto Sans' (NotoSans-ExtraCondensedBold.ttf) normal normal 700 condensed>) = 10.535
findfont: score(<Font 'TeX Gyre Cursor' (texgyrecursor-regular.otf) normal normal 400 normal>) = 10.05
findfont: score(<Font 'Latin Modern Roman Dunhill' (lmromandunh10-oblique.otf) oblique normal 400 normal>) = 11.05
findfont: score(<Font 'Source Serif Pro' (SourceSerifPro-Black.ttf) normal normal 900 normal>) = 10.525
findfont: score(<Font 'Open Sans' (OpenSans-Semibold.ttf) normal normal 600 normal>) = 10.24
findfont: score(<Font 'Georgia' (georgiai.ttf) italic normal 400 normal>) = 11.05
findfont: score(<Font 'DejaVu Serif' (DejaVuSerif.ttf) normal normal 400 normal>) = 10.05
findfont: score(<Font 'Khmer OS Metal Chrieng' (KhmerOS_metalchrieng.ttf) normal normal 400 normal>) = 10.05
findfont: score(<Font 'Liberation Sans' (LiberationSans-BoldItalic.ttf) italic normal 700 normal>) = 11.335
findfont: score(<Font 'Noto Sans' (NotoSans-ExtraCondensedBlackItalic.ttf) italic normal 900 condensed>) = 11.725
findfont: score(<Font 'DejaVu Sans' (DejaVuSans.ttf) normal normal 400 normal>) = 0.05
findfont: score(<Font 'Noto Sans' (NotoSans-BlackItalic.ttf) italic normal 900 normal>) = 11.525
findfont: score(<Font 'Noto Sans' (NotoSans-Thin.ttf) normal normal 100 normal>) = 10.335
findfont: score(<Font 'DejaVu Sans' (DejaVuSansCondensed-BoldOblique.ttf) oblique normal 700 condensed>) = 1.535
findfont: score(<Font 'Source Sans Pro' (SourceSansPro-Regular.otf) normal normal 400 normal>) = 10.05
findfont: score(<Font 'DejaVu Serif' (DejaVuSerif-Italic.ttf) italic normal 400 normal>) = 11.05
findfont: score(<Font 'Noto Sans TC' (NotoSansTC-Regular.otf) normal normal 400 normal>) = 10.05
findfont: score(<Font 'Droid Sans Hebrew' (DroidSansHebrew-Regular.ttf) normal normal 400 normal>) = 10.05
findfont: score(<Font 'Noto Sans' (NotoSans-SemiCondensedExtraLightItalic.ttf) italic normal 200 condensed>) = 11.44
findfont: score(<Font 'Liberation Sans' (LiberationSans-Bold.ttf) normal normal 700 normal>) = 10.335
findfont: score(<Font 'UnPenheulim' (UnPenheulim.ttf) normal normal 400 normal>) = 10.05
findfont: score(<Font 'Noto Sans' (NotoSans-SemiCondensedExtraBoldItalic.ttf) italic normal 800 condensed>) = 11.629999999999999
findfont: score(<Font 'MathJax_SansSerif' (MathJax_SansSerif-Italic.otf) italic normal 400 normal>) = 11.05
findfont: score(<Font 'Roboto' (Roboto-Medium.ttf) normal normal 500 normal>) = 10.145
findfont: score(<Font 'Source Serif Pro' (SourceSerifPro-Regular.otf) normal normal 400 normal>) = 10.05
findfont: score(<Font 'Heuristica' (Heuristica-BoldItalic.otf) italic normal 700 normal>) = 11.335
findfont: score(<Font 'Noto Sans' (NotoSans-ExtraCondensedExtraBoldItalic.ttf) italic normal 800 condensed>) = 11.629999999999999
findfont: score(<Font 'DejaVu Serif' (DejaVuSerifCondensed.ttf) normal normal 400 condensed>) = 10.25
findfont: score(<Font 'Hack' (Hack-Italic.ttf) italic normal 400 normal>) = 11.05
findfont: score(<Font 'Noto Sans' (NotoSans-SemiCondensedItalic.ttf) italic normal 400 condensed>) = 11.25
findfont: score(<Font 'Latin Modern Roman Slanted' (lmromanslant8-regular.otf) normal normal 400 normal>) = 10.05
findfont: score(<Font 'Carlito' (Carlito-Regular.ttf) normal normal 400 normal>) = 10.05
findfont: score(<Font 'MathJax_Fraktur' (MathJax_Fraktur-Regular.otf) normal normal 400 normal>) = 10.05
findfont: score(<Font 'UnDotum' (UnDotum.ttf) normal normal 400 normal>) = 10.05
findfont: score(<Font 'Verdana' (verdanai.ttf) italic normal 400 normal>) = 4.6863636363636365
findfont: score(<Font 'TeX Gyre Pagella' (texgyrepagella-bold.otf) normal normal 700 normal>) = 10.335
findfont: score(<Font 'GFS Baskerville' (GFSBaskerville.otf) normal normal 400 normal>) = 10.05
findfont: score(<Font 'Noto Sans' (NotoSans-ExtraCondensedThinItalic.ttf) italic normal 100 condensed>) = 11.535
findfont: score(<Font 'DejaVu Serif' (DejaVuSerifCondensed-Italic.ttf) italic normal 400 condensed>) = 11.25
findfont: score(<Font 'Utopia' (Utopia-Regular.ttf) normal normal 400 normal>) = 10.05
findfont: score(<Font 'Nimbus Mono L' (NimbusMonL-ReguObli.ttf) oblique normal 400 normal>) = 11.05
findfont: score(<Font 'Poppins' (Poppins-Medium.ttf) normal normal 500 normal>) = 10.145
findfont: score(<Font 'Latin Modern Mono Light' (lmmonolt10-boldoblique.otf) oblique normal 700 normal>) = 11.335
findfont: score(<Font 'MathJax_Math' (MathJax_Math-Italic.otf) italic normal 400 normal>) = 11.05
findfont: score(<Font 'Linux Libertine O' (LinLibertine_RZ.otf) normal normal 600 normal>) = 10.24
findfont: score(<Font 'Noto Sans' (NotoSans-ExtraCondensedLight.ttf) normal normal 300 condensed>) = 10.344999999999999
findfont: score(<Font 'Noto Sans' (NotoSans-SemiCondensedBlackItalic.ttf) italic normal 900 condensed>) = 11.725
findfont: score(<Font 'MathJax_Size4' (MathJax_Size4-Regular.otf) normal normal 400 normal>) = 10.05
findfont: score(<Font 'Padauk Book' (PadaukBook-Bold.ttf) normal normal 700 normal>) = 10.335
findfont: score(<Font 'MnSymbol' (MnSymbol9.otf) normal normal 400 normal>) = 10.05
findfont: score(<Font 'MathJax_Math' (MathJax_Math-Regular.otf) normal normal 400 normal>) = 10.05
findfont: score(<Font 'Noto Sans JP' (NotoSansJP-Bold.otf) normal normal 700 normal>) = 10.335
findfont: score(<Font 'Courier' (Courier.ttf) normal normal 400 normal>) = 10.05
findfont: score(<Font 'DejaVu Sans' (DejaVuSans.ttf) normal normal 400 normal>) = 0.05
findfont: score(<Font 'Latin Modern Roman Demi' (lmromandemi10-oblique.otf) oblique normal 600 normal>) = 11.24
findfont: score(<Font 'Amiri' (amiri-slanted.ttf) italic normal 400 normal>) = 11.05
findfont: score(<Font 'Source Sans Pro' (SourceSansPro-Black.ttf) normal normal 900 normal>) = 10.525
findfont: score(<Font 'DANTE' (DANTE.otf) normal normal 400 normal>) = 10.05
findfont: score(<Font 'Source Serif Pro' (SourceSerifPro-Bold.otf) normal normal 700 normal>) = 10.335
findfont: score(<Font 'IPAPGothic' (ipagp.ttf) normal normal 400 normal>) = 10.05
findfont: score(<Font 'Noto Sans' (NotoSans-SemiCondensedSemiBold.ttf) normal normal 600 condensed>) = 10.44
findfont: score(<Font 'AR PL UMing CN' (uming.ttc) normal normal 300 normal>) = 10.145
findfont: score(<Font 'TeX Gyre Bonum' (texgyrebonum-bolditalic.otf) italic normal 700 normal>) = 11.335
findfont: score(<Font 'Linux Biolinum O ' (LinBiolinum_RBO.otf) oblique normal 700 normal>) = 11.335
findfont: score(<Font 'URW Gothic L' (URWGothicL-Demi.ttf) normal normal 600 normal>) = 10.24
findfont: score(<Font 'Noto Sans' (NotoSans-CondensedItalic.ttf) italic normal 400 condensed>) = 11.25
findfont: score(<Font 'Source Sans Pro' (SourceSansPro-Semibold.otf) normal normal 600 normal>) = 10.24
findfont: score(<Font 'Serto Jerusalem' (SyrCOMJerusalem.otf) normal normal 400 normal>) = 10.05
findfont: score(<Font 'Open Sans' (OpenSans-ExtraBold.ttf) normal normal 800 normal>) = 10.43
findfont: score(<Font 'Noto Sans' (NotoSans-Italic.ttf) italic normal 400 normal>) = 11.05
findfont: score(<Font 'URW Palladio L' (URWPalladioL-Bold.ttf) normal normal 700 normal>) = 10.335
findfont: score(<Font 'Noto Sans' (NotoSans-CondensedLightItalic.ttf) italic normal 300 condensed>) = 11.344999999999999
findfont: score(<Font 'DejaVu Serif' (DejaVuSerifCondensed-BoldItalic.ttf) italic normal 700 condensed>) = 11.535
findfont: score(<Font 'Poppins' (Poppins-ExtraBoldItalic.ttf) italic normal 800 normal>) = 11.43
findfont: score(<Font 'Latin Modern Mono Caps' (lmmonocaps10-oblique.otf) oblique normal 400 normal>) = 11.05
findfont: score(<Font 'UnPilgi' (UnPilgi.ttf) normal normal 400 normal>) = 10.05
findfont: score(<Font 'URW Palladio L' (URWPalladioL-Ital.ttf) italic normal 400 normal>) = 11.05
findfont: score(<Font 'Goha-Tibeb Zemen' (GohaTibebZemen.otf) normal normal 500 normal>) = 10.145
findfont: score(<Font 'Noto Sans' (NotoSans-ExtraBold.ttf) normal normal 800 normal>) = 10.43
findfont: score(<Font 'Latin Modern Roman Slanted' (lmromanslant10-bold.otf) normal normal 700 normal>) = 10.335
findfont: score(<Font 'DANTE' (DANTE-Bold.otf) normal normal 400 normal>) = 10.05
findfont: score(<Font 'TeX Gyre Termes' (texgyretermes-italic.otf) italic normal 400 normal>) = 11.05
findfont: score(<Font 'Latin Modern Sans' (lmsans8-oblique.otf) oblique normal 400 normal>) = 11.05
findfont: score(<Font 'TeX Gyre PagellaX' (TeXGyrePagellaX-Italic.otf) italic normal 400 normal>) = 11.05
findfont: score(<Font 'TeX Gyre Schola' (texgyreschola-bold.otf) normal normal 700 normal>) = 10.335
findfont: score(<Font 'Nimbus Roman No9 L' (NimbusRomNo9L-Regu.ttf) normal normal 400 normal>) = 10.05
findfont: score(<Font 'Latin Modern Roman' (lmroman6-regular.otf) normal normal 400 normal>) = 10.05
findfont: score(<Font 'Droid Serif' (DroidSerif-Regular.ttf) normal normal 400 normal>) = 10.05
findfont: score(<Font 'Source Sans Pro' (SourceSansPro-ExtraLightIt.ttf) italic normal 200 normal>) = 11.24
findfont: score(<Font 'Roboto' (Roboto-BlackItalic.ttf) italic normal 900 normal>) = 11.525
findfont: score(<Font 'Nimbus Mono L' (NimbusMonL-Regu.ttf) normal normal 400 normal>) = 10.05
findfont: score(<Font 'Roboto Slab' (RobotoSlab-Thin.ttf) normal normal 250 normal>) = 10.1925
findfont: score(<Font 'TeX Gyre PagellaX' (TeXGyrePagellaX-Regular.otf) normal normal 400 normal>) = 10.05
findfont: score(<Font 'Roboto Condensed' (RobotoCondensed-BoldItalic.ttf) italic normal 700 condensed>) = 11.535
findfont: score(<Font 'Latin Modern Mono' (lmmono8-regular.otf) normal normal 400 normal>) = 10.05
findfont: score(<Font 'Liberation Sans Narrow' (LiberationSansNarrow-BoldItalic.ttf) italic normal 700 condensed>) = 11.535
findfont: score(<Font 'Century Schoolbook L' (CenturySchL-Ital.ttf) italic normal 400 normal>) = 11.05
findfont: score(<Font 'TeX Gyre Pagella' (texgyrepagella-italic.otf) italic normal 400 normal>) = 11.05
findfont: score(<Font 'Poppins' (Poppins-MediumItalic.ttf) italic normal 500 normal>) = 11.145
findfont: score(<Font 'PT Serif' (PTF56F.ttf) italic normal 400 normal>) = 11.05
findfont: score(<Font 'Latin Modern Roman' (lmroman12-bold.otf) normal normal 700 normal>) = 10.335
findfont: score(<Font 'Open Sans' (OpenSans-BoldItalic.ttf) italic normal 700 normal>) = 11.335
findfont: score(<Font 'Noto Sans' (NotoSans-SemiCondensedSemiBoldItalic.ttf) italic normal 600 condensed>) = 11.44
findfont: score(<Font 'DejaVu Sans Mono' (DejaVuSansMono-BoldOblique.ttf) oblique normal 700 normal>) = 11.335
findfont: score(<Font 'Noto Sans' (NotoSans-CondensedExtraLight.ttf) normal normal 200 condensed>) = 10.44
findfont: score(<Font 'FreeSerif' (FreeSerifBoldItalic.ttf) italic normal 700 normal>) = 11.335
findfont: score(<Font 'TeX Gyre Schola' (texgyreschola-regular.otf) normal normal 400 normal>) = 10.05
findfont: score(<Font 'Utopia' (Utopia-BoldItalic.ttf) italic normal 700 normal>) = 11.335
findfont: score(<Font 'Nimbus Sans L' (NimbusSanL-ReguCond.ttf) normal normal 400 condensed>) = 10.25
findfont: score(<Font 'Noto Sans' (NotoSans-ExtraLight.ttf) normal normal 200 normal>) = 10.24
findfont: score(<Font 'Linux Libertine Initials O' (LinLibertine_I.otf) normal normal 400 normal>) = 10.05
findfont: score(<Font 'Menaion Unicode TT' (MenaionUnicode.ttf) normal normal 400 normal>) = 10.05
findfont: score(<Font 'Roboto Condensed' (RobotoCondensed-Italic.ttf) italic normal 400 condensed>) = 11.25
findfont: score(<Font 'Noto Sans' (NotoSans-CondensedLight.ttf) normal normal 300 condensed>) = 10.344999999999999
findfont: score(<Font 'Source Sans Pro' (SourceSansPro-Regular.ttf) normal normal 400 normal>) = 10.05
findfont: score(<Font 'Droid Sans Tamil' (DroidSansTamil-Regular.ttf) normal normal 400 normal>) = 10.05
findfont: score(<Font 'Roboto' (Roboto-LightItalic.ttf) italic normal 300 normal>) = 11.145
findfont: score(<Font 'Serto Batnan' (SyrCOMBatnan.otf) normal normal 400 normal>) = 10.05
findfont: score(<Font 'Latin Modern Mono Slanted' (lmmonoslant10-regular.otf) normal normal 400 normal>) = 10.05
findfont: score(<Font 'Source Code Pro' (SourceCodePro-Light.otf) normal normal 300 normal>) = 10.145
findfont: score(<Font 'PT Serif' (PTF76F.ttf) italic normal 700 normal>) = 11.335
findfont: score(<Font 'Droid Serif' (DroidSerif-Bold.ttf) normal normal 700 normal>) = 10.335
findfont: score(<Font 'Khmer OS Fasthand' (KhmerOS_fasthand.ttf) normal normal 400 normal>) = 10.05
findfont: score(<Font 'Latin Modern Roman' (lmroman10-bold.otf) normal normal 700 normal>) = 10.335
findfont: score(<Font 'Source Serif Pro' (SourceSerifPro-ExtraLight.otf) normal normal 200 normal>) = 10.24
findfont: score(<Font 'Dingbats' (Dingbats.ttf) normal normal 400 normal>) = 10.05
findfont: score(<Font 'Indiction Unicode' (IndictionUnicode.otf) normal normal 500 normal>) = 10.145
findfont: score(<Font 'Noto Sans' (NotoSans-ExtraCondensedBlack.ttf) normal normal 900 condensed>) = 10.725
findfont: score(<Font 'Noto Sans KR' (NotoSansKR-Bold.otf) normal normal 700 normal>) = 10.335
findfont: score(<Font 'Droid Sans Japanese' (DroidSansJapanese.ttf) normal normal 400 normal>) = 10.05
findfont: score(<Font 'Open Sans' (OpenSans-CondLightItalic.ttf) italic normal 300 condensed>) = 11.344999999999999
findfont: score(<Font 'Serto Urhoy' (SyrCOMUrhoyBold.otf) normal normal 700 normal>) = 10.335
findfont: score(<Font 'Bitstream Charter' (CharterBT-Roman.ttf) normal normal 400 normal>) = 10.05
findfont: score(<Font 'Noto Sans' (NotoSans-CondensedThinItalic.ttf) italic normal 100 condensed>) = 11.535
findfont: score(<Font 'Nimbus Mono L' (NimbusMonL-BoldObli.ttf) oblique normal 700 normal>) = 11.335
findfont: score(<Font 'Trebuchet MS' (trebucbi.ttf) italic normal 700 normal>) = 11.335
findfont: score(<Font 'DejaVu Serif' (DejaVuSerif-Bold.ttf) normal normal 700 normal>) = 10.335
findfont: score(<Font 'Carlito' (Carlito-Italic.ttf) italic normal 400 normal>) = 11.05
findfont: score(<Font 'Luxi Sans' (luxisbi.ttf) oblique normal 700 normal>) = 11.335
findfont: score(<Font 'Latin Modern Mono Prop' (lmmonoprop10-oblique.otf) oblique normal 400 normal>) = 11.05
findfont: score(<Font 'Estrangelo Quenneshrin' (SyrCOMQenNeshrin.otf) normal normal 400 normal>) = 10.05
findfont: score(<Font 'Droid Serif' (DroidSerif-BoldItalic.ttf) italic normal 700 normal>) = 11.335
findfont: score(<Font 'Bitstream Charter' (CharterBT-Bold.ttf) normal normal 700 normal>) = 10.335
findfont: score(<Font 'Latin Modern Roman Slanted' (lmromanslant17-regular.otf) normal normal 400 normal>) = 10.05
findfont: score(<Font 'Droid Sans Ethiopic' (DroidSansEthiopic-Regular.ttf) normal normal 400 normal>) = 10.05
findfont: score(<Font 'Khmer OS Muol' (KhmerOS_muol.ttf) normal normal 400 normal>) = 10.05
findfont: score(<Font 'Latin Modern Mono Prop' (lmmonoprop10-regular.otf) normal normal 400 normal>) = 10.05
findfont: score(<Font 'Source Sans Pro' (SourceSansPro-It.ttf) italic normal 400 normal>) = 11.05
findfont: score(<Font 'DejaVu Sans' (DejaVuSansCondensed.ttf) normal normal 400 condensed>) = 0.25
findfont: score(<Font 'DejaVu Sans Mono' (DejaVuSansMono.ttf) normal normal 400 normal>) = 10.05
findfont: score(<Font 'DejaVu Sans' (DejaVuSans-Oblique.ttf) oblique normal 400 normal>) = 1.05
findfont: score(<Font 'Open Sans' (OpenSans-BoldItalic.ttf) italic normal 700 normal>) = 11.335
findfont: score(<Font 'Source Sans Pro' (SourceSansPro-Light.ttf) normal normal 300 normal>) = 10.145
findfont: score(<Font 'Noto Sans' (NotoSans-ExtraCondensedLightItalic.ttf) italic normal 300 condensed>) = 11.344999999999999
findfont: score(<Font 'Noto Sans' (NotoSans-CondensedMedium.ttf) normal normal 500 condensed>) = 10.344999999999999
findfont: score(<Font 'Roboto' (Roboto-ThinItalic.ttf) italic normal 250 normal>) = 11.1925
findfont: score(<Font 'Bitstream Vera Sans' (Vera.ttf) normal normal 400 normal>) = 0.9590909090909092
findfont: score(<Font 'Noto Sans' (NotoSans-CondensedSemiBold.ttf) normal normal 600 condensed>) = 10.44
findfont: score(<Font 'TeX Gyre PagellaX' (TeXGyrePagellaX-Bold.otf) normal normal 700 normal>) = 10.335
findfont: score(<Font 'Noto Sans' (NotoSans-CondensedSemiBoldItalic.ttf) italic normal 600 condensed>) = 11.44
findfont: score(<Font 'Charis SIL' (CharisSIL-R.ttf) normal normal 400 normal>) = 10.05
findfont: score(<Font 'Linux Biolinum Keyboard O' (LinBiolinum_K.otf) normal normal 700 normal>) = 10.335
findfont: score(<Font 'Latin Modern Roman' (lmroman5-bold.otf) normal normal 700 normal>) = 10.335
findfont: score(<Font 'DejaVu Sans Mono' (DejaVuSansMono-Bold.ttf) normal normal 700 normal>) = 10.335
findfont: score(<Font 'Luxi Sans' (luxisr.ttf) normal normal 400 normal>) = 10.05
findfont: score(<Font 'Latin Modern Mono Light' (lmmonolt10-regular.otf) normal normal 400 normal>) = 10.05
findfont: score(<Font 'Source Code Pro' (SourceCodePro-SemiboldIt.otf) italic normal 600 normal>) = 11.24
findfont: score(<Font 'Linux Libertine O' (LinLibertine_RB.otf) normal normal 700 normal>) = 10.335
findfont: score(<Font 'Roboto Condensed' (RobotoCondensed-Regular.ttf) normal normal 400 condensed>) = 10.25
findfont: score(<Font 'MnSymbol' (MnSymbol10.otf) normal normal 400 normal>) = 10.05
findfont: score(<Font 'Latin Modern Roman' (lmroman8-italic.otf) italic normal 400 normal>) = 11.05
findfont: score(<Font 'Bangwool' (Bangwool.ttf) normal normal 500 normal>) = 10.145
findfont: score(<Font 'Nimbus Sans L' (NimbusSanL-ReguCondItal.ttf) italic normal 400 condensed>) = 11.25
findfont: score(<Font 'Cantarell' (Cantarell-ExtraBold.otf) normal normal 800 normal>) = 10.43
findfont: score(<Font 'DejaVu Sans' (DejaVuSansCondensed-Bold.ttf) normal normal 700 condensed>) = 0.5349999999999999
findfont: score(<Font 'Source Code Pro' (SourceCodePro-MediumIt.otf) italic normal 500 normal>) = 11.145
findfont: score(<Font 'DejaVu Serif' (DejaVuSerifCondensed.ttf) normal normal 400 condensed>) = 10.25
findfont: score(<Font 'Source Sans Pro' (SourceSansPro-BoldIt.otf) italic normal 700 normal>) = 11.335
findfont: score(<Font 'MnSymbol' (MnSymbol5.otf) normal normal 400 normal>) = 10.05
findfont: score(<Font 'Latin Modern Roman Caps' (lmromancaps10-oblique.otf) oblique normal 400 normal>) = 11.05
findfont: score(<Font 'MathJax_Script' (MathJax_Script-Regular.otf) normal normal 400 normal>) = 10.05
findfont: score(<Font 'UnYetgul' (UnYetgul.ttf) normal normal 700 normal>) = 10.335
findfont: score(<Font 'Anonymous Pro' (AnonymousPro-Bold.ttf) normal normal 700 normal>) = 10.335
findfont: score(<Font 'DejaVu Sans Mono' (DejaVuSansMono-Bold.ttf) normal normal 700 normal>) = 10.335
findfont: score(<Font 'Latin Modern Mono' (lmmono12-regular.otf) normal normal 400 normal>) = 10.05
findfont: score(<Font 'UnBatang' (UnBatangBold.ttf) normal normal 700 normal>) = 10.335
findfont: score(<Font 'Liberation Mono' (LiberationMono-Bold.ttf) normal normal 700 normal>) = 10.335
findfont: score(<Font 'TeX Gyre Bonum' (texgyrebonum-regular.otf) normal normal 400 normal>) = 10.05
findfont: score(<Font 'Comic Sans MS' (comic.ttf) normal normal 400 normal>) = 10.05
findfont: score(<Font 'Noto Sans' (NotoSans-SemiBold.ttf) normal normal 600 normal>) = 10.24
findfont: score(<Font 'Noto Sans' (NotoSans-CondensedBlack.ttf) normal normal 900 condensed>) = 10.725
findfont: score(<Font 'Estrangelo Nisibin' (SyrCOMNisibin.otf) normal normal 400 normal>) = 10.05
findfont: score(<Font 'MnSymbol' (MnSymbol-Bold10.otf) normal normal 700 normal>) = 10.335
findfont: score(<Font 'Noto Sans SC' (NotoSansSC-Bold.otf) normal normal 700 normal>) = 10.335
findfont: score(<Font 'Hack' (Hack-Regular.ttf) normal normal 400 normal>) = 10.05
findfont: score(<Font 'Latin Modern Roman' (lmroman10-regular.otf) normal normal 400 normal>) = 10.05
findfont: score(<Font 'Hack' (Hack-BoldItalic.ttf) italic normal 700 normal>) = 11.335
findfont: score(<Font 'Poppins' (Poppins-ExtraLightItalic.ttf) italic normal 275 normal>) = 11.16875
findfont: score(<Font 'Khmer OS System' (KhmerOS_sys.ttf) normal normal 400 normal>) = 10.05
findfont: score(<Font 'Noto Sans' (NotoSans-CondensedBold.ttf) normal normal 700 condensed>) = 10.535
findfont: score(<Font 'URW Bookman L' (URWBookmanL-Ligh.ttf) normal normal 500 normal>) = 10.145
findfont: score(<Font 'Open Sans' (OpenSans-Bold.ttf) normal normal 700 normal>) = 10.335
findfont: score(<Font 'Georgia' (georgiaz.ttf) italic normal 700 normal>) = 11.335
findfont: score(<Font 'Roboto' (Roboto-Thin.ttf) normal normal 250 normal>) = 10.1925
findfont: score(<Font 'UnDotum' (UnDotumBold.ttf) normal normal 700 normal>) = 10.335
findfont: score(<Font 'Bitstream Charter' (CharterBT-BoldItalic.ttf) italic normal 700 normal>) = 11.335
findfont: score(<Font 'Standard Symbols L' (StandardSymL.ttf) normal normal 400 normal>) = 10.05
findfont: score(<Font 'PT Serif Caption' (PTZ56F.ttf) italic normal 400 normal>) = 11.05
findfont: score(<Font 'Latin Modern Sans' (lmsans17-regular.otf) normal normal 400 normal>) = 10.05
findfont: score(<Font 'TeX Gyre Bonum' (texgyrebonum-bold.otf) normal normal 700 normal>) = 10.335
findfont: score(<Font 'Noto Sans' (NotoSans-Regular.ttf) normal normal 400 normal>) = 10.05
findfont: score(<Font 'Latin Modern Roman Unslanted' (lmromanunsl10-regular.otf) normal normal 400 normal>) = 10.05
findfont: score(<Font 'Luxi Serif' (luxirr.ttf) normal normal 400 normal>) = 10.05
findfont: score(<Font 'URW Palladio L' (URWPalladioL-Roma.ttf) normal normal 400 normal>) = 10.05
findfont: score(<Font 'Noto Sans' (NotoSans-CondensedMediumItalic.ttf) italic normal 500 condensed>) = 11.344999999999999
findfont: score(<Font 'FontAwesome' (FontAwesome.otf) normal normal 400 normal>) = 10.05
findfont: score(<Font 'Caladea' (Caladea-Bold.ttf) normal normal 700 normal>) = 10.335
findfont: score(<Font 'Droid Sans' (DroidSans.ttf) normal normal 400 normal>) = 10.05
findfont: score(<Font 'TeX Gyre Bonum Math' (texgyrebonum-math.otf) normal normal 400 normal>) = 10.05
findfont: score(<Font 'Khmer OS' (KhmerOS.ttf) normal normal 400 normal>) = 10.05
findfont: score(<Font 'Source Sans Pro' (SourceSansPro-ExtraLightIt.otf) italic normal 200 normal>) = 11.24
findfont: score(<Font 'Bitstream Vera Sans Mono' (VeraMoBI.ttf) oblique normal 700 normal>) = 11.335
findfont: score(<Font 'Noto Sans' (NotoSans-ExtraCondensedSemiBold.ttf) normal normal 600 condensed>) = 10.44
findfont: score(<Font 'Source Code Pro' (SourceCodePro-Medium.otf) normal normal 500 normal>) = 10.145
findfont: score(<Font 'Source Code Pro' (SourceCodePro-Light.otf) normal normal 300 normal>) = 10.145
findfont: score(<Font 'Trebuchet MS' (trebuc.ttf) normal normal 400 normal>) = 10.05
findfont: score(<Font 'FreeSerif' (FreeSerifItalic.ttf) italic normal 400 normal>) = 11.05
findfont: score(<Font 'Noto Sans JP' (NotoSansJP-Regular.otf) normal normal 400 normal>) = 10.05
findfont: score(<Font 'Trebuchet MS' (trebucbd.ttf) normal normal 700 normal>) = 10.335
findfont: score(<Font 'Estrangelo Talada' (SyrCOMTalada.otf) normal normal 400 normal>) = 10.05
findfont: score(<Font 'Source Code Pro' (SourceCodePro-LightIt.otf) italic normal 300 normal>) = 11.145
findfont: score(<Font 'Bitstream Vera Sans Mono' (VeraMono.ttf) normal normal 400 normal>) = 10.05
findfont: score(<Font 'Poppins' (Poppins-SemiBold.ttf) normal normal 600 normal>) = 10.24
findfont: score(<Font 'Open Sans' (OpenSans-Italic.ttf) italic normal 400 normal>) = 11.05
findfont: score(<Font 'Latin Modern Roman' (lmroman8-bold.otf) normal normal 700 normal>) = 10.335
findfont: score(<Font 'Roboto' (Roboto-BoldItalic.ttf) italic normal 700 normal>) = 11.335
findfont: score(<Font 'MathJax_Fraktur' (MathJax_Fraktur-Bold.otf) normal normal 700 normal>) = 10.335
findfont: score(<Font 'Caladea' (Caladea-Regular.ttf) normal normal 400 normal>) = 10.05
findfont: score(<Font 'UnPen' (UnPen.ttf) normal normal 400 normal>) = 10.05
findfont: score(<Font 'Noto Sans' (NotoSans-Light.ttf) normal normal 300 normal>) = 10.145
findfont: score(<Font 'Liberation Mono' (LiberationMono-Italic.ttf) italic normal 400 normal>) = 11.05
findfont: score(<Font 'Liberation Serif' (LiberationSerif-Regular.ttf) normal normal 400 normal>) = 10.05
findfont: score(<Font 'Luxi Sans' (luxisb.ttf) normal normal 700 normal>) = 10.335
findfont: score(<Font 'MnSymbol' (MnSymbol-Bold12.otf) normal normal 700 normal>) = 10.335
findfont: score(<Font 'MathJax_Main' (MathJax_Main-Regular.otf) normal normal 400 normal>) = 10.05
findfont: score(<Font 'Impact' (impact.ttf) normal normal 400 normal>) = 10.05
findfont: score(<Font 'PT Sans' (PTS75F.ttf) normal normal 700 normal>) = 10.335
findfont: score(<Font 'Source Code Pro' (SourceCodePro-BoldIt.otf) italic normal 700 normal>) = 11.335
findfont: score(<Font 'FreeMono' (FreeMonoBoldOblique.ttf) oblique normal 700 normal>) = 11.335
findfont: score(<Font 'Liberation Serif' (LiberationSerif-Bold.ttf) normal normal 700 normal>) = 10.335
findfont: score(<Font 'Padauk Book' (PadaukBook-Regular.ttf) normal normal 400 normal>) = 10.05
findfont: score(<Font 'Noto Sans' (NotoSans-Condensed.ttf) normal normal 400 condensed>) = 10.25
findfont: score(<Font 'Latin Modern Roman' (lmroman9-regular.otf) normal normal 400 normal>) = 10.05
findfont: score(<Font 'Latin Modern Roman' (lmroman9-italic.otf) italic normal 400 normal>) = 11.05
findfont: score(<Font 'Luxi Serif' (luxirbi.ttf) oblique normal 700 normal>) = 11.335
findfont: score(<Font 'Latin Modern Sans' (lmsans17-oblique.otf) oblique normal 400 normal>) = 11.05
findfont: score(<Font 'Latin Modern Mono Prop Light' (lmmonoproplt10-regular.otf) normal normal 400 normal>) = 10.05
findfont: score(<Font 'Latin Modern Roman' (lmroman10-bolditalic.otf) italic normal 700 normal>) = 11.335
findfont: score(<Font 'Latin Modern Mono Light' (lmmonolt10-bold.otf) normal normal 700 normal>) = 10.335
findfont: score(<Font 'Noto Sans' (NotoSans-ExtraCondensedThin.ttf) normal normal 100 condensed>) = 10.535
findfont: score(<Font 'Courier 10 Pitch' (Courier10PitchBT-Bold.ttf) normal normal 700 normal>) = 10.335
findfont: score(<Font 'Arial' (arialbi.ttf) italic normal 700 normal>) = 7.698636363636363
findfont: score(<Font 'Sazanami Mincho' (sazanami-mincho.ttf) normal normal 500 normal>) = 10.145
findfont: score(<Font 'Carlito' (Carlito-Bold.ttf) normal normal 700 normal>) = 10.335
findfont: score(<Font 'Luxi Sans' (luxisri.ttf) oblique normal 400 normal>) = 11.05
findfont: score(<Font 'DejaVu Sans' (DejaVuSans-Bold.ttf) normal normal 700 normal>) = 0.33499999999999996
findfont: score(<Font 'Source Sans Pro' (SourceSansPro-Bold.ttf) normal normal 700 normal>) = 10.335
findfont: score(<Font 'Poppins' (Poppins-Black.ttf) normal normal 900 normal>) = 10.525
findfont: score(<Font 'DejaVu Sans Mono' (DejaVuSansMono-Oblique.ttf) oblique normal 400 normal>) = 11.05
findfont: score(<Font 'Noto Sans' (NotoSans-SemiCondensedExtraLight.ttf) normal normal 200 condensed>) = 10.44
findfont: score(<Font 'Latin Modern Roman Slanted' (lmromanslant10-regular.otf) normal normal 400 normal>) = 10.05
findfont: score(<Font 'Roboto' (Roboto-Black.ttf) normal normal 900 normal>) = 10.525
findfont: score(<Font 'Source Serif Pro' (SourceSerifPro-ExtraLight.ttf) normal normal 200 normal>) = 10.24
findfont: score(<Font 'Open Sans' (OpenSans-Regular.ttf) normal normal 400 normal>) = 10.05
findfont: score(<Font 'Source Sans Pro' (SourceSansPro-BoldIt.ttf) italic normal 700 normal>) = 11.335
findfont: score(<Font 'Source Code Pro' (SourceCodePro-MediumIt.otf) italic normal 500 normal>) = 11.145
findfont: score(<Font 'DejaVu Serif' (DejaVuSerif-Bold.ttf) normal normal 700 normal>) = 10.335
findfont: score(<Font 'FreeSans' (FreeSans.ttf) normal normal 400 normal>) = 10.05
findfont: score(<Font 'DejaVu Serif' (DejaVuSerifCondensed-Bold.ttf) normal normal 700 condensed>) = 10.535
findfont: score(<Font 'TeX Gyre Cursor' (texgyrecursor-bold.otf) normal normal 700 normal>) = 10.335
findfont: score(<Font 'Indiction Unicode TT' (IndictionUnicode.ttf) normal normal 500 normal>) = 10.145
findfont: score(<Font 'Latin Modern Mono Light Cond' (lmmonoltcond10-regular.otf) normal normal 400 condensed>) = 10.25
findfont: score(<Font 'Latin Modern Roman' (lmroman12-regular.otf) normal normal 400 normal>) = 10.05
findfont: score(<Font 'URW Bookman L' (URWBookmanL-DemiBoldItal.ttf) italic normal 600 normal>) = 11.24
findfont: score(<Font 'Serto Kharput' (SyrCOMKharput.otf) normal normal 400 normal>) = 10.05
findfont: score(<Font 'PT Sans Narrow' (PTN57F.ttf) normal normal 400 condensed>) = 10.25
findfont: score(<Font 'Verdana' (verdanab.ttf) normal normal 700 normal>) = 3.9713636363636367
findfont: score(<Font 'TeX Gyre Termes' (texgyretermes-bold.otf) normal normal 700 normal>) = 10.335
findfont: score(<Font 'Anonymous Pro' (AnonymousPro-BoldItalic.ttf) italic normal 700 normal>) = 11.335
findfont: score(<Font 'Noto Sans' (NotoSans-ExtraCondensed.ttf) normal normal 400 condensed>) = 10.25
findfont: score(<Font 'Open Sans' (OpenSans-Italic.ttf) italic normal 400 normal>) = 11.05
findfont: score(<Font 'Droid Sans Fallback' (DroidSansFallbackFull.ttf) normal normal 400 normal>) = 10.05
findfont: score(<Font 'MnSymbol' (MnSymbol-Bold7.otf) normal normal 700 normal>) = 10.335
findfont: score(<Font 'DejaVu Sans' (DejaVuSans-ExtraLight.ttf) normal normal 200 normal>) = 0.24
findfont: score(<Font 'DejaVu Serif' (DejaVuSerifCondensed-BoldItalic.ttf) italic normal 700 condensed>) = 11.535
findfont: score(<Font 'Latin Modern Roman' (lmroman8-regular.otf) normal normal 400 normal>) = 10.05
findfont: score(<Font 'Charis SIL' (CharisSIL-I.ttf) italic normal 400 normal>) = 11.05
findfont: score(<Font 'Baekmuk Dotum' (dotum.ttf) normal normal 400 normal>) = 10.05
findfont: score(<Font 'Khmer OS Content' (KhmerOS_content.ttf) normal normal 400 normal>) = 10.05
findfont: score(<Font 'MathJax_Size2' (MathJax_Size2-Regular.otf) normal normal 400 normal>) = 10.05
findfont: score(<Font 'UnBom' (UnBom.ttf) normal normal 700 normal>) = 10.335
findfont: score(<Font 'Nimbus Roman No9 L' (NimbusRomNo9L-ReguItal.ttf) italic normal 400 normal>) = 11.05
findfont: score(<Font 'URW Bookman L' (URWBookmanL-LighItal.ttf) italic normal 400 normal>) = 11.05
findfont: score(<Font 'Bitstream Vera Serif' (VeraSe.ttf) normal normal 400 normal>) = 10.05
findfont: score(<Font 'Century Schoolbook L' (CenturySchL-Bold.ttf) normal normal 700 normal>) = 10.335
findfont: score(<Font 'Luxi Serif' (luxirri.ttf) oblique normal 400 normal>) = 11.05
findfont: score(<Font 'Source Code Pro' (SourceCodePro-Regular.otf) normal normal 400 normal>) = 10.05
findfont: score(<Font 'UnPilgia' (UnPilgia.ttf) normal normal 400 normal>) = 10.05
findfont: score(<Font 'Source Serif Pro' (SourceSerifPro-Semibold.otf) normal normal 600 normal>) = 10.24
findfont: score(<Font 'Bitstream Vera Sans Mono' (VeraMoBd.ttf) normal normal 700 normal>) = 10.335
findfont: score(<Font 'Latin Modern Sans' (lmsans10-oblique.otf) oblique normal 400 normal>) = 11.05
findfont: score(<Font 'Source Sans Pro' (SourceSansPro-SemiboldIt.otf) italic normal 600 normal>) = 11.24
findfont: score(<Font 'Serto Mardin' (SyrCOMMardinBold.otf) normal normal 700 normal>) = 10.335
findfont: score(<Font 'PT Sans' (PTS55F.ttf) normal normal 400 normal>) = 10.05
findfont: score(<Font 'UnShinmun' (UnShinmun.ttf) normal normal 400 normal>) = 10.05
findfont: score(<Font 'URW Chancery L' (URWChanceryL-MediItal.ttf) italic normal 500 normal>) = 11.145
findfont: score(<Font 'Sazanami Gothic' (sazanami-gothic.ttf) normal normal 500 normal>) = 10.145
findfont: score(<Font 'Latin Modern Roman' (lmroman5-regular.otf) normal normal 400 normal>) = 10.05
findfont: score(<Font 'Noto Sans' (NotoSans-SemiCondensed.ttf) normal normal 400 condensed>) = 10.25
findfont: score(<Font 'Source Serif Pro' (SourceSerifPro-Semibold.ttf) normal normal 600 normal>) = 10.24
findfont: score(<Font 'UnJamoSora' (UnJamoSora.ttf) normal normal 400 normal>) = 10.05
findfont: score(<Font 'TeX Gyre Heros Cn' (texgyreheroscn-bolditalic.otf) italic normal 700 normal>) = 11.335
findfont: score(<Font 'PT Sans Caption' (PTC55F.ttf) normal normal 400 normal>) = 10.05
findfont: score(<Font 'Century Schoolbook L' (CenturySchL-Roma.ttf) normal normal 400 normal>) = 10.05
findfont: score(<Font 'Nimbus Sans L' (NimbusSanL-Bold.ttf) normal normal 700 normal>) = 10.335
findfont: score(<Font 'Open Sans' (OpenSans-Semibold.ttf) normal normal 600 normal>) = 10.24
findfont: score(<Font 'Droid Arabic Naskh' (DroidNaskh-Regular.ttf) normal normal 400 normal>) = 10.05
findfont: score(<Font 'Khmer OS Muol Light' (KhmerOS_muollight.ttf) normal normal 400 normal>) = 10.05
findfont: score(<Font 'Ponomar Unicode TT' (PonomarUnicode.ttf) normal normal 400 normal>) = 10.05
findfont: score(<Font 'Droid Sans Tamil' (DroidSansTamil-Bold.ttf) normal normal 700 normal>) = 10.335
findfont: score(<Font 'Latin Modern Sans' (lmsans8-regular.otf) normal normal 400 normal>) = 10.05
findfont: score(<Font 'Roboto Slab' (RobotoSlab-Bold.ttf) normal normal 700 normal>) = 10.335
findfont: score(<Font 'Open Sans Condensed' (OpenSans-CondBold.ttf) normal normal 700 condensed>) = 10.535
findfont: score(<Font 'Heuristica' (Heuristica-Italic.otf) italic normal 400 normal>) = 11.05
findfont: score(<Font 'DejaVu Serif' (DejaVuSerif.ttf) normal normal 400 normal>) = 10.05
findfont: score(<Font 'Cantarell' (Cantarell-Bold.otf) normal normal 700 normal>) = 10.335
findfont: score(<Font 'DejaVu Sans' (DejaVuSansCondensed-Oblique.ttf) oblique normal 400 condensed>) = 1.25
findfont: score(<Font 'Open Sans' (OpenSans-ExtraBoldItalic.ttf) italic normal 800 normal>) = 11.43
findfont: score(<Font 'UnDinaru' (UnDinaruLight.ttf) normal normal 300 normal>) = 10.145
findfont: score(<Font 'Latin Modern Sans' (lmsans9-regular.otf) normal normal 400 normal>) = 10.05
findfont: score(<Font 'Charis SIL' (CharisSIL-BI.ttf) italic normal 700 normal>) = 11.335
findfont: score(<Font 'Poppins' (Poppins-Bold.ttf) normal normal 700 normal>) = 10.335
findfont: score(<Font 'TeX Gyre TermesX' (TeXGyreTermesX-Italic.otf) italic normal 400 normal>) = 11.05
findfont: score(<Font 'Noto Sans' (NotoSans-SemiCondensedBlack.ttf) normal normal 900 condensed>) = 10.725
findfont: score(<Font 'Latin Modern Roman' (lmroman10-italic.otf) italic normal 400 normal>) = 11.05
findfont: score(<Font 'Source Code Pro' (SourceCodePro-Bold.otf) normal normal 700 normal>) = 10.335
findfont: score(<Font 'DejaVu Sans' (DejaVuSans-Bold.ttf) normal normal 700 normal>) = 0.33499999999999996
findfont: score(<Font 'TeX Gyre Heros' (texgyreheros-bold.otf) normal normal 700 normal>) = 10.335
findfont: score(<Font 'PT Serif Caption' (PTZ55F.ttf) normal normal 400 normal>) = 10.05
findfont: score(<Font 'Liberation Sans' (LiberationSans-Italic.ttf) italic normal 400 normal>) = 11.05
findfont: score(<Font 'Hack' (Hack-Bold.ttf) normal normal 700 normal>) = 10.335
findfont: score(<Font 'Linux Biolinum O' (LinBiolinum_RI.otf) italic normal 400 normal>) = 11.05
findfont: score(<Font 'TeX Gyre Heros' (texgyreheros-regular.otf) normal normal 400 normal>) = 10.05
findfont: score(<Font 'TomsCallout' (TomsCallouts.ttf) normal normal 400 normal>) = 10.05
findfont: score(<Font 'Latin Modern Mono Prop Light' (lmmonoproplt10-oblique.otf) oblique normal 400 normal>) = 11.05
findfont: score(<Font 'Noto Sans' (NotoSans-SemiBoldItalic.ttf) italic normal 600 normal>) = 11.24
findfont: score(<Font 'Open Sans' (OpenSans-CondLight.ttf) normal normal 300 condensed>) = 10.344999999999999
findfont: score(<Font 'Arial Black' (ariblk.ttf) normal normal 400 normal>) = 10.05
findfont: score(<Font 'Times New Roman' (timesbd.ttf) normal normal 700 normal>) = 10.335
findfont: score(<Font 'Source Code Pro' (SourceCodePro-ExtraLightIt.otf) italic normal 200 normal>) = 11.24
findfont: score(<Font 'Serto Jerusalem Outline' (SyrCOMJerusalemOutline.otf) normal normal 400 normal>) = 10.05
findfont: score(<Font 'Open Sans' (OpenSans-LightItalic.ttf) italic normal 300 normal>) = 11.145
findfont: score(<Font 'Open Sans' (OpenSans-Bold.ttf) normal normal 700 normal>) = 10.335
findfont: score(<Font 'Khmer OS Bokor' (KhmerOS_bokor.ttf) normal normal 400 normal>) = 10.05
findfont: score(<Font 'Noto Sans' (NotoSans-ExtraCondensedExtraLight.ttf) normal normal 200 condensed>) = 10.44
findfont: score(<Font 'Baekmuk Batang' (batang.ttf) normal normal 400 normal>) = 10.05
findfont: score(<Font 'DejaVu Sans' (DejaVuSansCondensed-BoldOblique.ttf) oblique normal 700 condensed>) = 1.535
findfont: score(<Font 'Latin Modern Sans' (lmsans10-boldoblique.otf) oblique normal 700 normal>) = 11.335
findfont: score(<Font 'Nimbus Sans L' (NimbusSanL-Regu.ttf) normal normal 400 normal>) = 10.05
findfont: score(<Font 'FreeMono' (FreeMono.ttf) normal normal 400 normal>) = 10.05
findfont: score(<Font 'Source Serif Pro' (SourceSerifPro-Regular.ttf) normal normal 400 normal>) = 10.05
findfont: score(<Font 'Estrangelo TurAbdin' (SyrCOMTurAbdin.otf) normal normal 400 normal>) = 10.05
findfont: score(<Font 'DejaVu Sans' (DejaVuSans-BoldOblique.ttf) oblique normal 700 normal>) = 1.335
findfont: score(<Font 'Droid Serif' (DroidSerif-Italic.ttf) italic normal 400 normal>) = 11.05
findfont: score(<Font 'UnGraphic' (UnGraphicBold.ttf) normal normal 700 normal>) = 10.335
findfont: score(<Font 'PT Mono' (PTM75F.ttf) normal normal 700 normal>) = 10.335
findfont: score(<Font 'TeX Gyre Chorus' (texgyrechorus-mediumitalic.otf) normal normal 500 normal>) = 10.145
findfont: score(<Font 'Latin Modern Roman' (lmroman6-bold.otf) normal normal 700 normal>) = 10.335
findfont: score(<Font 'Open Sans' (OpenSans-LightItalic.ttf) italic normal 300 normal>) = 11.145
findfont: score(<Font 'Roboto' (Roboto-Light.ttf) normal normal 300 normal>) = 10.145
findfont: score(<Font 'Source Sans Pro' (SourceSansPro-Light.otf) normal normal 300 normal>) = 10.145
findfont: score(<Font 'Source Code Pro' (SourceCodePro-It.otf) italic normal 400 normal>) = 11.05
findfont: score(<Font 'Latin Modern Roman' (lmroman7-italic.otf) italic normal 400 normal>) = 11.05
findfont: score(<Font 'UnDinaru' (UnDinaruBold.ttf) normal normal 700 normal>) = 10.335
findfont: score(<Font 'Arial' (arial.ttf) normal normal 400 normal>) = 6.413636363636363
findfont: score(<Font 'Source Sans Pro' (SourceSansPro-LightIt.ttf) italic normal 300 normal>) = 11.145
findfont: score(<Font 'Serto Jerusalem' (SyrCOMJerusalemBold.otf) normal normal 700 normal>) = 10.335
findfont: score(<Font 'Andale Mono' (andalemo.ttf) normal normal 400 normal>) = 10.05
findfont: score(<Font 'DejaVu Serif' (DejaVuSerifCondensed-Bold.ttf) normal normal 700 condensed>) = 10.535
findfont: score(<Font 'TeX Gyre Pagella Math' (texgyrepagella-math.otf) normal normal 400 normal>) = 10.05
findfont: score(<Font 'Liberation Serif' (LiberationSerif-Italic.ttf) italic normal 400 normal>) = 11.05
findfont: score(<Font 'Nimbus Sans L' (NimbusSanL-BoldCond.ttf) normal normal 700 condensed>) = 10.535
findfont: score(<Font 'PT Serif' (PTF55F.ttf) normal normal 400 normal>) = 10.05
findfont: score(<Font 'Latin Modern Mono' (lmmono10-regular.otf) normal normal 400 normal>) = 10.05
findfont: score(<Font 'Noto Sans' (NotoSans-CondensedExtraLightItalic.ttf) italic normal 200 condensed>) = 11.44
findfont: score(<Font 'Droid Sans Armenian' (DroidSansArmenian.ttf) normal normal 400 normal>) = 10.05
findfont: score(<Font 'TeX Gyre Heros' (texgyreheros-italic.otf) italic normal 400 normal>) = 11.05
findfont: score(<Font 'Latin Modern Sans' (lmsans12-regular.otf) normal normal 400 normal>) = 10.05
findfont: score(<Font 'UnGraphic' (UnGraphic.ttf) normal normal 400 normal>) = 10.05
findfont: score(<Font 'Latin Modern Sans Quotation' (lmsansquot8-boldoblique.otf) oblique normal 700 normal>) = 11.335
findfont: score(<Font 'Linux Biolinum O' (LinBiolinum_RB.otf) normal normal 700 normal>) = 10.335
findfont: score(<Font 'PT Sans' (PTS56F.ttf) italic normal 400 normal>) = 11.05
findfont: score(<Font 'STIXGeneral' (STIXGeneral-Italic.otf) italic normal 400 normal>) = 11.05
findfont: score(<Font 'Source Code Pro' (SourceCodePro-Black.otf) normal normal 900 normal>) = 10.525
findfont: score(<Font 'TeX Gyre Cursor' (texgyrecursor-italic.otf) italic normal 400 normal>) = 11.05
findfont: score(<Font 'Carlito' (Carlito-Regular.ttf) normal normal 400 normal>) = 10.05
findfont: score(<Font 'Open Sans' (OpenSans-Light.ttf) normal normal 300 normal>) = 10.145
findfont: score(<Font 'Latin Modern Sans Demi Cond' (lmsansdemicond10-regular.otf) normal normal 600 condensed>) = 10.44
findfont: score(<Font 'Source Code Pro' (SourceCodePro-SemiboldIt.otf) italic normal 600 normal>) = 11.24
findfont: score(<Font 'Bitstream Vera Sans Mono' (VeraMoIt.ttf) oblique normal 400 normal>) = 11.05
findfont: score(<Font 'Monomakh Unicode' (MonomakhUnicode.otf) normal normal 500 normal>) = 10.145
findfont: score(<Font 'Philokalia' (Philokalia-Regular.otf) normal normal 400 normal>) = 10.05
findfont: score(<Font 'Noto Sans' (NotoSans-SemiCondensedMediumItalic.ttf) italic normal 500 condensed>) = 11.344999999999999
findfont: score(<Font 'Roboto Slab' (RobotoSlab-Light.ttf) normal normal 300 normal>) = 10.145
findfont: score(<Font 'Liberation Serif' (LiberationSerif-BoldItalic.ttf) italic normal 700 normal>) = 11.335
findfont: score(<Font 'Source Sans Pro' (SourceSansPro-SemiboldIt.ttf) italic normal 600 normal>) = 11.24
findfont: score(<Font 'Open Sans' (OpenSans-SemiboldItalic.ttf) italic normal 600 normal>) = 11.24
findfont: score(<Font 'DejaVu Serif' (DejaVuSerif-Italic.ttf) italic normal 400 normal>) = 11.05
findfont: score(<Font 'Khmer OS Siemreap' (KhmerOS_siemreap.ttf) normal normal 400 normal>) = 10.05
findfont: score(<Font 'MathJax_SansSerif' (MathJax_SansSerif-Regular.otf) normal normal 400 normal>) = 10.05
findfont: score(<Font 'Sazanami Gothic' (sgothic.ttf) normal normal 500 normal>) = 10.145
findfont: score(<Font 'Sazanami Mincho' (smincho.ttf) normal normal 500 normal>) = 10.145
findfont: score(<Font 'Latin Modern Sans Quotation' (lmsansquot8-bold.otf) normal normal 700 normal>) = 10.335
findfont: score(<Font 'Source Code Pro' (SourceCodePro-BoldIt.otf) italic normal 700 normal>) = 11.335
findfont: score(<Font 'DejaVu Serif' (DejaVuSerifCondensed-Italic.ttf) italic normal 400 condensed>) = 11.25
findfont: score(<Font 'Noto Sans' (NotoSans-ExtraCondensedMedium.ttf) normal normal 500 condensed>) = 10.344999999999999
findfont: score(<Font 'Noto Sans' (NotoSans-SemiCondensedLight.ttf) normal normal 300 condensed>) = 10.344999999999999
findfont: score(<Font 'Noto Sans' (NotoSans-ExtraCondensedSemiBoldItalic.ttf) italic normal 600 condensed>) = 11.44
findfont: score(<Font 'Latin Modern Mono Prop Light' (lmmonoproplt10-bold.otf) normal normal 700 normal>) = 10.335
findfont: score(<Font 'TeX Gyre Schola Math' (texgyreschola-math.otf) normal normal 400 normal>) = 10.05
findfont: score(<Font 'UnTaza' (UnTaza.ttf) normal normal 400 normal>) = 10.05
findfont: score(<Font 'Source Code Pro' (SourceCodePro-Black.otf) normal normal 900 normal>) = 10.525
findfont: score(<Font 'Source Code Pro' (SourceCodePro-ExtraLight.otf) normal normal 200 normal>) = 10.24
findfont: score(<Font 'Times New Roman' (times.ttf) normal normal 400 normal>) = 10.05
findfont: score(<Font 'IPAPMincho' (ipamp.ttf) normal normal 400 normal>) = 10.05
findfont: score(<Font 'Source Code Pro' (SourceCodePro-Medium.otf) normal normal 500 normal>) = 10.145
findfont: score(<Font 'Source Code Pro' (SourceCodePro-Regular.otf) normal normal 400 normal>) = 10.05
findfont: score(<Font 'DejaVu Sans' (DejaVuSansCondensed-Bold.ttf) normal normal 700 condensed>) = 0.5349999999999999
findfont: score(<Font 'STIXGeneral' (STIXGeneral-Regular.otf) normal normal 400 normal>) = 10.05
findfont: score(<Font 'Source Serif Pro' (SourceSerifPro-Bold.ttf) normal normal 700 normal>) = 10.335
findfont: score(<Font 'East Syriac Ctesiphon' (SyrCOMCtesiphon.otf) normal normal 400 normal>) = 10.05
findfont: score(<Font 'Latin Modern Math' (latinmodern-math.otf) normal normal 400 normal>) = 10.05
findfont: score(<Font 'TeX Gyre Adventor' (texgyreadventor-bolditalic.otf) italic normal 700 normal>) = 11.335
findfont: score(<Font 'DejaVu Sans Mono' (DejaVuSansMono-Oblique.ttf) oblique normal 400 normal>) = 11.05
findfont: score(<Font 'Times New Roman' (timesi.ttf) italic normal 400 normal>) = 11.05
findfont: score(<Font 'Bitstream Vera Sans' (VeraBd.ttf) normal normal 700 normal>) = 1.2440909090909091
findfont: score(<Font 'Baekmuk Headline' (hline.ttf) normal normal 400 normal>) = 10.05
findfont: score(<Font 'Fedorovsk Unicode' (FedorovskUnicode.otf) normal normal 500 normal>) = 10.145
findfont: score(<Font 'Source Code Pro' (SourceCodePro-ExtraLightIt.otf) italic normal 200 normal>) = 11.24
findfont: score(<Font 'TeX Gyre DejaVu Math' (texgyredejavu-math.otf) normal normal 400 normal>) = 10.05
findfont: score(<Font 'Droid Sans Mono' (DroidSansMono.ttf) normal normal 400 normal>) = 10.05
findfont: score(<Font 'Nimbus Sans L' (NimbusSanL-ReguItal.ttf) italic normal 400 normal>) = 11.05
findfont: score(<Font 'TeX Gyre Heros Cn' (texgyreheroscn-regular.otf) normal normal 400 normal>) = 10.05
findfont: score(<Font 'Latin Modern Mono Light' (lmmonolt10-oblique.otf) oblique normal 400 normal>) = 11.05
findfont: score(<Font 'Estrangelo Midyat' (SyrCOMMidyat.otf) normal normal 400 normal>) = 10.05
findfont: score(<Font 'Pomorsky' (PomorskyUnicode.ttf) normal normal 500 normal>) = 10.145
findfont: score(<Font 'STIXGeneral' (STIXGeneral-Bold.otf) normal normal 700 normal>) = 10.335
findfont: score(<Font 'UnDinaru' (UnDinaru.ttf) normal normal 400 normal>) = 10.05
findfont: score(<Font 'UnGungseo' (UnGungseo.ttf) normal normal 400 normal>) = 10.05
findfont: score(<Font 'Luxi Mono' (luximb.ttf) normal normal 700 normal>) = 10.335
findfont: score(<Font 'Luxi Mono' (luximr.ttf) normal normal 400 normal>) = 10.05
findfont: score(<Font 'Webdings' (webdings.ttf) normal normal 400 normal>) = 10.05
findfont: score(<Font 'Linux Libertine Mono O' (LinLibertine_MO.otf) oblique normal 400 normal>) = 11.05
findfont: score(<Font 'TeX Gyre TermesX' (TeXGyreTermesX-Regular.otf) normal normal 400 normal>) = 10.05
findfont: score(<Font 'Eunjin Nakseo' (EunjinNakseo.ttf) normal normal 500 normal>) = 10.145
findfont: score(<Font 'Carlito' (Carlito-Bold.ttf) normal normal 700 normal>) = 10.335
findfont: score(<Font 'Poppins' (Poppins-BoldItalic.ttf) italic normal 700 normal>) = 11.335
findfont: score(<Font 'Roboto Condensed' (RobotoCondensed-Bold.ttf) normal normal 700 condensed>) = 10.535
findfont: score(<Font 'Comic Sans MS' (comicbd.ttf) normal normal 700 normal>) = 10.335
findfont: score(<Font 'TeX Gyre Bonum' (texgyrebonum-italic.otf) italic normal 400 normal>) = 11.05
findfont: score(<Font 'Carlito' (Carlito-BoldItalic.ttf) italic normal 700 normal>) = 11.335
findfont: score(<Font 'Open Sans' (OpenSans-ExtraBold.ttf) normal normal 800 normal>) = 10.43
findfont: score(<Font 'TeX Gyre Adventor' (texgyreadventor-bold.otf) normal normal 700 normal>) = 10.335
findfont: score(<Font 'PT Serif' (PTF75F.ttf) normal normal 700 normal>) = 10.335
findfont: score(<Font 'Source Code Pro' (SourceCodePro-BlackIt.otf) italic normal 900 normal>) = 11.525
findfont: score(<Font 'Liberation Sans' (LiberationSans-Regular.ttf) normal normal 400 normal>) = 10.05
findfont: score(<Font 'Noto Sans TC' (NotoSansTC-Bold.otf) normal normal 700 normal>) = 10.335
findfont: score(<Font 'Droid Sans' (DroidSans-Bold.ttf) normal normal 700 normal>) = 10.335
findfont: score(<Font 'Source Code Pro' (SourceCodePro-LightIt.otf) italic normal 300 normal>) = 11.145
findfont: score(<Font 'FreeSans' (FreeSansBold.ttf) normal normal 600 normal>) = 10.24
findfont: score(<Font 'Noto Sans' (NotoSans-LightItalic.ttf) italic normal 300 normal>) = 11.145
findfont: score(<Font 'Latin Modern Roman Slanted' (lmromanslant9-regular.otf) normal normal 400 normal>) = 10.05
findfont: score(<Font 'Open Sans' (OpenSans-ExtraBoldItalic.ttf) italic normal 800 normal>) = 11.43
findfont: score(<Font 'Noto Sans' (NotoSans-SemiCondensedBold.ttf) normal normal 700 condensed>) = 10.535
findfont: score(<Font 'Latin Modern Roman' (lmroman7-bold.otf) normal normal 700 normal>) = 10.335
findfont: score(<Font 'Verdana' (verdana.ttf) normal normal 400 normal>) = 3.6863636363636365
findfont: score(<Font 'Droid Arabic Kufi' (DroidKufi-Regular.ttf) normal normal 400 normal>) = 10.05
findfont: score(<Font 'Estrangelo Edessa' (SyrCOMEdessa.otf) normal normal 400 normal>) = 10.05
findfont: score(<Font 'Serto Batnan' (SyrCOMBatnanBold.otf) normal normal 700 normal>) = 10.335
findfont: score(<Font 'TeX Gyre TermesX' (TeXGyreTermesX-BoldItalic.otf) italic normal 700 normal>) = 11.335
findfont: score(<Font 'Latin Modern Sans Quotation' (lmsansquot8-oblique.otf) oblique normal 400 normal>) = 11.05
findfont: score(<Font 'Khmer OS Battambang' (KhmerOS_battambang.ttf) normal normal 400 normal>) = 10.05
findfont: score(<Font 'Latin Modern Sans' (lmsans9-oblique.otf) oblique normal 400 normal>) = 11.05
findfont: score(<Font 'Droid Sans Hebrew' (DroidSansHebrew-Bold.ttf) normal normal 600 normal>) = 10.24
findfont: score(<Font 'Roboto Condensed' (RobotoCondensed-Light.ttf) normal normal 300 condensed>) = 10.344999999999999
findfont: score(<Font 'Noto Sans' (NotoSans-Medium.ttf) normal normal 500 normal>) = 10.145
findfont: score(<Font 'Charis SIL' (CharisSILI.ttf) italic normal 400 normal>) = 11.05
findfont: score(<Font 'Courier New' (courbd.ttf) normal normal 700 normal>) = 10.335
findfont: score(<Font 'Monomakh Unicode TT' (MonomakhUnicode.ttf) normal normal 500 normal>) = 10.145
findfont: score(<Font 'Latin Modern Mono Caps' (lmmonocaps10-regular.otf) normal normal 400 normal>) = 10.05
findfont: score(<Font 'Noto Sans' (NotoSans-ThinItalic.ttf) italic normal 100 normal>) = 11.335
findfont: score(<Font 'UnVada' (UnVada.ttf) normal normal 400 normal>) = 10.05
findfont: score(<Font 'Noto Sans' (NotoSans-SemiCondensedExtraBold.ttf) normal normal 800 condensed>) = 10.629999999999999
findfont: score(<Font 'TeX Gyre PagellaX' (TeXGyrePagellaX-BoldItalic.otf) italic normal 700 normal>) = 11.335
findfont: score(<Font 'Caladea' (Caladea-BoldItalic.ttf) italic normal 700 normal>) = 11.335
findfont: score(<Font 'Open Sans' (OpenSans-CondLightItalic.ttf) italic normal 300 condensed>) = 11.344999999999999
findfont: score(<Font 'FreeSans' (FreeSansOblique.ttf) oblique normal 400 normal>) = 11.05
findfont: score(<Font 'DejaVu Sans' (DejaVuSans-ExtraLight.ttf) normal normal 200 normal>) = 0.24
findfont: score(<Font 'Courier' (Courier-BoldItalic.ttf) italic normal 700 normal>) = 11.335
findfont: score(<Font 'Luxi Serif' (luxirb.ttf) normal normal 700 normal>) = 10.335
findfont: score(<Font 'MathJax_SansSerif' (MathJax_SansSerif-Bold.otf) normal normal 700 normal>) = 10.335
findfont: score(<Font 'Source Code Pro' (SourceCodePro-Semibold.otf) normal normal 600 normal>) = 10.24
findfont: score(<Font 'Droid Sans Devanagari' (DroidSansDevanagari-Regular.ttf) normal normal 400 normal>) = 10.05
findfont: score(<Font 'URW Gothic L' (URWGothicL-Book.ttf) normal normal 400 normal>) = 10.05
findfont: score(<Font 'Carlito' (Carlito-Italic.ttf) italic normal 400 normal>) = 11.05
findfont: score(<Font 'Noto Sans' (NotoSans-MediumItalic.ttf) italic normal 500 normal>) = 11.145
findfont: score(<Font 'MathJax_Caligraphic' (MathJax_Caligraphic-Bold.otf) normal normal 700 normal>) = 10.335
findfont: score(<Font 'Source Code Pro' (SourceCodePro-Semibold.otf) normal normal 600 normal>) = 10.24
findfont: score(<Font 'Padauk' (Padauk-Bold.ttf) normal normal 700 normal>) = 10.335
findfont: score(<Font 'Charis SIL' (CharisSIL-B.ttf) normal normal 700 normal>) = 10.335
findfont: score(<Font 'Source Code Pro' (SourceCodePro-ExtraLight.otf) normal normal 200 normal>) = 10.24
findfont: score(<Font 'Source Code Pro' (SourceCodePro-BlackIt.otf) italic normal 900 normal>) = 11.525
findfont: score(<Font 'Latin Modern Roman Caps' (lmromancaps10-regular.otf) normal normal 400 normal>) = 10.05
findfont: score(<Font 'Noto Sans' (NotoSans-CondensedThin.ttf) normal normal 100 condensed>) = 10.535
findfont: score(<Font 'UnJamoDotum' (UnJamoDotum.ttf) normal normal 400 normal>) = 10.05
findfont: score(<Font 'Droid Sans Thai' (DroidSansThai.ttf) normal normal 400 normal>) = 10.05
findfont: score(<Font 'Amiri' (amiri-bold.ttf) normal normal 700 normal>) = 10.335
findfont: score(<Font 'Poppins' (Poppins-BlackItalic.ttf) italic normal 900 normal>) = 11.525
findfont: score(<Font 'Anonymous Pro' (AnonymousPro-Italic.ttf) italic normal 400 normal>) = 11.05
findfont: score(<Font 'Latin Modern Roman Dunhill' (lmromandunh10-regular.otf) normal normal 400 normal>) = 10.05
findfont: score(<Font 'Amiri' (amiri-boldslanted.ttf) italic normal 700 normal>) = 11.335
findfont: score(<Font 'MnSymbol' (MnSymbol12.otf) normal normal 400 normal>) = 10.05
findfont: score(<Font 'Droid Arabic Naskh' (DroidNaskh-Bold.ttf) normal normal 700 normal>) = 10.335
findfont: score(<Font 'Source Serif Pro' (SourceSerifPro-Light.ttf) normal normal 300 normal>) = 10.145
findfont: score(<Font 'Noto Sans SC' (NotoSansSC-Regular.otf) normal normal 400 normal>) = 10.05
findfont: score(<Font 'Liberation Sans Narrow' (LiberationSansNarrow-Bold.ttf) normal normal 700 condensed>) = 10.535
findfont: score(<Font 'Linux Libertine Mono O' (LinLibertine_M.otf) normal normal 400 normal>) = 10.05
findfont: score(<Font 'Linux Biolinum O' (LinBiolinum_R.otf) normal normal 400 normal>) = 10.05
findfont: score(<Font 'Nimbus Mono L' (NimbusMonL-Bold.ttf) normal normal 700 normal>) = 10.335
findfont: score(<Font 'Latin Modern Sans Quotation' (lmsansquot8-regular.otf) normal normal 400 normal>) = 10.05
findfont: score(<Font 'Bitstream Vera Sans' (VeraBI.ttf) oblique normal 700 normal>) = 2.244090909090909
findfont: score(<Font 'Latin Modern Sans' (lmsans10-bold.otf) normal normal 700 normal>) = 10.335
findfont: score(<Font 'Source Code Pro' (SourceCodePro-RegularIt.otf) italic normal 400 normal>) = 11.05
findfont: score(<Font 'Latin Modern Roman' (lmroman17-regular.otf) normal normal 400 normal>) = 10.05
findfont: score(<Font 'Arial' (arialbd.ttf) normal normal 700 normal>) = 6.698636363636363
findfont: score(<Font 'Open Sans' (OpenSans-CondLight.ttf) normal normal 300 condensed>) = 10.344999999999999
findfont: score(<Font 'Source Sans Pro' (SourceSansPro-It.otf) italic normal 400 normal>) = 11.05
findfont: score(<Font 'Source Sans Pro' (SourceSansPro-Black.otf) normal normal 900 normal>) = 10.525
findfont: score(<Font 'UnPilgi' (UnPilgiBold.ttf) normal normal 700 normal>) = 10.335
findfont: score(<Font 'MnSymbol' (MnSymbol-Bold6.otf) normal normal 700 normal>) = 10.335
findfont: score(<Font 'Georgia' (georgia.ttf) normal normal 400 normal>) = 10.05
findfont: score(<Font 'Roboto' (Roboto-Bold.ttf) normal normal 700 normal>) = 10.335
findfont: score(<Font 'URW Palladio L' (URWPalladioL-BoldItal.ttf) italic normal 700 normal>) = 11.335
findfont: score(<Font 'Nimbus Sans L' (NimbusSanL-BoldItal.ttf) italic normal 700 normal>) = 11.335
findfont: score(<Font 'Noto Sans' (NotoSans-Black.ttf) normal normal 900 normal>) = 10.525
findfont: score(<Font 'Source Serif Pro' (SourceSerifPro-Light.otf) normal normal 300 normal>) = 10.145
findfont: score(<Font 'Liberation Mono' (LiberationMono-Regular.ttf) normal normal 400 normal>) = 10.05
findfont: score(<Font 'TeX Gyre Adventor' (texgyreadventor-regular.otf) normal normal 400 normal>) = 10.05
findfont: score(<Font 'Latin Modern Sans' (lmsans12-oblique.otf) oblique normal 400 normal>) = 11.05
findfont: score(<Font 'Khmer OS Freehand' (KhmerOS_freehand.ttf) normal normal 400 normal>) = 10.05
findfont: score(<Font 'STIXGeneral' (STIXGeneral-BoldItalic.otf) italic normal 700 normal>) = 11.335
findfont: score(<Font 'Latin Modern Roman Slanted' (lmromanslant12-regular.otf) normal normal 400 normal>) = 10.05
findfont: score(<Font 'TeX Gyre Termes Math' (texgyretermes-math.otf) normal normal 400 normal>) = 10.05
findfont: score(<Font 'Source Sans Pro' (SourceSansPro-Bold.otf) normal normal 700 normal>) = 10.335
findfont: score(<Font 'Source Serif Pro' (SourceSerifPro-Black.otf) normal normal 900 normal>) = 10.525
findfont: score(<Font 'Carlito' (Carlito-BoldItalic.ttf) italic normal 700 normal>) = 11.335
findfont: score(<Font 'Poppins' (Poppins-Italic.ttf) italic normal 400 normal>) = 11.05
findfont: score(<Font 'MathJax_WinChrome' (MathJax_WinChrome-Regular.otf) normal normal 400 normal>) = 10.05
findfont: score(<Font 'Noto Sans' (NotoSans-ExtraBoldItalic.ttf) italic normal 800 normal>) = 11.43
findfont: score(<Font 'Arial' (ariali.ttf) italic normal 400 normal>) = 7.413636363636363
findfont: score(<Font 'Serto Jerusalem' (SyrCOMJerusalemItalic.otf) italic normal 400 normal>) = 11.05
findfont: score(<Font 'Fedorovsk Unicode TT' (FedorovskUnicode.ttf) normal normal 500 normal>) = 10.145
findfont: score(<Font 'DejaVu Sans' (DejaVuSansCondensed-Oblique.ttf) oblique normal 400 condensed>) = 1.25
findfont: score(<Font 'URW Gothic L' (URWGothicL-DemiObli.ttf) oblique normal 600 normal>) = 11.24
findfont: score(<Font 'Roboto Slab' (RobotoSlab-Regular.ttf) normal normal 400 normal>) = 10.05
findfont: score(<Font 'Nimbus Roman No9 L' (NimbusRomNo9L-MediItal.ttf) italic normal 500 normal>) = 11.145
findfont: score(<Font 'UnJamoNovel' (UnJamoNovel.ttf) normal normal 400 normal>) = 10.05
findfont: score(<Font 'Utopia' (Utopia-Bold.ttf) normal normal 700 normal>) = 10.335
findfont: score(<Font 'DejaVu Sans' (DejaVuSansCondensed.ttf) normal normal 400 condensed>) = 0.25
findfont: score(<Font 'MathJax_Size3' (MathJax_Size3-Regular.otf) normal normal 400 normal>) = 10.05
findfont: score(<Font 'Liberation Sans Narrow' (LiberationSansNarrow-Italic.ttf) italic normal 400 condensed>) = 11.25
findfont: score(<Font 'DejaVu Serif' (DejaVuSerif-BoldItalic.ttf) italic normal 700 normal>) = 11.335
findfont: score(<Font 'Latin Modern Roman Demi' (lmromandemi10-regular.otf) normal normal 600 normal>) = 10.24
findfont: score(<Font 'URW Bookman L' (URWBookmanL-DemiBold.ttf) normal normal 600 normal>) = 10.24
findfont: score(<Font 'MathJax_WinIE6' (MathJax_WinIE6-Regular.otf) normal normal 400 normal>) = 10.05
findfont: score(<Font 'FreeMono' (FreeMonoOblique.ttf) oblique normal 400 normal>) = 11.05
findfont: score(<Font 'DejaVu Sans Mono' (DejaVuSansMono.ttf) normal normal 400 normal>) = 10.05
findfont: score(<Font 'MathJax_Main' (MathJax_Main-Italic.otf) italic normal 400 normal>) = 11.05
findfont: score(<Font 'Serto Malankara' (SyrCOMMalankara.otf) normal normal 400 normal>) = 10.05
findfont: score(<Font 'MathJax_AMS' (MathJax_AMS-Regular.otf) normal normal 400 normal>) = 10.05
findfont: score(<Font 'DANTE' (DANTE-Italic.otf) italic normal 400 normal>) = 11.05
findfont: score(<Font 'Menaion Unicode' (MenaionUnicode.otf) normal normal 400 normal>) = 10.05
findfont: score(<Font 'Noto Sans' (NotoSans-SemiCondensedThinItalic.ttf) italic normal 100 condensed>) = 11.535
findfont: score(<Font 'DANTE' (DANTE-Bold-Italic.otf) italic normal 400 normal>) = 11.05
findfont: score(<Font 'Noto Sans' (NotoSans-ExtraCondensedBoldItalic.ttf) italic normal 700 condensed>) = 11.535
findfont: score(<Font 'Latin Modern Mono' (lmmono10-italic.otf) italic normal 400 normal>) = 11.05
findfont: score(<Font 'MathJax_Caligraphic' (MathJax_Caligraphic-Regular.otf) normal normal 400 normal>) = 10.05
findfont: score(<Font 'Georgia' (georgiab.ttf) normal normal 700 normal>) = 10.335
findfont: score(<Font 'Linux Libertine Display O' (LinLibertine_DR.otf) normal normal 400 normal>) = 10.05
findfont: score(<Font 'TeX Gyre TermesX' (TeXGyreTermesX-Bold.otf) normal normal 700 normal>) = 10.335
findfont: score(<Font 'Poppins' (Poppins-ExtraLight.ttf) normal normal 275 normal>) = 10.16875
findfont: score(<Font 'Latin Modern Mono' (lmmono9-regular.otf) normal normal 400 normal>) = 10.05
findfont: score(<Font 'Noto Sans' (NotoSans-SemiCondensedMedium.ttf) normal normal 500 condensed>) = 10.344999999999999
findfont: score(<Font 'Linux Libertine Mono O ' (LinLibertine_MB.otf) normal normal 400 normal>) = 10.05
findfont: score(<Font 'Anonymous Pro' (AnonymousPro-Regular.ttf) normal normal 400 normal>) = 10.05
findfont: score(<Font 'UnBatang' (UnBatang.ttf) normal normal 400 normal>) = 10.05
findfont: score(<Font 'Heuristica' (Heuristica-Bold.otf) normal normal 700 normal>) = 10.335
findfont: score(<Font 'Estrangelo Nisibin Outline' (SyrCOMNisibinOutline.otf) normal normal 400 normal>) = 10.05
findfont: score(<Font 'Poppins' (Poppins-ThinItalic.ttf) italic normal 250 normal>) = 11.1925
findfont: score(<Font 'MnSymbol' (MnSymbol7.otf) normal normal 400 normal>) = 10.05
findfont: score(<Font 'Baekmuk Gulim' (gulim.ttf) normal normal 400 normal>) = 10.05
findfont: score(<Font 'Bitstream Vera Sans' (VeraIt.ttf) oblique normal 400 normal>) = 1.9590909090909092
findfont: score(<Font 'Nimbus Roman No9 L' (NimbusRomNo9L-Medi.ttf) normal normal 500 normal>) = 10.145
findfont: score(<Font 'Source Sans Pro' (SourceSansPro-ExtraLight.ttf) normal normal 200 normal>) = 10.24
findfont: score(<Font 'Source Sans Pro' (SourceSansPro-BlackIt.otf) italic normal 900 normal>) = 11.525
findfont: score(<Font 'Noto Sans' (NotoSans-Bold.ttf) normal normal 700 normal>) = 10.335
findfont: score(<Font 'TeX Gyre Heros' (texgyreheros-bolditalic.otf) italic normal 700 normal>) = 11.335
findfont: score(<Font 'Courier New' (couri.ttf) italic normal 400 normal>) = 11.05
findfont: score(<Font 'Noto Sans' (NotoSans-SemiCondensedThin.ttf) normal normal 100 condensed>) = 10.535
findfont: score(<Font 'Century Schoolbook L' (CenturySchL-BoldItal.ttf) italic normal 700 normal>) = 11.335
findfont: score(<Font 'PT Sans Narrow' (PTN77F.ttf) normal normal 700 condensed>) = 10.535
findfont: score(<Font 'Latin Modern Mono Light Cond' (lmmonoltcond10-oblique.otf) oblique normal 400 condensed>) = 11.25
findfont: score(<Font 'DejaVu Sans Mono' (DejaVuSansMono-BoldOblique.ttf) oblique normal 700 normal>) = 11.335
findfont: score(<Font 'TeX Gyre Cursor' (texgyrecursor-bolditalic.otf) italic normal 700 normal>) = 11.335
findfont: score(<Font 'Cantarell' (Cantarell-Thin.otf) normal normal 100 normal>) = 10.335
findfont: score(<Font 'Courier 10 Pitch' (Courier10PitchBT-Italic.ttf) italic normal 400 normal>) = 11.05
findfont: score(<Font 'GFS Porson' (GFSPorson.otf) normal normal 400 normal>) = 10.05
findfont: score(<Font 'Cantarell' (Cantarell-Regular.otf) normal normal 400 normal>) = 10.05
findfont: score(<Font 'FreeSerif' (FreeSerifBold.ttf) normal normal 700 normal>) = 10.335
findfont: score(<Font 'Roboto' (Roboto-MediumItalic.ttf) italic normal 500 normal>) = 11.145
findfont: score(<Font 'Latin Modern Mono Prop Light' (lmmonoproplt10-boldoblique.otf) oblique normal 700 normal>) = 11.335
findfont: score(<Font 'TeX Gyre Termes' (texgyretermes-bolditalic.otf) italic normal 700 normal>) = 11.335
findfont: score(<Font 'Charis SIL' (CharisSILR.ttf) normal normal 400 normal>) = 10.05
findfont: score(<Font 'Open Sans' (OpenSans-Light.ttf) normal normal 300 normal>) = 10.145
findfont: score(<Font 'Courier' (Courier-Italic.ttf) italic normal 400 normal>) = 11.05
findfont: Matching sans\-serif:style=normal:variant=normal:weight=normal:stretch=normal:size=5.0 to DejaVu Sans ('/local/miniconda3/envs/myenv/lib/python3.6/site-packages/matplotlib/mpl-data/fonts/ttf/DejaVuSans.ttf') with score of 0.050000.
findfont: Matching sans\-serif:style=normal:variant=normal:weight=normal:stretch=normal:size=6.0.
findfont: score(<Font 'STIXNonUnicode' (STIXNonUniIta.ttf) italic normal 400 normal>) = 11.05
findfont: score(<Font 'DejaVu Serif Display' (DejaVuSerifDisplay.ttf) normal normal 400 normal>) = 10.05
findfont: score(<Font 'STIXSizeOneSym' (STIXSizOneSymReg.ttf) normal normal 400 normal>) = 10.05
findfont: score(<Font 'STIXGeneral' (STIXGeneralBol.ttf) normal normal 700 normal>) = 10.335
findfont: score(<Font 'STIXSizeFourSym' (STIXSizFourSymBol.ttf) normal normal 700 normal>) = 10.335
findfont: score(<Font 'STIXSizeOneSym' (STIXSizOneSymBol.ttf) normal normal 700 normal>) = 10.335
findfont: score(<Font 'DejaVu Serif' (DejaVuSerif-Italic.ttf) italic normal 400 normal>) = 11.05
findfont: score(<Font 'DejaVu Sans Mono' (DejaVuSansMono-Oblique.ttf) oblique normal 400 normal>) = 11.05
findfont: score(<Font 'DejaVu Serif' (DejaVuSerif-Bold.ttf) normal normal 700 normal>) = 10.335
findfont: score(<Font 'DejaVu Serif' (DejaVuSerif-BoldItalic.ttf) italic normal 700 normal>) = 11.335
findfont: score(<Font 'cmmi10' (cmmi10.ttf) normal normal 400 normal>) = 10.05
findfont: score(<Font 'STIXSizeFourSym' (STIXSizFourSymReg.ttf) normal normal 400 normal>) = 10.05
findfont: score(<Font 'cmb10' (cmb10.ttf) normal normal 400 normal>) = 10.05
findfont: score(<Font 'STIXGeneral' (STIXGeneralItalic.ttf) italic normal 400 normal>) = 11.05
findfont: score(<Font 'STIXSizeThreeSym' (STIXSizThreeSymReg.ttf) normal normal 400 normal>) = 10.05
findfont: score(<Font 'STIXSizeThreeSym' (STIXSizThreeSymBol.ttf) normal normal 700 normal>) = 10.335
findfont: score(<Font 'DejaVu Sans Mono' (DejaVuSansMono-Bold.ttf) normal normal 700 normal>) = 10.335
findfont: score(<Font 'DejaVu Sans' (DejaVuSans-BoldOblique.ttf) oblique normal 700 normal>) = 1.335
findfont: score(<Font 'cmsy10' (cmsy10.ttf) normal normal 400 normal>) = 10.05
findfont: score(<Font 'STIXNonUnicode' (STIXNonUniBol.ttf) normal normal 700 normal>) = 10.335
findfont: score(<Font 'DejaVu Sans Mono' (DejaVuSansMono-BoldOblique.ttf) oblique normal 700 normal>) = 11.335
findfont: score(<Font 'STIXSizeFiveSym' (STIXSizFiveSymReg.ttf) normal normal 400 normal>) = 10.05
findfont: score(<Font 'STIXGeneral' (STIXGeneral.ttf) normal normal 400 normal>) = 10.05
findfont: score(<Font 'STIXSizeTwoSym' (STIXSizTwoSymReg.ttf) normal normal 400 normal>) = 10.05
findfont: score(<Font 'DejaVu Sans Mono' (DejaVuSansMono.ttf) normal normal 400 normal>) = 10.05
findfont: score(<Font 'cmtt10' (cmtt10.ttf) normal normal 400 normal>) = 10.05
findfont: score(<Font 'DejaVu Sans' (DejaVuSans-Oblique.ttf) oblique normal 400 normal>) = 1.05
findfont: score(<Font 'cmss10' (cmss10.ttf) normal normal 400 normal>) = 10.05
findfont: score(<Font 'STIXSizeTwoSym' (STIXSizTwoSymBol.ttf) normal normal 700 normal>) = 10.335
findfont: score(<Font 'cmex10' (cmex10.ttf) normal normal 400 normal>) = 10.05
findfont: score(<Font 'DejaVu Serif' (DejaVuSerif.ttf) normal normal 400 normal>) = 10.05
findfont: score(<Font 'STIXNonUnicode' (STIXNonUniBolIta.ttf) italic normal 700 normal>) = 11.335
findfont: score(<Font 'STIXNonUnicode' (STIXNonUni.ttf) normal normal 400 normal>) = 10.05
findfont: score(<Font 'DejaVu Sans Display' (DejaVuSansDisplay.ttf) normal normal 400 normal>) = 10.05
findfont: score(<Font 'cmr10' (cmr10.ttf) normal normal 400 normal>) = 10.05
findfont: score(<Font 'DejaVu Sans' (DejaVuSans-Bold.ttf) normal normal 700 normal>) = 0.33499999999999996
findfont: score(<Font 'DejaVu Sans' (DejaVuSans.ttf) normal normal 400 normal>) = 0.05
findfont: score(<Font 'STIXGeneral' (STIXGeneralBolIta.ttf) italic normal 700 normal>) = 11.335
findfont: score(<Font 'Latin Modern Roman' (lmroman12-italic.otf) italic normal 400 normal>) = 11.05
findfont: score(<Font 'Ponomar Unicode' (PonomarUnicode.otf) normal normal 400 normal>) = 10.05
findfont: score(<Font 'TeX Gyre Schola' (texgyreschola-bolditalic.otf) italic normal 700 normal>) = 11.335
findfont: score(<Font 'Open Sans' (OpenSans-Regular.ttf) normal normal 400 normal>) = 10.05
findfont: score(<Font 'Source Sans Pro' (SourceSansPro-BlackIt.ttf) italic normal 900 normal>) = 11.525
findfont: score(<Font 'FreeSans' (FreeSansBoldOblique.ttf) oblique normal 600 normal>) = 11.24
findfont: score(<Font 'TeX Gyre Schola' (texgyreschola-italic.otf) italic normal 400 normal>) = 11.05
findfont: score(<Font 'PT Mono' (PTM55F.ttf) normal normal 400 normal>) = 10.05
findfont: score(<Font 'TeX Gyre Heros Cn' (texgyreheroscn-bold.otf) normal normal 700 normal>) = 10.335
findfont: score(<Font 'Eunjin' (Eunjin.ttf) normal normal 500 normal>) = 10.145
findfont: score(<Font 'TeX Gyre Termes' (texgyretermes-regular.otf) normal normal 400 normal>) = 10.05
findfont: score(<Font 'Droid Naskh Shift Alt' (DroidNaskh-Regular-SystemUI.ttf) normal normal 400 normal>) = 10.05
findfont: score(<Font 'WenQuanYi Micro Hei' (wqy-microhei.ttc) normal normal 400 normal>) = 10.05
findfont: score(<Font 'Noto Sans' (NotoSans-SemiCondensedLightItalic.ttf) italic normal 300 condensed>) = 11.344999999999999
findfont: score(<Font 'Latin Modern Roman' (lmroman7-regular.otf) normal normal 400 normal>) = 10.05
findfont: score(<Font 'Linux Libertine O' (LinLibertine_R.otf) normal normal 400 normal>) = 10.05
findfont: score(<Font 'Latin Modern Sans Demi Cond' (lmsansdemicond10-oblique.otf) oblique normal 600 condensed>) = 11.44
findfont: score(<Font 'FreeSerif' (FreeSerif.ttf) normal normal 400 normal>) = 10.05
findfont: score(<Font 'Times New Roman' (timesbi.ttf) italic normal 700 normal>) = 11.335
findfont: score(<Font 'Linux Libertine Mono O ' (LinLibertine_MBO.otf) oblique normal 400 normal>) = 11.05
findfont: score(<Font 'MathJax_Math' (MathJax_Math-BoldItalic.otf) italic normal 700 normal>) = 11.335
findfont: score(<Font 'Courier New' (courbi.ttf) italic normal 700 normal>) = 11.335
findfont: score(<Font 'Heuristica' (Heuristica-Regular.otf) normal normal 400 normal>) = 10.05
findfont: score(<Font 'Caladea' (Caladea-Italic.ttf) italic normal 400 normal>) = 11.05
findfont: score(<Font 'Source Sans Pro' (SourceSansPro-ExtraLight.otf) normal normal 200 normal>) = 10.24
findfont: score(<Font 'Amiri Quran Colored' (amiri-quran-colored.ttf) normal normal 400 normal>) = 10.05
findfont: score(<Font 'Khmer OS Muol Pali' (KhmerOS_muolpali.ttf) normal normal 400 normal>) = 10.05
findfont: score(<Font 'Estrangelo Antioch' (SyrCOMAntioch.otf) normal normal 400 normal>) = 10.05
findfont: score(<Font 'Linux Libertine O' (LinLibertine_RI.otf) italic normal 400 normal>) = 11.05
findfont: score(<Font 'UnJamoBatang' (UnJamoBatang.ttf) normal normal 400 normal>) = 10.05
findfont: score(<Font 'Cantarell' (Cantarell-Light.otf) normal normal 300 normal>) = 10.145
findfont: score(<Font 'Source Sans Pro' (SourceSansPro-Semibold.ttf) normal normal 600 normal>) = 10.24
findfont: score(<Font 'DejaVu Math TeX Gyre' (DejaVuMathTeXGyre.ttf) normal normal 400 normal>) = 10.05
findfont: score(<Font 'Noto Sans' (NotoSans-ExtraCondensedExtraLightItalic.ttf) italic normal 200 condensed>) = 11.44
findfont: score(<Font 'TeX Gyre Pagella' (texgyrepagella-regular.otf) normal normal 400 normal>) = 10.05
findfont: score(<Font 'MnSymbol' (MnSymbol-Bold9.otf) normal normal 700 normal>) = 10.335
findfont: score(<Font 'Latin Modern Roman' (lmroman9-bold.otf) normal normal 700 normal>) = 10.335
findfont: score(<Font 'Nimbus Sans L' (NimbusSanL-BoldCondItal.ttf) italic normal 700 condensed>) = 11.535
findfont: score(<Font 'MnSymbol' (MnSymbol6.otf) normal normal 400 normal>) = 10.05
findfont: score(<Font 'MnSymbol' (MnSymbol8.otf) normal normal 400 normal>) = 10.05
findfont: score(<Font 'Bitstream Charter' (CharterBT-Italic.ttf) italic normal 400 normal>) = 11.05
findfont: score(<Font 'Roboto' (Roboto-Regular.ttf) normal normal 400 normal>) = 10.05
findfont: score(<Font 'Poppins' (Poppins-Thin.ttf) normal normal 250 normal>) = 10.1925
findfont: score(<Font 'Serto Urhoy' (SyrCOMUrhoy.otf) normal normal 400 normal>) = 10.05
findfont: score(<Font 'DejaVu Sans' (DejaVuSans-BoldOblique.ttf) oblique normal 700 normal>) = 1.335
findfont: score(<Font 'DejaVu Serif' (DejaVuSerif-BoldItalic.ttf) italic normal 700 normal>) = 11.335
findfont: score(<Font 'Noto Sans KR' (NotoSansKR-Regular.otf) normal normal 400 normal>) = 10.05
findfont: score(<Font 'Linux Libertine O' (LinLibertine_RBI.otf) italic normal 700 normal>) = 11.335
findfont: score(<Font 'Noto Sans' (NotoSans-ExtraLightItalic.ttf) italic normal 200 normal>) = 11.24
findfont: score(<Font 'Open Sans' (OpenSans-SemiboldItalic.ttf) italic normal 600 normal>) = 11.24
findfont: score(<Font 'Courier New' (cour.ttf) normal normal 400 normal>) = 10.05
findfont: score(<Font 'Noto Sans' (NotoSans-CondensedExtraBoldItalic.ttf) italic normal 800 condensed>) = 11.629999999999999
findfont: score(<Font 'TeX Gyre Pagella' (texgyrepagella-bolditalic.otf) italic normal 700 normal>) = 11.335
findfont: score(<Font 'Amiri' (amiri-regular.ttf) normal normal 400 normal>) = 10.05
findfont: score(<Font 'Noto Sans' (NotoSans-ExtraCondensedExtraBold.ttf) normal normal 800 condensed>) = 10.629999999999999
findfont: score(<Font 'Linux Libertine O' (LinLibertine_RZI.otf) italic normal 600 normal>) = 11.24
findfont: score(<Font 'Noto Sans' (NotoSans-CondensedBoldItalic.ttf) italic normal 700 condensed>) = 11.535
findfont: score(<Font 'MarVoSym' (marvosym.ttf) normal normal 400 normal>) = 10.05
findfont: score(<Font 'Droid Arabic Kufi' (DroidKufi-Bold.ttf) normal normal 700 normal>) = 10.335
findfont: score(<Font 'Utopia' (Utopia-Italic.ttf) italic normal 400 normal>) = 11.05
findfont: score(<Font 'Droid Sans Ethiopic' (DroidSansEthiopic-Bold.ttf) normal normal 700 normal>) = 10.335
findfont: score(<Font 'Source Code Pro' (SourceCodePro-Bold.otf) normal normal 700 normal>) = 10.335
findfont: score(<Font 'Liberation Sans Narrow' (LiberationSansNarrow-Regular.ttf) normal normal 400 condensed>) = 10.25
findfont: score(<Font 'Poppins' (Poppins-ExtraBold.ttf) normal normal 800 normal>) = 10.43
findfont: score(<Font 'Noto Sans' (NotoSans-ExtraCondensedMediumItalic.ttf) italic normal 500 condensed>) = 11.344999999999999
findfont: score(<Font 'Verdana' (verdanaz.ttf) italic normal 700 normal>) = 4.971363636363637
findfont: score(<Font 'Roboto' (Roboto-Italic.ttf) italic normal 400 normal>) = 11.05
findfont: score(<Font 'Padauk' (Padauk-Regular.ttf) normal normal 400 normal>) = 10.05
findfont: score(<Font 'Noto Sans' (NotoSans-CondensedBlackItalic.ttf) italic normal 900 condensed>) = 11.725
findfont: score(<Font 'Bandal' (Bandal.ttf) normal normal 500 normal>) = 10.145
findfont: score(<Font 'PT Sans' (PTS76F.ttf) italic normal 700 normal>) = 11.335
findfont: score(<Font 'Roboto Condensed' (RobotoCondensed-LightItalic.ttf) italic normal 300 condensed>) = 11.344999999999999
findfont: score(<Font 'URW Gothic L' (URWGothicL-BookObli.ttf) oblique normal 400 normal>) = 11.05
findfont: score(<Font 'Courier' (Courier-Bold.ttf) normal normal 700 normal>) = 10.335
findfont: score(<Font 'MathJax_Main' (MathJax_Main-Bold.otf) normal normal 700 normal>) = 10.335
findfont: score(<Font 'DejaVu Sans' (DejaVuSans-Oblique.ttf) oblique normal 400 normal>) = 1.05
findfont: score(<Font 'MathJax_Size1' (MathJax_Size1-Regular.otf) normal normal 400 normal>) = 10.05
findfont: score(<Font 'Droid Sans Georgian' (DroidSansGeorgian.ttf) normal normal 400 normal>) = 10.05
findfont: score(<Font 'East Syriac Adiabene' (SyrCOMAdiabene.otf) normal normal 400 normal>) = 10.05
findfont: score(<Font 'MnSymbol' (MnSymbol-Bold8.otf) normal normal 700 normal>) = 10.335
findfont: score(<Font 'Pomorsky' (PomorskyUnicode.otf) normal normal 500 normal>) = 10.145
findfont: score(<Font 'Noto Sans' (NotoSans-ExtraCondensedItalic.ttf) italic normal 400 condensed>) = 11.25
findfont: score(<Font 'Poppins' (Poppins-Regular.ttf) normal normal 400 normal>) = 10.05
findfont: score(<Font 'Noto Sans' (NotoSans-BoldItalic.ttf) italic normal 700 normal>) = 11.335
findfont: score(<Font 'Poppins' (Poppins-Light.ttf) normal normal 300 normal>) = 10.145
findfont: score(<Font 'Serto Mardin' (SyrCOMMardin.otf) normal normal 400 normal>) = 10.05
findfont: score(<Font 'Luxi Mono' (luximri.ttf) oblique normal 400 normal>) = 11.05
findfont: score(<Font 'Charis SIL' (CharisSILB.ttf) normal normal 700 normal>) = 10.335
findfont: score(<Font 'Latin Modern Sans' (lmsans10-regular.otf) normal normal 400 normal>) = 10.05
findfont: score(<Font 'PT Sans Caption' (PTC75F.ttf) normal normal 700 normal>) = 10.335
findfont: score(<Font 'Poppins' (Poppins-LightItalic.ttf) italic normal 300 normal>) = 11.145
findfont: score(<Font 'MathJax_Typewriter' (MathJax_Typewriter-Regular.otf) normal normal 400 normal>) = 10.05
findfont: score(<Font 'Trebuchet MS' (trebucit.ttf) italic normal 400 normal>) = 11.05
findfont: score(<Font 'TeX Gyre Adventor' (texgyreadventor-italic.otf) italic normal 400 normal>) = 11.05
findfont: score(<Font 'Noto Sans' (NotoSans-CondensedExtraBold.ttf) normal normal 800 condensed>) = 10.629999999999999
findfont: score(<Font 'Luxi Mono' (luximbi.ttf) oblique normal 700 normal>) = 11.335
findfont: score(<Font 'Source Sans Pro' (SourceSansPro-LightIt.otf) italic normal 300 normal>) = 11.145
findfont: score(<Font 'Noto Sans' (NotoSans-SemiCondensedBoldItalic.ttf) italic normal 700 condensed>) = 11.535
findfont: score(<Font 'Liberation Mono' (LiberationMono-BoldItalic.ttf) italic normal 700 normal>) = 11.335
findfont: score(<Font 'FreeMono' (FreeMonoBold.ttf) normal normal 700 normal>) = 10.335
findfont: score(<Font 'Courier 10 Pitch' (Courier10PitchBT-BoldItalic.ttf) italic normal 700 normal>) = 11.335
findfont: score(<Font 'Bitstream Vera Serif' (VeraSeBd.ttf) normal normal 700 normal>) = 10.335
findfont: score(<Font 'Poppins' (Poppins-SemiBoldItalic.ttf) italic normal 600 normal>) = 11.24
findfont: score(<Font 'Amiri Quran' (amiri-quran.ttf) normal normal 400 normal>) = 10.05
findfont: score(<Font 'TeX Gyre Heros Cn' (texgyreheroscn-italic.otf) italic normal 400 normal>) = 11.05
findfont: score(<Font 'Charis SIL' (CharisSILBI.ttf) italic normal 700 normal>) = 11.335
findfont: score(<Font 'Guseul' (Guseul.ttf) normal normal 500 normal>) = 10.145
findfont: score(<Font 'MnSymbol' (MnSymbol-Bold5.otf) normal normal 700 normal>) = 10.335
findfont: score(<Font 'Courier 10 Pitch' (Courier10PitchBT-Roman.ttf) normal normal 400 normal>) = 10.05
findfont: score(<Font 'Noto Sans' (NotoSans-ExtraCondensedBold.ttf) normal normal 700 condensed>) = 10.535
findfont: score(<Font 'TeX Gyre Cursor' (texgyrecursor-regular.otf) normal normal 400 normal>) = 10.05
findfont: score(<Font 'Latin Modern Roman Dunhill' (lmromandunh10-oblique.otf) oblique normal 400 normal>) = 11.05
findfont: score(<Font 'Source Serif Pro' (SourceSerifPro-Black.ttf) normal normal 900 normal>) = 10.525
findfont: score(<Font 'Open Sans' (OpenSans-Semibold.ttf) normal normal 600 normal>) = 10.24
findfont: score(<Font 'Georgia' (georgiai.ttf) italic normal 400 normal>) = 11.05
findfont: score(<Font 'DejaVu Serif' (DejaVuSerif.ttf) normal normal 400 normal>) = 10.05
findfont: score(<Font 'Khmer OS Metal Chrieng' (KhmerOS_metalchrieng.ttf) normal normal 400 normal>) = 10.05
findfont: score(<Font 'Liberation Sans' (LiberationSans-BoldItalic.ttf) italic normal 700 normal>) = 11.335
findfont: score(<Font 'Noto Sans' (NotoSans-ExtraCondensedBlackItalic.ttf) italic normal 900 condensed>) = 11.725
findfont: score(<Font 'DejaVu Sans' (DejaVuSans.ttf) normal normal 400 normal>) = 0.05
findfont: score(<Font 'Noto Sans' (NotoSans-BlackItalic.ttf) italic normal 900 normal>) = 11.525
findfont: score(<Font 'Noto Sans' (NotoSans-Thin.ttf) normal normal 100 normal>) = 10.335
findfont: score(<Font 'DejaVu Sans' (DejaVuSansCondensed-BoldOblique.ttf) oblique normal 700 condensed>) = 1.535
findfont: score(<Font 'Source Sans Pro' (SourceSansPro-Regular.otf) normal normal 400 normal>) = 10.05
findfont: score(<Font 'DejaVu Serif' (DejaVuSerif-Italic.ttf) italic normal 400 normal>) = 11.05
findfont: score(<Font 'Noto Sans TC' (NotoSansTC-Regular.otf) normal normal 400 normal>) = 10.05
findfont: score(<Font 'Droid Sans Hebrew' (DroidSansHebrew-Regular.ttf) normal normal 400 normal>) = 10.05
findfont: score(<Font 'Noto Sans' (NotoSans-SemiCondensedExtraLightItalic.ttf) italic normal 200 condensed>) = 11.44
findfont: score(<Font 'Liberation Sans' (LiberationSans-Bold.ttf) normal normal 700 normal>) = 10.335
findfont: score(<Font 'UnPenheulim' (UnPenheulim.ttf) normal normal 400 normal>) = 10.05
findfont: score(<Font 'Noto Sans' (NotoSans-SemiCondensedExtraBoldItalic.ttf) italic normal 800 condensed>) = 11.629999999999999
findfont: score(<Font 'MathJax_SansSerif' (MathJax_SansSerif-Italic.otf) italic normal 400 normal>) = 11.05
findfont: score(<Font 'Roboto' (Roboto-Medium.ttf) normal normal 500 normal>) = 10.145
findfont: score(<Font 'Source Serif Pro' (SourceSerifPro-Regular.otf) normal normal 400 normal>) = 10.05
findfont: score(<Font 'Heuristica' (Heuristica-BoldItalic.otf) italic normal 700 normal>) = 11.335
findfont: score(<Font 'Noto Sans' (NotoSans-ExtraCondensedExtraBoldItalic.ttf) italic normal 800 condensed>) = 11.629999999999999
findfont: score(<Font 'DejaVu Serif' (DejaVuSerifCondensed.ttf) normal normal 400 condensed>) = 10.25
findfont: score(<Font 'Hack' (Hack-Italic.ttf) italic normal 400 normal>) = 11.05
findfont: score(<Font 'Noto Sans' (NotoSans-SemiCondensedItalic.ttf) italic normal 400 condensed>) = 11.25
findfont: score(<Font 'Latin Modern Roman Slanted' (lmromanslant8-regular.otf) normal normal 400 normal>) = 10.05
findfont: score(<Font 'Carlito' (Carlito-Regular.ttf) normal normal 400 normal>) = 10.05
findfont: score(<Font 'MathJax_Fraktur' (MathJax_Fraktur-Regular.otf) normal normal 400 normal>) = 10.05
findfont: score(<Font 'UnDotum' (UnDotum.ttf) normal normal 400 normal>) = 10.05
findfont: score(<Font 'Verdana' (verdanai.ttf) italic normal 400 normal>) = 4.6863636363636365
findfont: score(<Font 'TeX Gyre Pagella' (texgyrepagella-bold.otf) normal normal 700 normal>) = 10.335
findfont: score(<Font 'GFS Baskerville' (GFSBaskerville.otf) normal normal 400 normal>) = 10.05
findfont: score(<Font 'Noto Sans' (NotoSans-ExtraCondensedThinItalic.ttf) italic normal 100 condensed>) = 11.535
findfont: score(<Font 'DejaVu Serif' (DejaVuSerifCondensed-Italic.ttf) italic normal 400 condensed>) = 11.25
findfont: score(<Font 'Utopia' (Utopia-Regular.ttf) normal normal 400 normal>) = 10.05
findfont: score(<Font 'Nimbus Mono L' (NimbusMonL-ReguObli.ttf) oblique normal 400 normal>) = 11.05
findfont: score(<Font 'Poppins' (Poppins-Medium.ttf) normal normal 500 normal>) = 10.145
findfont: score(<Font 'Latin Modern Mono Light' (lmmonolt10-boldoblique.otf) oblique normal 700 normal>) = 11.335
findfont: score(<Font 'MathJax_Math' (MathJax_Math-Italic.otf) italic normal 400 normal>) = 11.05
findfont: score(<Font 'Linux Libertine O' (LinLibertine_RZ.otf) normal normal 600 normal>) = 10.24
findfont: score(<Font 'Noto Sans' (NotoSans-ExtraCondensedLight.ttf) normal normal 300 condensed>) = 10.344999999999999
findfont: score(<Font 'Noto Sans' (NotoSans-SemiCondensedBlackItalic.ttf) italic normal 900 condensed>) = 11.725
findfont: score(<Font 'MathJax_Size4' (MathJax_Size4-Regular.otf) normal normal 400 normal>) = 10.05
findfont: score(<Font 'Padauk Book' (PadaukBook-Bold.ttf) normal normal 700 normal>) = 10.335
findfont: score(<Font 'MnSymbol' (MnSymbol9.otf) normal normal 400 normal>) = 10.05
findfont: score(<Font 'MathJax_Math' (MathJax_Math-Regular.otf) normal normal 400 normal>) = 10.05
findfont: score(<Font 'Noto Sans JP' (NotoSansJP-Bold.otf) normal normal 700 normal>) = 10.335
findfont: score(<Font 'Courier' (Courier.ttf) normal normal 400 normal>) = 10.05
findfont: score(<Font 'DejaVu Sans' (DejaVuSans.ttf) normal normal 400 normal>) = 0.05
findfont: score(<Font 'Latin Modern Roman Demi' (lmromandemi10-oblique.otf) oblique normal 600 normal>) = 11.24
findfont: score(<Font 'Amiri' (amiri-slanted.ttf) italic normal 400 normal>) = 11.05
findfont: score(<Font 'Source Sans Pro' (SourceSansPro-Black.ttf) normal normal 900 normal>) = 10.525
findfont: score(<Font 'DANTE' (DANTE.otf) normal normal 400 normal>) = 10.05
findfont: score(<Font 'Source Serif Pro' (SourceSerifPro-Bold.otf) normal normal 700 normal>) = 10.335
findfont: score(<Font 'IPAPGothic' (ipagp.ttf) normal normal 400 normal>) = 10.05
findfont: score(<Font 'Noto Sans' (NotoSans-SemiCondensedSemiBold.ttf) normal normal 600 condensed>) = 10.44
findfont: score(<Font 'AR PL UMing CN' (uming.ttc) normal normal 300 normal>) = 10.145
findfont: score(<Font 'TeX Gyre Bonum' (texgyrebonum-bolditalic.otf) italic normal 700 normal>) = 11.335
findfont: score(<Font 'Linux Biolinum O ' (LinBiolinum_RBO.otf) oblique normal 700 normal>) = 11.335
findfont: score(<Font 'URW Gothic L' (URWGothicL-Demi.ttf) normal normal 600 normal>) = 10.24
findfont: score(<Font 'Noto Sans' (NotoSans-CondensedItalic.ttf) italic normal 400 condensed>) = 11.25
findfont: score(<Font 'Source Sans Pro' (SourceSansPro-Semibold.otf) normal normal 600 normal>) = 10.24
findfont: score(<Font 'Serto Jerusalem' (SyrCOMJerusalem.otf) normal normal 400 normal>) = 10.05
findfont: score(<Font 'Open Sans' (OpenSans-ExtraBold.ttf) normal normal 800 normal>) = 10.43
findfont: score(<Font 'Noto Sans' (NotoSans-Italic.ttf) italic normal 400 normal>) = 11.05
findfont: score(<Font 'URW Palladio L' (URWPalladioL-Bold.ttf) normal normal 700 normal>) = 10.335
findfont: score(<Font 'Noto Sans' (NotoSans-CondensedLightItalic.ttf) italic normal 300 condensed>) = 11.344999999999999
findfont: score(<Font 'DejaVu Serif' (DejaVuSerifCondensed-BoldItalic.ttf) italic normal 700 condensed>) = 11.535
findfont: score(<Font 'Poppins' (Poppins-ExtraBoldItalic.ttf) italic normal 800 normal>) = 11.43
findfont: score(<Font 'Latin Modern Mono Caps' (lmmonocaps10-oblique.otf) oblique normal 400 normal>) = 11.05
findfont: score(<Font 'UnPilgi' (UnPilgi.ttf) normal normal 400 normal>) = 10.05
findfont: score(<Font 'URW Palladio L' (URWPalladioL-Ital.ttf) italic normal 400 normal>) = 11.05
findfont: score(<Font 'Goha-Tibeb Zemen' (GohaTibebZemen.otf) normal normal 500 normal>) = 10.145
findfont: score(<Font 'Noto Sans' (NotoSans-ExtraBold.ttf) normal normal 800 normal>) = 10.43
findfont: score(<Font 'Latin Modern Roman Slanted' (lmromanslant10-bold.otf) normal normal 700 normal>) = 10.335
findfont: score(<Font 'DANTE' (DANTE-Bold.otf) normal normal 400 normal>) = 10.05
findfont: score(<Font 'TeX Gyre Termes' (texgyretermes-italic.otf) italic normal 400 normal>) = 11.05
findfont: score(<Font 'Latin Modern Sans' (lmsans8-oblique.otf) oblique normal 400 normal>) = 11.05
findfont: score(<Font 'TeX Gyre PagellaX' (TeXGyrePagellaX-Italic.otf) italic normal 400 normal>) = 11.05
findfont: score(<Font 'TeX Gyre Schola' (texgyreschola-bold.otf) normal normal 700 normal>) = 10.335
findfont: score(<Font 'Nimbus Roman No9 L' (NimbusRomNo9L-Regu.ttf) normal normal 400 normal>) = 10.05
findfont: score(<Font 'Latin Modern Roman' (lmroman6-regular.otf) normal normal 400 normal>) = 10.05
findfont: score(<Font 'Droid Serif' (DroidSerif-Regular.ttf) normal normal 400 normal>) = 10.05
findfont: score(<Font 'Source Sans Pro' (SourceSansPro-ExtraLightIt.ttf) italic normal 200 normal>) = 11.24
findfont: score(<Font 'Roboto' (Roboto-BlackItalic.ttf) italic normal 900 normal>) = 11.525
findfont: score(<Font 'Nimbus Mono L' (NimbusMonL-Regu.ttf) normal normal 400 normal>) = 10.05
findfont: score(<Font 'Roboto Slab' (RobotoSlab-Thin.ttf) normal normal 250 normal>) = 10.1925
findfont: score(<Font 'TeX Gyre PagellaX' (TeXGyrePagellaX-Regular.otf) normal normal 400 normal>) = 10.05
findfont: score(<Font 'Roboto Condensed' (RobotoCondensed-BoldItalic.ttf) italic normal 700 condensed>) = 11.535
findfont: score(<Font 'Latin Modern Mono' (lmmono8-regular.otf) normal normal 400 normal>) = 10.05
findfont: score(<Font 'Liberation Sans Narrow' (LiberationSansNarrow-BoldItalic.ttf) italic normal 700 condensed>) = 11.535
findfont: score(<Font 'Century Schoolbook L' (CenturySchL-Ital.ttf) italic normal 400 normal>) = 11.05
findfont: score(<Font 'TeX Gyre Pagella' (texgyrepagella-italic.otf) italic normal 400 normal>) = 11.05
findfont: score(<Font 'Poppins' (Poppins-MediumItalic.ttf) italic normal 500 normal>) = 11.145
findfont: score(<Font 'PT Serif' (PTF56F.ttf) italic normal 400 normal>) = 11.05
findfont: score(<Font 'Latin Modern Roman' (lmroman12-bold.otf) normal normal 700 normal>) = 10.335
findfont: score(<Font 'Open Sans' (OpenSans-BoldItalic.ttf) italic normal 700 normal>) = 11.335
findfont: score(<Font 'Noto Sans' (NotoSans-SemiCondensedSemiBoldItalic.ttf) italic normal 600 condensed>) = 11.44
findfont: score(<Font 'DejaVu Sans Mono' (DejaVuSansMono-BoldOblique.ttf) oblique normal 700 normal>) = 11.335
findfont: score(<Font 'Noto Sans' (NotoSans-CondensedExtraLight.ttf) normal normal 200 condensed>) = 10.44
findfont: score(<Font 'FreeSerif' (FreeSerifBoldItalic.ttf) italic normal 700 normal>) = 11.335
findfont: score(<Font 'TeX Gyre Schola' (texgyreschola-regular.otf) normal normal 400 normal>) = 10.05
findfont: score(<Font 'Utopia' (Utopia-BoldItalic.ttf) italic normal 700 normal>) = 11.335
findfont: score(<Font 'Nimbus Sans L' (NimbusSanL-ReguCond.ttf) normal normal 400 condensed>) = 10.25
findfont: score(<Font 'Noto Sans' (NotoSans-ExtraLight.ttf) normal normal 200 normal>) = 10.24
findfont: score(<Font 'Linux Libertine Initials O' (LinLibertine_I.otf) normal normal 400 normal>) = 10.05
findfont: score(<Font 'Menaion Unicode TT' (MenaionUnicode.ttf) normal normal 400 normal>) = 10.05
findfont: score(<Font 'Roboto Condensed' (RobotoCondensed-Italic.ttf) italic normal 400 condensed>) = 11.25
findfont: score(<Font 'Noto Sans' (NotoSans-CondensedLight.ttf) normal normal 300 condensed>) = 10.344999999999999
findfont: score(<Font 'Source Sans Pro' (SourceSansPro-Regular.ttf) normal normal 400 normal>) = 10.05
findfont: score(<Font 'Droid Sans Tamil' (DroidSansTamil-Regular.ttf) normal normal 400 normal>) = 10.05
findfont: score(<Font 'Roboto' (Roboto-LightItalic.ttf) italic normal 300 normal>) = 11.145
findfont: score(<Font 'Serto Batnan' (SyrCOMBatnan.otf) normal normal 400 normal>) = 10.05
findfont: score(<Font 'Latin Modern Mono Slanted' (lmmonoslant10-regular.otf) normal normal 400 normal>) = 10.05
findfont: score(<Font 'Source Code Pro' (SourceCodePro-Light.otf) normal normal 300 normal>) = 10.145
findfont: score(<Font 'PT Serif' (PTF76F.ttf) italic normal 700 normal>) = 11.335
findfont: score(<Font 'Droid Serif' (DroidSerif-Bold.ttf) normal normal 700 normal>) = 10.335
findfont: score(<Font 'Khmer OS Fasthand' (KhmerOS_fasthand.ttf) normal normal 400 normal>) = 10.05
findfont: score(<Font 'Latin Modern Roman' (lmroman10-bold.otf) normal normal 700 normal>) = 10.335
findfont: score(<Font 'Source Serif Pro' (SourceSerifPro-ExtraLight.otf) normal normal 200 normal>) = 10.24
findfont: score(<Font 'Dingbats' (Dingbats.ttf) normal normal 400 normal>) = 10.05
findfont: score(<Font 'Indiction Unicode' (IndictionUnicode.otf) normal normal 500 normal>) = 10.145
findfont: score(<Font 'Noto Sans' (NotoSans-ExtraCondensedBlack.ttf) normal normal 900 condensed>) = 10.725
findfont: score(<Font 'Noto Sans KR' (NotoSansKR-Bold.otf) normal normal 700 normal>) = 10.335
findfont: score(<Font 'Droid Sans Japanese' (DroidSansJapanese.ttf) normal normal 400 normal>) = 10.05
findfont: score(<Font 'Open Sans' (OpenSans-CondLightItalic.ttf) italic normal 300 condensed>) = 11.344999999999999
findfont: score(<Font 'Serto Urhoy' (SyrCOMUrhoyBold.otf) normal normal 700 normal>) = 10.335
findfont: score(<Font 'Bitstream Charter' (CharterBT-Roman.ttf) normal normal 400 normal>) = 10.05
findfont: score(<Font 'Noto Sans' (NotoSans-CondensedThinItalic.ttf) italic normal 100 condensed>) = 11.535
findfont: score(<Font 'Nimbus Mono L' (NimbusMonL-BoldObli.ttf) oblique normal 700 normal>) = 11.335
findfont: score(<Font 'Trebuchet MS' (trebucbi.ttf) italic normal 700 normal>) = 11.335
findfont: score(<Font 'DejaVu Serif' (DejaVuSerif-Bold.ttf) normal normal 700 normal>) = 10.335
findfont: score(<Font 'Carlito' (Carlito-Italic.ttf) italic normal 400 normal>) = 11.05
findfont: score(<Font 'Luxi Sans' (luxisbi.ttf) oblique normal 700 normal>) = 11.335
findfont: score(<Font 'Latin Modern Mono Prop' (lmmonoprop10-oblique.otf) oblique normal 400 normal>) = 11.05
findfont: score(<Font 'Estrangelo Quenneshrin' (SyrCOMQenNeshrin.otf) normal normal 400 normal>) = 10.05
findfont: score(<Font 'Droid Serif' (DroidSerif-BoldItalic.ttf) italic normal 700 normal>) = 11.335
findfont: score(<Font 'Bitstream Charter' (CharterBT-Bold.ttf) normal normal 700 normal>) = 10.335
findfont: score(<Font 'Latin Modern Roman Slanted' (lmromanslant17-regular.otf) normal normal 400 normal>) = 10.05
findfont: score(<Font 'Droid Sans Ethiopic' (DroidSansEthiopic-Regular.ttf) normal normal 400 normal>) = 10.05
findfont: score(<Font 'Khmer OS Muol' (KhmerOS_muol.ttf) normal normal 400 normal>) = 10.05
findfont: score(<Font 'Latin Modern Mono Prop' (lmmonoprop10-regular.otf) normal normal 400 normal>) = 10.05
findfont: score(<Font 'Source Sans Pro' (SourceSansPro-It.ttf) italic normal 400 normal>) = 11.05
findfont: score(<Font 'DejaVu Sans' (DejaVuSansCondensed.ttf) normal normal 400 condensed>) = 0.25
findfont: score(<Font 'DejaVu Sans Mono' (DejaVuSansMono.ttf) normal normal 400 normal>) = 10.05
findfont: score(<Font 'DejaVu Sans' (DejaVuSans-Oblique.ttf) oblique normal 400 normal>) = 1.05
findfont: score(<Font 'Open Sans' (OpenSans-BoldItalic.ttf) italic normal 700 normal>) = 11.335
findfont: score(<Font 'Source Sans Pro' (SourceSansPro-Light.ttf) normal normal 300 normal>) = 10.145
findfont: score(<Font 'Noto Sans' (NotoSans-ExtraCondensedLightItalic.ttf) italic normal 300 condensed>) = 11.344999999999999
findfont: score(<Font 'Noto Sans' (NotoSans-CondensedMedium.ttf) normal normal 500 condensed>) = 10.344999999999999
findfont: score(<Font 'Roboto' (Roboto-ThinItalic.ttf) italic normal 250 normal>) = 11.1925
findfont: score(<Font 'Bitstream Vera Sans' (Vera.ttf) normal normal 400 normal>) = 0.9590909090909092
findfont: score(<Font 'Noto Sans' (NotoSans-CondensedSemiBold.ttf) normal normal 600 condensed>) = 10.44
findfont: score(<Font 'TeX Gyre PagellaX' (TeXGyrePagellaX-Bold.otf) normal normal 700 normal>) = 10.335
findfont: score(<Font 'Noto Sans' (NotoSans-CondensedSemiBoldItalic.ttf) italic normal 600 condensed>) = 11.44
findfont: score(<Font 'Charis SIL' (CharisSIL-R.ttf) normal normal 400 normal>) = 10.05
findfont: score(<Font 'Linux Biolinum Keyboard O' (LinBiolinum_K.otf) normal normal 700 normal>) = 10.335
findfont: score(<Font 'Latin Modern Roman' (lmroman5-bold.otf) normal normal 700 normal>) = 10.335
findfont: score(<Font 'DejaVu Sans Mono' (DejaVuSansMono-Bold.ttf) normal normal 700 normal>) = 10.335
findfont: score(<Font 'Luxi Sans' (luxisr.ttf) normal normal 400 normal>) = 10.05
findfont: score(<Font 'Latin Modern Mono Light' (lmmonolt10-regular.otf) normal normal 400 normal>) = 10.05
findfont: score(<Font 'Source Code Pro' (SourceCodePro-SemiboldIt.otf) italic normal 600 normal>) = 11.24
findfont: score(<Font 'Linux Libertine O' (LinLibertine_RB.otf) normal normal 700 normal>) = 10.335
findfont: score(<Font 'Roboto Condensed' (RobotoCondensed-Regular.ttf) normal normal 400 condensed>) = 10.25
findfont: score(<Font 'MnSymbol' (MnSymbol10.otf) normal normal 400 normal>) = 10.05
findfont: score(<Font 'Latin Modern Roman' (lmroman8-italic.otf) italic normal 400 normal>) = 11.05
findfont: score(<Font 'Bangwool' (Bangwool.ttf) normal normal 500 normal>) = 10.145
findfont: score(<Font 'Nimbus Sans L' (NimbusSanL-ReguCondItal.ttf) italic normal 400 condensed>) = 11.25
findfont: score(<Font 'Cantarell' (Cantarell-ExtraBold.otf) normal normal 800 normal>) = 10.43
findfont: score(<Font 'DejaVu Sans' (DejaVuSansCondensed-Bold.ttf) normal normal 700 condensed>) = 0.5349999999999999
findfont: score(<Font 'Source Code Pro' (SourceCodePro-MediumIt.otf) italic normal 500 normal>) = 11.145
findfont: score(<Font 'DejaVu Serif' (DejaVuSerifCondensed.ttf) normal normal 400 condensed>) = 10.25
findfont: score(<Font 'Source Sans Pro' (SourceSansPro-BoldIt.otf) italic normal 700 normal>) = 11.335
findfont: score(<Font 'MnSymbol' (MnSymbol5.otf) normal normal 400 normal>) = 10.05
findfont: score(<Font 'Latin Modern Roman Caps' (lmromancaps10-oblique.otf) oblique normal 400 normal>) = 11.05
findfont: score(<Font 'MathJax_Script' (MathJax_Script-Regular.otf) normal normal 400 normal>) = 10.05
findfont: score(<Font 'UnYetgul' (UnYetgul.ttf) normal normal 700 normal>) = 10.335
findfont: score(<Font 'Anonymous Pro' (AnonymousPro-Bold.ttf) normal normal 700 normal>) = 10.335
findfont: score(<Font 'DejaVu Sans Mono' (DejaVuSansMono-Bold.ttf) normal normal 700 normal>) = 10.335
findfont: score(<Font 'Latin Modern Mono' (lmmono12-regular.otf) normal normal 400 normal>) = 10.05
findfont: score(<Font 'UnBatang' (UnBatangBold.ttf) normal normal 700 normal>) = 10.335
findfont: score(<Font 'Liberation Mono' (LiberationMono-Bold.ttf) normal normal 700 normal>) = 10.335
findfont: score(<Font 'TeX Gyre Bonum' (texgyrebonum-regular.otf) normal normal 400 normal>) = 10.05
findfont: score(<Font 'Comic Sans MS' (comic.ttf) normal normal 400 normal>) = 10.05
findfont: score(<Font 'Noto Sans' (NotoSans-SemiBold.ttf) normal normal 600 normal>) = 10.24
findfont: score(<Font 'Noto Sans' (NotoSans-CondensedBlack.ttf) normal normal 900 condensed>) = 10.725
findfont: score(<Font 'Estrangelo Nisibin' (SyrCOMNisibin.otf) normal normal 400 normal>) = 10.05
findfont: score(<Font 'MnSymbol' (MnSymbol-Bold10.otf) normal normal 700 normal>) = 10.335
findfont: score(<Font 'Noto Sans SC' (NotoSansSC-Bold.otf) normal normal 700 normal>) = 10.335
findfont: score(<Font 'Hack' (Hack-Regular.ttf) normal normal 400 normal>) = 10.05
findfont: score(<Font 'Latin Modern Roman' (lmroman10-regular.otf) normal normal 400 normal>) = 10.05
findfont: score(<Font 'Hack' (Hack-BoldItalic.ttf) italic normal 700 normal>) = 11.335
findfont: score(<Font 'Poppins' (Poppins-ExtraLightItalic.ttf) italic normal 275 normal>) = 11.16875
findfont: score(<Font 'Khmer OS System' (KhmerOS_sys.ttf) normal normal 400 normal>) = 10.05
findfont: score(<Font 'Noto Sans' (NotoSans-CondensedBold.ttf) normal normal 700 condensed>) = 10.535
findfont: score(<Font 'URW Bookman L' (URWBookmanL-Ligh.ttf) normal normal 500 normal>) = 10.145
findfont: score(<Font 'Open Sans' (OpenSans-Bold.ttf) normal normal 700 normal>) = 10.335
findfont: score(<Font 'Georgia' (georgiaz.ttf) italic normal 700 normal>) = 11.335
findfont: score(<Font 'Roboto' (Roboto-Thin.ttf) normal normal 250 normal>) = 10.1925
findfont: score(<Font 'UnDotum' (UnDotumBold.ttf) normal normal 700 normal>) = 10.335
findfont: score(<Font 'Bitstream Charter' (CharterBT-BoldItalic.ttf) italic normal 700 normal>) = 11.335
findfont: score(<Font 'Standard Symbols L' (StandardSymL.ttf) normal normal 400 normal>) = 10.05
findfont: score(<Font 'PT Serif Caption' (PTZ56F.ttf) italic normal 400 normal>) = 11.05
findfont: score(<Font 'Latin Modern Sans' (lmsans17-regular.otf) normal normal 400 normal>) = 10.05
findfont: score(<Font 'TeX Gyre Bonum' (texgyrebonum-bold.otf) normal normal 700 normal>) = 10.335
findfont: score(<Font 'Noto Sans' (NotoSans-Regular.ttf) normal normal 400 normal>) = 10.05
findfont: score(<Font 'Latin Modern Roman Unslanted' (lmromanunsl10-regular.otf) normal normal 400 normal>) = 10.05
findfont: score(<Font 'Luxi Serif' (luxirr.ttf) normal normal 400 normal>) = 10.05
findfont: score(<Font 'URW Palladio L' (URWPalladioL-Roma.ttf) normal normal 400 normal>) = 10.05
findfont: score(<Font 'Noto Sans' (NotoSans-CondensedMediumItalic.ttf) italic normal 500 condensed>) = 11.344999999999999
findfont: score(<Font 'FontAwesome' (FontAwesome.otf) normal normal 400 normal>) = 10.05
findfont: score(<Font 'Caladea' (Caladea-Bold.ttf) normal normal 700 normal>) = 10.335
findfont: score(<Font 'Droid Sans' (DroidSans.ttf) normal normal 400 normal>) = 10.05
findfont: score(<Font 'TeX Gyre Bonum Math' (texgyrebonum-math.otf) normal normal 400 normal>) = 10.05
findfont: score(<Font 'Khmer OS' (KhmerOS.ttf) normal normal 400 normal>) = 10.05
findfont: score(<Font 'Source Sans Pro' (SourceSansPro-ExtraLightIt.otf) italic normal 200 normal>) = 11.24
findfont: score(<Font 'Bitstream Vera Sans Mono' (VeraMoBI.ttf) oblique normal 700 normal>) = 11.335
findfont: score(<Font 'Noto Sans' (NotoSans-ExtraCondensedSemiBold.ttf) normal normal 600 condensed>) = 10.44
findfont: score(<Font 'Source Code Pro' (SourceCodePro-Medium.otf) normal normal 500 normal>) = 10.145
findfont: score(<Font 'Source Code Pro' (SourceCodePro-Light.otf) normal normal 300 normal>) = 10.145
findfont: score(<Font 'Trebuchet MS' (trebuc.ttf) normal normal 400 normal>) = 10.05
findfont: score(<Font 'FreeSerif' (FreeSerifItalic.ttf) italic normal 400 normal>) = 11.05
findfont: score(<Font 'Noto Sans JP' (NotoSansJP-Regular.otf) normal normal 400 normal>) = 10.05
findfont: score(<Font 'Trebuchet MS' (trebucbd.ttf) normal normal 700 normal>) = 10.335
findfont: score(<Font 'Estrangelo Talada' (SyrCOMTalada.otf) normal normal 400 normal>) = 10.05
findfont: score(<Font 'Source Code Pro' (SourceCodePro-LightIt.otf) italic normal 300 normal>) = 11.145
findfont: score(<Font 'Bitstream Vera Sans Mono' (VeraMono.ttf) normal normal 400 normal>) = 10.05
findfont: score(<Font 'Poppins' (Poppins-SemiBold.ttf) normal normal 600 normal>) = 10.24
findfont: score(<Font 'Open Sans' (OpenSans-Italic.ttf) italic normal 400 normal>) = 11.05
findfont: score(<Font 'Latin Modern Roman' (lmroman8-bold.otf) normal normal 700 normal>) = 10.335
findfont: score(<Font 'Roboto' (Roboto-BoldItalic.ttf) italic normal 700 normal>) = 11.335
findfont: score(<Font 'MathJax_Fraktur' (MathJax_Fraktur-Bold.otf) normal normal 700 normal>) = 10.335
findfont: score(<Font 'Caladea' (Caladea-Regular.ttf) normal normal 400 normal>) = 10.05
findfont: score(<Font 'UnPen' (UnPen.ttf) normal normal 400 normal>) = 10.05
findfont: score(<Font 'Noto Sans' (NotoSans-Light.ttf) normal normal 300 normal>) = 10.145
findfont: score(<Font 'Liberation Mono' (LiberationMono-Italic.ttf) italic normal 400 normal>) = 11.05
findfont: score(<Font 'Liberation Serif' (LiberationSerif-Regular.ttf) normal normal 400 normal>) = 10.05
findfont: score(<Font 'Luxi Sans' (luxisb.ttf) normal normal 700 normal>) = 10.335
findfont: score(<Font 'MnSymbol' (MnSymbol-Bold12.otf) normal normal 700 normal>) = 10.335
findfont: score(<Font 'MathJax_Main' (MathJax_Main-Regular.otf) normal normal 400 normal>) = 10.05
findfont: score(<Font 'Impact' (impact.ttf) normal normal 400 normal>) = 10.05
findfont: score(<Font 'PT Sans' (PTS75F.ttf) normal normal 700 normal>) = 10.335
findfont: score(<Font 'Source Code Pro' (SourceCodePro-BoldIt.otf) italic normal 700 normal>) = 11.335
findfont: score(<Font 'FreeMono' (FreeMonoBoldOblique.ttf) oblique normal 700 normal>) = 11.335
findfont: score(<Font 'Liberation Serif' (LiberationSerif-Bold.ttf) normal normal 700 normal>) = 10.335
findfont: score(<Font 'Padauk Book' (PadaukBook-Regular.ttf) normal normal 400 normal>) = 10.05
findfont: score(<Font 'Noto Sans' (NotoSans-Condensed.ttf) normal normal 400 condensed>) = 10.25
findfont: score(<Font 'Latin Modern Roman' (lmroman9-regular.otf) normal normal 400 normal>) = 10.05
findfont: score(<Font 'Latin Modern Roman' (lmroman9-italic.otf) italic normal 400 normal>) = 11.05
findfont: score(<Font 'Luxi Serif' (luxirbi.ttf) oblique normal 700 normal>) = 11.335
findfont: score(<Font 'Latin Modern Sans' (lmsans17-oblique.otf) oblique normal 400 normal>) = 11.05
findfont: score(<Font 'Latin Modern Mono Prop Light' (lmmonoproplt10-regular.otf) normal normal 400 normal>) = 10.05
findfont: score(<Font 'Latin Modern Roman' (lmroman10-bolditalic.otf) italic normal 700 normal>) = 11.335
findfont: score(<Font 'Latin Modern Mono Light' (lmmonolt10-bold.otf) normal normal 700 normal>) = 10.335
findfont: score(<Font 'Noto Sans' (NotoSans-ExtraCondensedThin.ttf) normal normal 100 condensed>) = 10.535
findfont: score(<Font 'Courier 10 Pitch' (Courier10PitchBT-Bold.ttf) normal normal 700 normal>) = 10.335
findfont: score(<Font 'Arial' (arialbi.ttf) italic normal 700 normal>) = 7.698636363636363
findfont: score(<Font 'Sazanami Mincho' (sazanami-mincho.ttf) normal normal 500 normal>) = 10.145
findfont: score(<Font 'Carlito' (Carlito-Bold.ttf) normal normal 700 normal>) = 10.335
findfont: score(<Font 'Luxi Sans' (luxisri.ttf) oblique normal 400 normal>) = 11.05
findfont: score(<Font 'DejaVu Sans' (DejaVuSans-Bold.ttf) normal normal 700 normal>) = 0.33499999999999996
findfont: score(<Font 'Source Sans Pro' (SourceSansPro-Bold.ttf) normal normal 700 normal>) = 10.335
findfont: score(<Font 'Poppins' (Poppins-Black.ttf) normal normal 900 normal>) = 10.525
findfont: score(<Font 'DejaVu Sans Mono' (DejaVuSansMono-Oblique.ttf) oblique normal 400 normal>) = 11.05
findfont: score(<Font 'Noto Sans' (NotoSans-SemiCondensedExtraLight.ttf) normal normal 200 condensed>) = 10.44
findfont: score(<Font 'Latin Modern Roman Slanted' (lmromanslant10-regular.otf) normal normal 400 normal>) = 10.05
findfont: score(<Font 'Roboto' (Roboto-Black.ttf) normal normal 900 normal>) = 10.525
findfont: score(<Font 'Source Serif Pro' (SourceSerifPro-ExtraLight.ttf) normal normal 200 normal>) = 10.24
findfont: score(<Font 'Open Sans' (OpenSans-Regular.ttf) normal normal 400 normal>) = 10.05
findfont: score(<Font 'Source Sans Pro' (SourceSansPro-BoldIt.ttf) italic normal 700 normal>) = 11.335
findfont: score(<Font 'Source Code Pro' (SourceCodePro-MediumIt.otf) italic normal 500 normal>) = 11.145
findfont: score(<Font 'DejaVu Serif' (DejaVuSerif-Bold.ttf) normal normal 700 normal>) = 10.335
findfont: score(<Font 'FreeSans' (FreeSans.ttf) normal normal 400 normal>) = 10.05
findfont: score(<Font 'DejaVu Serif' (DejaVuSerifCondensed-Bold.ttf) normal normal 700 condensed>) = 10.535
findfont: score(<Font 'TeX Gyre Cursor' (texgyrecursor-bold.otf) normal normal 700 normal>) = 10.335
findfont: score(<Font 'Indiction Unicode TT' (IndictionUnicode.ttf) normal normal 500 normal>) = 10.145
findfont: score(<Font 'Latin Modern Mono Light Cond' (lmmonoltcond10-regular.otf) normal normal 400 condensed>) = 10.25
findfont: score(<Font 'Latin Modern Roman' (lmroman12-regular.otf) normal normal 400 normal>) = 10.05
findfont: score(<Font 'URW Bookman L' (URWBookmanL-DemiBoldItal.ttf) italic normal 600 normal>) = 11.24
findfont: score(<Font 'Serto Kharput' (SyrCOMKharput.otf) normal normal 400 normal>) = 10.05
findfont: score(<Font 'PT Sans Narrow' (PTN57F.ttf) normal normal 400 condensed>) = 10.25
findfont: score(<Font 'Verdana' (verdanab.ttf) normal normal 700 normal>) = 3.9713636363636367
findfont: score(<Font 'TeX Gyre Termes' (texgyretermes-bold.otf) normal normal 700 normal>) = 10.335
findfont: score(<Font 'Anonymous Pro' (AnonymousPro-BoldItalic.ttf) italic normal 700 normal>) = 11.335
findfont: score(<Font 'Noto Sans' (NotoSans-ExtraCondensed.ttf) normal normal 400 condensed>) = 10.25
findfont: score(<Font 'Open Sans' (OpenSans-Italic.ttf) italic normal 400 normal>) = 11.05
findfont: score(<Font 'Droid Sans Fallback' (DroidSansFallbackFull.ttf) normal normal 400 normal>) = 10.05
findfont: score(<Font 'MnSymbol' (MnSymbol-Bold7.otf) normal normal 700 normal>) = 10.335
findfont: score(<Font 'DejaVu Sans' (DejaVuSans-ExtraLight.ttf) normal normal 200 normal>) = 0.24
findfont: score(<Font 'DejaVu Serif' (DejaVuSerifCondensed-BoldItalic.ttf) italic normal 700 condensed>) = 11.535
findfont: score(<Font 'Latin Modern Roman' (lmroman8-regular.otf) normal normal 400 normal>) = 10.05
findfont: score(<Font 'Charis SIL' (CharisSIL-I.ttf) italic normal 400 normal>) = 11.05
findfont: score(<Font 'Baekmuk Dotum' (dotum.ttf) normal normal 400 normal>) = 10.05
findfont: score(<Font 'Khmer OS Content' (KhmerOS_content.ttf) normal normal 400 normal>) = 10.05
findfont: score(<Font 'MathJax_Size2' (MathJax_Size2-Regular.otf) normal normal 400 normal>) = 10.05
findfont: score(<Font 'UnBom' (UnBom.ttf) normal normal 700 normal>) = 10.335
findfont: score(<Font 'Nimbus Roman No9 L' (NimbusRomNo9L-ReguItal.ttf) italic normal 400 normal>) = 11.05
findfont: score(<Font 'URW Bookman L' (URWBookmanL-LighItal.ttf) italic normal 400 normal>) = 11.05
findfont: score(<Font 'Bitstream Vera Serif' (VeraSe.ttf) normal normal 400 normal>) = 10.05
findfont: score(<Font 'Century Schoolbook L' (CenturySchL-Bold.ttf) normal normal 700 normal>) = 10.335
findfont: score(<Font 'Luxi Serif' (luxirri.ttf) oblique normal 400 normal>) = 11.05
findfont: score(<Font 'Source Code Pro' (SourceCodePro-Regular.otf) normal normal 400 normal>) = 10.05
findfont: score(<Font 'UnPilgia' (UnPilgia.ttf) normal normal 400 normal>) = 10.05
findfont: score(<Font 'Source Serif Pro' (SourceSerifPro-Semibold.otf) normal normal 600 normal>) = 10.24
findfont: score(<Font 'Bitstream Vera Sans Mono' (VeraMoBd.ttf) normal normal 700 normal>) = 10.335
findfont: score(<Font 'Latin Modern Sans' (lmsans10-oblique.otf) oblique normal 400 normal>) = 11.05
findfont: score(<Font 'Source Sans Pro' (SourceSansPro-SemiboldIt.otf) italic normal 600 normal>) = 11.24
findfont: score(<Font 'Serto Mardin' (SyrCOMMardinBold.otf) normal normal 700 normal>) = 10.335
findfont: score(<Font 'PT Sans' (PTS55F.ttf) normal normal 400 normal>) = 10.05
findfont: score(<Font 'UnShinmun' (UnShinmun.ttf) normal normal 400 normal>) = 10.05
findfont: score(<Font 'URW Chancery L' (URWChanceryL-MediItal.ttf) italic normal 500 normal>) = 11.145
findfont: score(<Font 'Sazanami Gothic' (sazanami-gothic.ttf) normal normal 500 normal>) = 10.145
findfont: score(<Font 'Latin Modern Roman' (lmroman5-regular.otf) normal normal 400 normal>) = 10.05
findfont: score(<Font 'Noto Sans' (NotoSans-SemiCondensed.ttf) normal normal 400 condensed>) = 10.25
findfont: score(<Font 'Source Serif Pro' (SourceSerifPro-Semibold.ttf) normal normal 600 normal>) = 10.24
findfont: score(<Font 'UnJamoSora' (UnJamoSora.ttf) normal normal 400 normal>) = 10.05
findfont: score(<Font 'TeX Gyre Heros Cn' (texgyreheroscn-bolditalic.otf) italic normal 700 normal>) = 11.335
findfont: score(<Font 'PT Sans Caption' (PTC55F.ttf) normal normal 400 normal>) = 10.05
findfont: score(<Font 'Century Schoolbook L' (CenturySchL-Roma.ttf) normal normal 400 normal>) = 10.05
findfont: score(<Font 'Nimbus Sans L' (NimbusSanL-Bold.ttf) normal normal 700 normal>) = 10.335
findfont: score(<Font 'Open Sans' (OpenSans-Semibold.ttf) normal normal 600 normal>) = 10.24
findfont: score(<Font 'Droid Arabic Naskh' (DroidNaskh-Regular.ttf) normal normal 400 normal>) = 10.05
findfont: score(<Font 'Khmer OS Muol Light' (KhmerOS_muollight.ttf) normal normal 400 normal>) = 10.05
findfont: score(<Font 'Ponomar Unicode TT' (PonomarUnicode.ttf) normal normal 400 normal>) = 10.05
findfont: score(<Font 'Droid Sans Tamil' (DroidSansTamil-Bold.ttf) normal normal 700 normal>) = 10.335
findfont: score(<Font 'Latin Modern Sans' (lmsans8-regular.otf) normal normal 400 normal>) = 10.05
findfont: score(<Font 'Roboto Slab' (RobotoSlab-Bold.ttf) normal normal 700 normal>) = 10.335
findfont: score(<Font 'Open Sans Condensed' (OpenSans-CondBold.ttf) normal normal 700 condensed>) = 10.535
findfont: score(<Font 'Heuristica' (Heuristica-Italic.otf) italic normal 400 normal>) = 11.05
findfont: score(<Font 'DejaVu Serif' (DejaVuSerif.ttf) normal normal 400 normal>) = 10.05
findfont: score(<Font 'Cantarell' (Cantarell-Bold.otf) normal normal 700 normal>) = 10.335
findfont: score(<Font 'DejaVu Sans' (DejaVuSansCondensed-Oblique.ttf) oblique normal 400 condensed>) = 1.25
findfont: score(<Font 'Open Sans' (OpenSans-ExtraBoldItalic.ttf) italic normal 800 normal>) = 11.43
findfont: score(<Font 'UnDinaru' (UnDinaruLight.ttf) normal normal 300 normal>) = 10.145
findfont: score(<Font 'Latin Modern Sans' (lmsans9-regular.otf) normal normal 400 normal>) = 10.05
findfont: score(<Font 'Charis SIL' (CharisSIL-BI.ttf) italic normal 700 normal>) = 11.335
findfont: score(<Font 'Poppins' (Poppins-Bold.ttf) normal normal 700 normal>) = 10.335
findfont: score(<Font 'TeX Gyre TermesX' (TeXGyreTermesX-Italic.otf) italic normal 400 normal>) = 11.05
findfont: score(<Font 'Noto Sans' (NotoSans-SemiCondensedBlack.ttf) normal normal 900 condensed>) = 10.725
findfont: score(<Font 'Latin Modern Roman' (lmroman10-italic.otf) italic normal 400 normal>) = 11.05
findfont: score(<Font 'Source Code Pro' (SourceCodePro-Bold.otf) normal normal 700 normal>) = 10.335
findfont: score(<Font 'DejaVu Sans' (DejaVuSans-Bold.ttf) normal normal 700 normal>) = 0.33499999999999996
findfont: score(<Font 'TeX Gyre Heros' (texgyreheros-bold.otf) normal normal 700 normal>) = 10.335
findfont: score(<Font 'PT Serif Caption' (PTZ55F.ttf) normal normal 400 normal>) = 10.05
findfont: score(<Font 'Liberation Sans' (LiberationSans-Italic.ttf) italic normal 400 normal>) = 11.05
findfont: score(<Font 'Hack' (Hack-Bold.ttf) normal normal 700 normal>) = 10.335
findfont: score(<Font 'Linux Biolinum O' (LinBiolinum_RI.otf) italic normal 400 normal>) = 11.05
findfont: score(<Font 'TeX Gyre Heros' (texgyreheros-regular.otf) normal normal 400 normal>) = 10.05
findfont: score(<Font 'TomsCallout' (TomsCallouts.ttf) normal normal 400 normal>) = 10.05
findfont: score(<Font 'Latin Modern Mono Prop Light' (lmmonoproplt10-oblique.otf) oblique normal 400 normal>) = 11.05
findfont: score(<Font 'Noto Sans' (NotoSans-SemiBoldItalic.ttf) italic normal 600 normal>) = 11.24
findfont: score(<Font 'Open Sans' (OpenSans-CondLight.ttf) normal normal 300 condensed>) = 10.344999999999999
findfont: score(<Font 'Arial Black' (ariblk.ttf) normal normal 400 normal>) = 10.05
findfont: score(<Font 'Times New Roman' (timesbd.ttf) normal normal 700 normal>) = 10.335
findfont: score(<Font 'Source Code Pro' (SourceCodePro-ExtraLightIt.otf) italic normal 200 normal>) = 11.24
findfont: score(<Font 'Serto Jerusalem Outline' (SyrCOMJerusalemOutline.otf) normal normal 400 normal>) = 10.05
findfont: score(<Font 'Open Sans' (OpenSans-LightItalic.ttf) italic normal 300 normal>) = 11.145
findfont: score(<Font 'Open Sans' (OpenSans-Bold.ttf) normal normal 700 normal>) = 10.335
findfont: score(<Font 'Khmer OS Bokor' (KhmerOS_bokor.ttf) normal normal 400 normal>) = 10.05
findfont: score(<Font 'Noto Sans' (NotoSans-ExtraCondensedExtraLight.ttf) normal normal 200 condensed>) = 10.44
findfont: score(<Font 'Baekmuk Batang' (batang.ttf) normal normal 400 normal>) = 10.05
findfont: score(<Font 'DejaVu Sans' (DejaVuSansCondensed-BoldOblique.ttf) oblique normal 700 condensed>) = 1.535
findfont: score(<Font 'Latin Modern Sans' (lmsans10-boldoblique.otf) oblique normal 700 normal>) = 11.335
findfont: score(<Font 'Nimbus Sans L' (NimbusSanL-Regu.ttf) normal normal 400 normal>) = 10.05
findfont: score(<Font 'FreeMono' (FreeMono.ttf) normal normal 400 normal>) = 10.05
findfont: score(<Font 'Source Serif Pro' (SourceSerifPro-Regular.ttf) normal normal 400 normal>) = 10.05
findfont: score(<Font 'Estrangelo TurAbdin' (SyrCOMTurAbdin.otf) normal normal 400 normal>) = 10.05
findfont: score(<Font 'DejaVu Sans' (DejaVuSans-BoldOblique.ttf) oblique normal 700 normal>) = 1.335
findfont: score(<Font 'Droid Serif' (DroidSerif-Italic.ttf) italic normal 400 normal>) = 11.05
findfont: score(<Font 'UnGraphic' (UnGraphicBold.ttf) normal normal 700 normal>) = 10.335
findfont: score(<Font 'PT Mono' (PTM75F.ttf) normal normal 700 normal>) = 10.335
findfont: score(<Font 'TeX Gyre Chorus' (texgyrechorus-mediumitalic.otf) normal normal 500 normal>) = 10.145
findfont: score(<Font 'Latin Modern Roman' (lmroman6-bold.otf) normal normal 700 normal>) = 10.335
findfont: score(<Font 'Open Sans' (OpenSans-LightItalic.ttf) italic normal 300 normal>) = 11.145
findfont: score(<Font 'Roboto' (Roboto-Light.ttf) normal normal 300 normal>) = 10.145
findfont: score(<Font 'Source Sans Pro' (SourceSansPro-Light.otf) normal normal 300 normal>) = 10.145
findfont: score(<Font 'Source Code Pro' (SourceCodePro-It.otf) italic normal 400 normal>) = 11.05
findfont: score(<Font 'Latin Modern Roman' (lmroman7-italic.otf) italic normal 400 normal>) = 11.05
findfont: score(<Font 'UnDinaru' (UnDinaruBold.ttf) normal normal 700 normal>) = 10.335
findfont: score(<Font 'Arial' (arial.ttf) normal normal 400 normal>) = 6.413636363636363
findfont: score(<Font 'Source Sans Pro' (SourceSansPro-LightIt.ttf) italic normal 300 normal>) = 11.145
findfont: score(<Font 'Serto Jerusalem' (SyrCOMJerusalemBold.otf) normal normal 700 normal>) = 10.335
findfont: score(<Font 'Andale Mono' (andalemo.ttf) normal normal 400 normal>) = 10.05
findfont: score(<Font 'DejaVu Serif' (DejaVuSerifCondensed-Bold.ttf) normal normal 700 condensed>) = 10.535
findfont: score(<Font 'TeX Gyre Pagella Math' (texgyrepagella-math.otf) normal normal 400 normal>) = 10.05
findfont: score(<Font 'Liberation Serif' (LiberationSerif-Italic.ttf) italic normal 400 normal>) = 11.05
findfont: score(<Font 'Nimbus Sans L' (NimbusSanL-BoldCond.ttf) normal normal 700 condensed>) = 10.535
findfont: score(<Font 'PT Serif' (PTF55F.ttf) normal normal 400 normal>) = 10.05
findfont: score(<Font 'Latin Modern Mono' (lmmono10-regular.otf) normal normal 400 normal>) = 10.05
findfont: score(<Font 'Noto Sans' (NotoSans-CondensedExtraLightItalic.ttf) italic normal 200 condensed>) = 11.44
findfont: score(<Font 'Droid Sans Armenian' (DroidSansArmenian.ttf) normal normal 400 normal>) = 10.05
findfont: score(<Font 'TeX Gyre Heros' (texgyreheros-italic.otf) italic normal 400 normal>) = 11.05
findfont: score(<Font 'Latin Modern Sans' (lmsans12-regular.otf) normal normal 400 normal>) = 10.05
findfont: score(<Font 'UnGraphic' (UnGraphic.ttf) normal normal 400 normal>) = 10.05
findfont: score(<Font 'Latin Modern Sans Quotation' (lmsansquot8-boldoblique.otf) oblique normal 700 normal>) = 11.335
findfont: score(<Font 'Linux Biolinum O' (LinBiolinum_RB.otf) normal normal 700 normal>) = 10.335
findfont: score(<Font 'PT Sans' (PTS56F.ttf) italic normal 400 normal>) = 11.05
findfont: score(<Font 'STIXGeneral' (STIXGeneral-Italic.otf) italic normal 400 normal>) = 11.05
findfont: score(<Font 'Source Code Pro' (SourceCodePro-Black.otf) normal normal 900 normal>) = 10.525
findfont: score(<Font 'TeX Gyre Cursor' (texgyrecursor-italic.otf) italic normal 400 normal>) = 11.05
findfont: score(<Font 'Carlito' (Carlito-Regular.ttf) normal normal 400 normal>) = 10.05
findfont: score(<Font 'Open Sans' (OpenSans-Light.ttf) normal normal 300 normal>) = 10.145
findfont: score(<Font 'Latin Modern Sans Demi Cond' (lmsansdemicond10-regular.otf) normal normal 600 condensed>) = 10.44
findfont: score(<Font 'Source Code Pro' (SourceCodePro-SemiboldIt.otf) italic normal 600 normal>) = 11.24
findfont: score(<Font 'Bitstream Vera Sans Mono' (VeraMoIt.ttf) oblique normal 400 normal>) = 11.05
findfont: score(<Font 'Monomakh Unicode' (MonomakhUnicode.otf) normal normal 500 normal>) = 10.145
findfont: score(<Font 'Philokalia' (Philokalia-Regular.otf) normal normal 400 normal>) = 10.05
findfont: score(<Font 'Noto Sans' (NotoSans-SemiCondensedMediumItalic.ttf) italic normal 500 condensed>) = 11.344999999999999
findfont: score(<Font 'Roboto Slab' (RobotoSlab-Light.ttf) normal normal 300 normal>) = 10.145
findfont: score(<Font 'Liberation Serif' (LiberationSerif-BoldItalic.ttf) italic normal 700 normal>) = 11.335
findfont: score(<Font 'Source Sans Pro' (SourceSansPro-SemiboldIt.ttf) italic normal 600 normal>) = 11.24
findfont: score(<Font 'Open Sans' (OpenSans-SemiboldItalic.ttf) italic normal 600 normal>) = 11.24
findfont: score(<Font 'DejaVu Serif' (DejaVuSerif-Italic.ttf) italic normal 400 normal>) = 11.05
findfont: score(<Font 'Khmer OS Siemreap' (KhmerOS_siemreap.ttf) normal normal 400 normal>) = 10.05
findfont: score(<Font 'MathJax_SansSerif' (MathJax_SansSerif-Regular.otf) normal normal 400 normal>) = 10.05
findfont: score(<Font 'Sazanami Gothic' (sgothic.ttf) normal normal 500 normal>) = 10.145
findfont: score(<Font 'Sazanami Mincho' (smincho.ttf) normal normal 500 normal>) = 10.145
findfont: score(<Font 'Latin Modern Sans Quotation' (lmsansquot8-bold.otf) normal normal 700 normal>) = 10.335
findfont: score(<Font 'Source Code Pro' (SourceCodePro-BoldIt.otf) italic normal 700 normal>) = 11.335
findfont: score(<Font 'DejaVu Serif' (DejaVuSerifCondensed-Italic.ttf) italic normal 400 condensed>) = 11.25
findfont: score(<Font 'Noto Sans' (NotoSans-ExtraCondensedMedium.ttf) normal normal 500 condensed>) = 10.344999999999999
findfont: score(<Font 'Noto Sans' (NotoSans-SemiCondensedLight.ttf) normal normal 300 condensed>) = 10.344999999999999
findfont: score(<Font 'Noto Sans' (NotoSans-ExtraCondensedSemiBoldItalic.ttf) italic normal 600 condensed>) = 11.44
findfont: score(<Font 'Latin Modern Mono Prop Light' (lmmonoproplt10-bold.otf) normal normal 700 normal>) = 10.335
findfont: score(<Font 'TeX Gyre Schola Math' (texgyreschola-math.otf) normal normal 400 normal>) = 10.05
findfont: score(<Font 'UnTaza' (UnTaza.ttf) normal normal 400 normal>) = 10.05
findfont: score(<Font 'Source Code Pro' (SourceCodePro-Black.otf) normal normal 900 normal>) = 10.525
findfont: score(<Font 'Source Code Pro' (SourceCodePro-ExtraLight.otf) normal normal 200 normal>) = 10.24
findfont: score(<Font 'Times New Roman' (times.ttf) normal normal 400 normal>) = 10.05
findfont: score(<Font 'IPAPMincho' (ipamp.ttf) normal normal 400 normal>) = 10.05
findfont: score(<Font 'Source Code Pro' (SourceCodePro-Medium.otf) normal normal 500 normal>) = 10.145
findfont: score(<Font 'Source Code Pro' (SourceCodePro-Regular.otf) normal normal 400 normal>) = 10.05
findfont: score(<Font 'DejaVu Sans' (DejaVuSansCondensed-Bold.ttf) normal normal 700 condensed>) = 0.5349999999999999
findfont: score(<Font 'STIXGeneral' (STIXGeneral-Regular.otf) normal normal 400 normal>) = 10.05
findfont: score(<Font 'Source Serif Pro' (SourceSerifPro-Bold.ttf) normal normal 700 normal>) = 10.335
findfont: score(<Font 'East Syriac Ctesiphon' (SyrCOMCtesiphon.otf) normal normal 400 normal>) = 10.05
findfont: score(<Font 'Latin Modern Math' (latinmodern-math.otf) normal normal 400 normal>) = 10.05
findfont: score(<Font 'TeX Gyre Adventor' (texgyreadventor-bolditalic.otf) italic normal 700 normal>) = 11.335
findfont: score(<Font 'DejaVu Sans Mono' (DejaVuSansMono-Oblique.ttf) oblique normal 400 normal>) = 11.05
findfont: score(<Font 'Times New Roman' (timesi.ttf) italic normal 400 normal>) = 11.05
findfont: score(<Font 'Bitstream Vera Sans' (VeraBd.ttf) normal normal 700 normal>) = 1.2440909090909091
findfont: score(<Font 'Baekmuk Headline' (hline.ttf) normal normal 400 normal>) = 10.05
findfont: score(<Font 'Fedorovsk Unicode' (FedorovskUnicode.otf) normal normal 500 normal>) = 10.145
findfont: score(<Font 'Source Code Pro' (SourceCodePro-ExtraLightIt.otf) italic normal 200 normal>) = 11.24
findfont: score(<Font 'TeX Gyre DejaVu Math' (texgyredejavu-math.otf) normal normal 400 normal>) = 10.05
findfont: score(<Font 'Droid Sans Mono' (DroidSansMono.ttf) normal normal 400 normal>) = 10.05
findfont: score(<Font 'Nimbus Sans L' (NimbusSanL-ReguItal.ttf) italic normal 400 normal>) = 11.05
findfont: score(<Font 'TeX Gyre Heros Cn' (texgyreheroscn-regular.otf) normal normal 400 normal>) = 10.05
findfont: score(<Font 'Latin Modern Mono Light' (lmmonolt10-oblique.otf) oblique normal 400 normal>) = 11.05
findfont: score(<Font 'Estrangelo Midyat' (SyrCOMMidyat.otf) normal normal 400 normal>) = 10.05
findfont: score(<Font 'Pomorsky' (PomorskyUnicode.ttf) normal normal 500 normal>) = 10.145
findfont: score(<Font 'STIXGeneral' (STIXGeneral-Bold.otf) normal normal 700 normal>) = 10.335
findfont: score(<Font 'UnDinaru' (UnDinaru.ttf) normal normal 400 normal>) = 10.05
findfont: score(<Font 'UnGungseo' (UnGungseo.ttf) normal normal 400 normal>) = 10.05
findfont: score(<Font 'Luxi Mono' (luximb.ttf) normal normal 700 normal>) = 10.335
findfont: score(<Font 'Luxi Mono' (luximr.ttf) normal normal 400 normal>) = 10.05
findfont: score(<Font 'Webdings' (webdings.ttf) normal normal 400 normal>) = 10.05
findfont: score(<Font 'Linux Libertine Mono O' (LinLibertine_MO.otf) oblique normal 400 normal>) = 11.05
findfont: score(<Font 'TeX Gyre TermesX' (TeXGyreTermesX-Regular.otf) normal normal 400 normal>) = 10.05
findfont: score(<Font 'Eunjin Nakseo' (EunjinNakseo.ttf) normal normal 500 normal>) = 10.145
findfont: score(<Font 'Carlito' (Carlito-Bold.ttf) normal normal 700 normal>) = 10.335
findfont: score(<Font 'Poppins' (Poppins-BoldItalic.ttf) italic normal 700 normal>) = 11.335
findfont: score(<Font 'Roboto Condensed' (RobotoCondensed-Bold.ttf) normal normal 700 condensed>) = 10.535
findfont: score(<Font 'Comic Sans MS' (comicbd.ttf) normal normal 700 normal>) = 10.335
findfont: score(<Font 'TeX Gyre Bonum' (texgyrebonum-italic.otf) italic normal 400 normal>) = 11.05
findfont: score(<Font 'Carlito' (Carlito-BoldItalic.ttf) italic normal 700 normal>) = 11.335
findfont: score(<Font 'Open Sans' (OpenSans-ExtraBold.ttf) normal normal 800 normal>) = 10.43
findfont: score(<Font 'TeX Gyre Adventor' (texgyreadventor-bold.otf) normal normal 700 normal>) = 10.335
findfont: score(<Font 'PT Serif' (PTF75F.ttf) normal normal 700 normal>) = 10.335
findfont: score(<Font 'Source Code Pro' (SourceCodePro-BlackIt.otf) italic normal 900 normal>) = 11.525
findfont: score(<Font 'Liberation Sans' (LiberationSans-Regular.ttf) normal normal 400 normal>) = 10.05
findfont: score(<Font 'Noto Sans TC' (NotoSansTC-Bold.otf) normal normal 700 normal>) = 10.335
findfont: score(<Font 'Droid Sans' (DroidSans-Bold.ttf) normal normal 700 normal>) = 10.335
findfont: score(<Font 'Source Code Pro' (SourceCodePro-LightIt.otf) italic normal 300 normal>) = 11.145
findfont: score(<Font 'FreeSans' (FreeSansBold.ttf) normal normal 600 normal>) = 10.24
findfont: score(<Font 'Noto Sans' (NotoSans-LightItalic.ttf) italic normal 300 normal>) = 11.145
findfont: score(<Font 'Latin Modern Roman Slanted' (lmromanslant9-regular.otf) normal normal 400 normal>) = 10.05
findfont: score(<Font 'Open Sans' (OpenSans-ExtraBoldItalic.ttf) italic normal 800 normal>) = 11.43
findfont: score(<Font 'Noto Sans' (NotoSans-SemiCondensedBold.ttf) normal normal 700 condensed>) = 10.535
findfont: score(<Font 'Latin Modern Roman' (lmroman7-bold.otf) normal normal 700 normal>) = 10.335
findfont: score(<Font 'Verdana' (verdana.ttf) normal normal 400 normal>) = 3.6863636363636365
findfont: score(<Font 'Droid Arabic Kufi' (DroidKufi-Regular.ttf) normal normal 400 normal>) = 10.05
findfont: score(<Font 'Estrangelo Edessa' (SyrCOMEdessa.otf) normal normal 400 normal>) = 10.05
findfont: score(<Font 'Serto Batnan' (SyrCOMBatnanBold.otf) normal normal 700 normal>) = 10.335
findfont: score(<Font 'TeX Gyre TermesX' (TeXGyreTermesX-BoldItalic.otf) italic normal 700 normal>) = 11.335
findfont: score(<Font 'Latin Modern Sans Quotation' (lmsansquot8-oblique.otf) oblique normal 400 normal>) = 11.05
findfont: score(<Font 'Khmer OS Battambang' (KhmerOS_battambang.ttf) normal normal 400 normal>) = 10.05
findfont: score(<Font 'Latin Modern Sans' (lmsans9-oblique.otf) oblique normal 400 normal>) = 11.05
findfont: score(<Font 'Droid Sans Hebrew' (DroidSansHebrew-Bold.ttf) normal normal 600 normal>) = 10.24
findfont: score(<Font 'Roboto Condensed' (RobotoCondensed-Light.ttf) normal normal 300 condensed>) = 10.344999999999999
findfont: score(<Font 'Noto Sans' (NotoSans-Medium.ttf) normal normal 500 normal>) = 10.145
findfont: score(<Font 'Charis SIL' (CharisSILI.ttf) italic normal 400 normal>) = 11.05
findfont: score(<Font 'Courier New' (courbd.ttf) normal normal 700 normal>) = 10.335
findfont: score(<Font 'Monomakh Unicode TT' (MonomakhUnicode.ttf) normal normal 500 normal>) = 10.145
findfont: score(<Font 'Latin Modern Mono Caps' (lmmonocaps10-regular.otf) normal normal 400 normal>) = 10.05
findfont: score(<Font 'Noto Sans' (NotoSans-ThinItalic.ttf) italic normal 100 normal>) = 11.335
findfont: score(<Font 'UnVada' (UnVada.ttf) normal normal 400 normal>) = 10.05
findfont: score(<Font 'Noto Sans' (NotoSans-SemiCondensedExtraBold.ttf) normal normal 800 condensed>) = 10.629999999999999
findfont: score(<Font 'TeX Gyre PagellaX' (TeXGyrePagellaX-BoldItalic.otf) italic normal 700 normal>) = 11.335
findfont: score(<Font 'Caladea' (Caladea-BoldItalic.ttf) italic normal 700 normal>) = 11.335
findfont: score(<Font 'Open Sans' (OpenSans-CondLightItalic.ttf) italic normal 300 condensed>) = 11.344999999999999
findfont: score(<Font 'FreeSans' (FreeSansOblique.ttf) oblique normal 400 normal>) = 11.05
findfont: score(<Font 'DejaVu Sans' (DejaVuSans-ExtraLight.ttf) normal normal 200 normal>) = 0.24
findfont: score(<Font 'Courier' (Courier-BoldItalic.ttf) italic normal 700 normal>) = 11.335
findfont: score(<Font 'Luxi Serif' (luxirb.ttf) normal normal 700 normal>) = 10.335
findfont: score(<Font 'MathJax_SansSerif' (MathJax_SansSerif-Bold.otf) normal normal 700 normal>) = 10.335
findfont: score(<Font 'Source Code Pro' (SourceCodePro-Semibold.otf) normal normal 600 normal>) = 10.24
findfont: score(<Font 'Droid Sans Devanagari' (DroidSansDevanagari-Regular.ttf) normal normal 400 normal>) = 10.05
findfont: score(<Font 'URW Gothic L' (URWGothicL-Book.ttf) normal normal 400 normal>) = 10.05
findfont: score(<Font 'Carlito' (Carlito-Italic.ttf) italic normal 400 normal>) = 11.05
findfont: score(<Font 'Noto Sans' (NotoSans-MediumItalic.ttf) italic normal 500 normal>) = 11.145
findfont: score(<Font 'MathJax_Caligraphic' (MathJax_Caligraphic-Bold.otf) normal normal 700 normal>) = 10.335
findfont: score(<Font 'Source Code Pro' (SourceCodePro-Semibold.otf) normal normal 600 normal>) = 10.24
findfont: score(<Font 'Padauk' (Padauk-Bold.ttf) normal normal 700 normal>) = 10.335
findfont: score(<Font 'Charis SIL' (CharisSIL-B.ttf) normal normal 700 normal>) = 10.335
findfont: score(<Font 'Source Code Pro' (SourceCodePro-ExtraLight.otf) normal normal 200 normal>) = 10.24
findfont: score(<Font 'Source Code Pro' (SourceCodePro-BlackIt.otf) italic normal 900 normal>) = 11.525
findfont: score(<Font 'Latin Modern Roman Caps' (lmromancaps10-regular.otf) normal normal 400 normal>) = 10.05
findfont: score(<Font 'Noto Sans' (NotoSans-CondensedThin.ttf) normal normal 100 condensed>) = 10.535
findfont: score(<Font 'UnJamoDotum' (UnJamoDotum.ttf) normal normal 400 normal>) = 10.05
findfont: score(<Font 'Droid Sans Thai' (DroidSansThai.ttf) normal normal 400 normal>) = 10.05
findfont: score(<Font 'Amiri' (amiri-bold.ttf) normal normal 700 normal>) = 10.335
findfont: score(<Font 'Poppins' (Poppins-BlackItalic.ttf) italic normal 900 normal>) = 11.525
findfont: score(<Font 'Anonymous Pro' (AnonymousPro-Italic.ttf) italic normal 400 normal>) = 11.05
findfont: score(<Font 'Latin Modern Roman Dunhill' (lmromandunh10-regular.otf) normal normal 400 normal>) = 10.05
findfont: score(<Font 'Amiri' (amiri-boldslanted.ttf) italic normal 700 normal>) = 11.335
findfont: score(<Font 'MnSymbol' (MnSymbol12.otf) normal normal 400 normal>) = 10.05
findfont: score(<Font 'Droid Arabic Naskh' (DroidNaskh-Bold.ttf) normal normal 700 normal>) = 10.335
findfont: score(<Font 'Source Serif Pro' (SourceSerifPro-Light.ttf) normal normal 300 normal>) = 10.145
findfont: score(<Font 'Noto Sans SC' (NotoSansSC-Regular.otf) normal normal 400 normal>) = 10.05
findfont: score(<Font 'Liberation Sans Narrow' (LiberationSansNarrow-Bold.ttf) normal normal 700 condensed>) = 10.535
findfont: score(<Font 'Linux Libertine Mono O' (LinLibertine_M.otf) normal normal 400 normal>) = 10.05
findfont: score(<Font 'Linux Biolinum O' (LinBiolinum_R.otf) normal normal 400 normal>) = 10.05
findfont: score(<Font 'Nimbus Mono L' (NimbusMonL-Bold.ttf) normal normal 700 normal>) = 10.335
findfont: score(<Font 'Latin Modern Sans Quotation' (lmsansquot8-regular.otf) normal normal 400 normal>) = 10.05
findfont: score(<Font 'Bitstream Vera Sans' (VeraBI.ttf) oblique normal 700 normal>) = 2.244090909090909
findfont: score(<Font 'Latin Modern Sans' (lmsans10-bold.otf) normal normal 700 normal>) = 10.335
findfont: score(<Font 'Source Code Pro' (SourceCodePro-RegularIt.otf) italic normal 400 normal>) = 11.05
findfont: score(<Font 'Latin Modern Roman' (lmroman17-regular.otf) normal normal 400 normal>) = 10.05
findfont: score(<Font 'Arial' (arialbd.ttf) normal normal 700 normal>) = 6.698636363636363
findfont: score(<Font 'Open Sans' (OpenSans-CondLight.ttf) normal normal 300 condensed>) = 10.344999999999999
findfont: score(<Font 'Source Sans Pro' (SourceSansPro-It.otf) italic normal 400 normal>) = 11.05
findfont: score(<Font 'Source Sans Pro' (SourceSansPro-Black.otf) normal normal 900 normal>) = 10.525
findfont: score(<Font 'UnPilgi' (UnPilgiBold.ttf) normal normal 700 normal>) = 10.335
findfont: score(<Font 'MnSymbol' (MnSymbol-Bold6.otf) normal normal 700 normal>) = 10.335
findfont: score(<Font 'Georgia' (georgia.ttf) normal normal 400 normal>) = 10.05
findfont: score(<Font 'Roboto' (Roboto-Bold.ttf) normal normal 700 normal>) = 10.335
findfont: score(<Font 'URW Palladio L' (URWPalladioL-BoldItal.ttf) italic normal 700 normal>) = 11.335
findfont: score(<Font 'Nimbus Sans L' (NimbusSanL-BoldItal.ttf) italic normal 700 normal>) = 11.335
findfont: score(<Font 'Noto Sans' (NotoSans-Black.ttf) normal normal 900 normal>) = 10.525
findfont: score(<Font 'Source Serif Pro' (SourceSerifPro-Light.otf) normal normal 300 normal>) = 10.145
findfont: score(<Font 'Liberation Mono' (LiberationMono-Regular.ttf) normal normal 400 normal>) = 10.05
findfont: score(<Font 'TeX Gyre Adventor' (texgyreadventor-regular.otf) normal normal 400 normal>) = 10.05
findfont: score(<Font 'Latin Modern Sans' (lmsans12-oblique.otf) oblique normal 400 normal>) = 11.05
findfont: score(<Font 'Khmer OS Freehand' (KhmerOS_freehand.ttf) normal normal 400 normal>) = 10.05
findfont: score(<Font 'STIXGeneral' (STIXGeneral-BoldItalic.otf) italic normal 700 normal>) = 11.335
findfont: score(<Font 'Latin Modern Roman Slanted' (lmromanslant12-regular.otf) normal normal 400 normal>) = 10.05
findfont: score(<Font 'TeX Gyre Termes Math' (texgyretermes-math.otf) normal normal 400 normal>) = 10.05
findfont: score(<Font 'Source Sans Pro' (SourceSansPro-Bold.otf) normal normal 700 normal>) = 10.335
findfont: score(<Font 'Source Serif Pro' (SourceSerifPro-Black.otf) normal normal 900 normal>) = 10.525
findfont: score(<Font 'Carlito' (Carlito-BoldItalic.ttf) italic normal 700 normal>) = 11.335
findfont: score(<Font 'Poppins' (Poppins-Italic.ttf) italic normal 400 normal>) = 11.05
findfont: score(<Font 'MathJax_WinChrome' (MathJax_WinChrome-Regular.otf) normal normal 400 normal>) = 10.05
findfont: score(<Font 'Noto Sans' (NotoSans-ExtraBoldItalic.ttf) italic normal 800 normal>) = 11.43
findfont: score(<Font 'Arial' (ariali.ttf) italic normal 400 normal>) = 7.413636363636363
findfont: score(<Font 'Serto Jerusalem' (SyrCOMJerusalemItalic.otf) italic normal 400 normal>) = 11.05
findfont: score(<Font 'Fedorovsk Unicode TT' (FedorovskUnicode.ttf) normal normal 500 normal>) = 10.145
findfont: score(<Font 'DejaVu Sans' (DejaVuSansCondensed-Oblique.ttf) oblique normal 400 condensed>) = 1.25
findfont: score(<Font 'URW Gothic L' (URWGothicL-DemiObli.ttf) oblique normal 600 normal>) = 11.24
findfont: score(<Font 'Roboto Slab' (RobotoSlab-Regular.ttf) normal normal 400 normal>) = 10.05
findfont: score(<Font 'Nimbus Roman No9 L' (NimbusRomNo9L-MediItal.ttf) italic normal 500 normal>) = 11.145
findfont: score(<Font 'UnJamoNovel' (UnJamoNovel.ttf) normal normal 400 normal>) = 10.05
findfont: score(<Font 'Utopia' (Utopia-Bold.ttf) normal normal 700 normal>) = 10.335
findfont: score(<Font 'DejaVu Sans' (DejaVuSansCondensed.ttf) normal normal 400 condensed>) = 0.25
findfont: score(<Font 'MathJax_Size3' (MathJax_Size3-Regular.otf) normal normal 400 normal>) = 10.05
findfont: score(<Font 'Liberation Sans Narrow' (LiberationSansNarrow-Italic.ttf) italic normal 400 condensed>) = 11.25
findfont: score(<Font 'DejaVu Serif' (DejaVuSerif-BoldItalic.ttf) italic normal 700 normal>) = 11.335
findfont: score(<Font 'Latin Modern Roman Demi' (lmromandemi10-regular.otf) normal normal 600 normal>) = 10.24
findfont: score(<Font 'URW Bookman L' (URWBookmanL-DemiBold.ttf) normal normal 600 normal>) = 10.24
findfont: score(<Font 'MathJax_WinIE6' (MathJax_WinIE6-Regular.otf) normal normal 400 normal>) = 10.05
findfont: score(<Font 'FreeMono' (FreeMonoOblique.ttf) oblique normal 400 normal>) = 11.05
findfont: score(<Font 'DejaVu Sans Mono' (DejaVuSansMono.ttf) normal normal 400 normal>) = 10.05
findfont: score(<Font 'MathJax_Main' (MathJax_Main-Italic.otf) italic normal 400 normal>) = 11.05
findfont: score(<Font 'Serto Malankara' (SyrCOMMalankara.otf) normal normal 400 normal>) = 10.05
findfont: score(<Font 'MathJax_AMS' (MathJax_AMS-Regular.otf) normal normal 400 normal>) = 10.05
findfont: score(<Font 'DANTE' (DANTE-Italic.otf) italic normal 400 normal>) = 11.05
findfont: score(<Font 'Menaion Unicode' (MenaionUnicode.otf) normal normal 400 normal>) = 10.05
findfont: score(<Font 'Noto Sans' (NotoSans-SemiCondensedThinItalic.ttf) italic normal 100 condensed>) = 11.535
findfont: score(<Font 'DANTE' (DANTE-Bold-Italic.otf) italic normal 400 normal>) = 11.05
findfont: score(<Font 'Noto Sans' (NotoSans-ExtraCondensedBoldItalic.ttf) italic normal 700 condensed>) = 11.535
findfont: score(<Font 'Latin Modern Mono' (lmmono10-italic.otf) italic normal 400 normal>) = 11.05
findfont: score(<Font 'MathJax_Caligraphic' (MathJax_Caligraphic-Regular.otf) normal normal 400 normal>) = 10.05
findfont: score(<Font 'Georgia' (georgiab.ttf) normal normal 700 normal>) = 10.335
findfont: score(<Font 'Linux Libertine Display O' (LinLibertine_DR.otf) normal normal 400 normal>) = 10.05
findfont: score(<Font 'TeX Gyre TermesX' (TeXGyreTermesX-Bold.otf) normal normal 700 normal>) = 10.335
findfont: score(<Font 'Poppins' (Poppins-ExtraLight.ttf) normal normal 275 normal>) = 10.16875
findfont: score(<Font 'Latin Modern Mono' (lmmono9-regular.otf) normal normal 400 normal>) = 10.05
findfont: score(<Font 'Noto Sans' (NotoSans-SemiCondensedMedium.ttf) normal normal 500 condensed>) = 10.344999999999999
findfont: score(<Font 'Linux Libertine Mono O ' (LinLibertine_MB.otf) normal normal 400 normal>) = 10.05
findfont: score(<Font 'Anonymous Pro' (AnonymousPro-Regular.ttf) normal normal 400 normal>) = 10.05
findfont: score(<Font 'UnBatang' (UnBatang.ttf) normal normal 400 normal>) = 10.05
findfont: score(<Font 'Heuristica' (Heuristica-Bold.otf) normal normal 700 normal>) = 10.335
findfont: score(<Font 'Estrangelo Nisibin Outline' (SyrCOMNisibinOutline.otf) normal normal 400 normal>) = 10.05
findfont: score(<Font 'Poppins' (Poppins-ThinItalic.ttf) italic normal 250 normal>) = 11.1925
findfont: score(<Font 'MnSymbol' (MnSymbol7.otf) normal normal 400 normal>) = 10.05
findfont: score(<Font 'Baekmuk Gulim' (gulim.ttf) normal normal 400 normal>) = 10.05
findfont: score(<Font 'Bitstream Vera Sans' (VeraIt.ttf) oblique normal 400 normal>) = 1.9590909090909092
findfont: score(<Font 'Nimbus Roman No9 L' (NimbusRomNo9L-Medi.ttf) normal normal 500 normal>) = 10.145
findfont: score(<Font 'Source Sans Pro' (SourceSansPro-ExtraLight.ttf) normal normal 200 normal>) = 10.24
findfont: score(<Font 'Source Sans Pro' (SourceSansPro-BlackIt.otf) italic normal 900 normal>) = 11.525
findfont: score(<Font 'Noto Sans' (NotoSans-Bold.ttf) normal normal 700 normal>) = 10.335
findfont: score(<Font 'TeX Gyre Heros' (texgyreheros-bolditalic.otf) italic normal 700 normal>) = 11.335
findfont: score(<Font 'Courier New' (couri.ttf) italic normal 400 normal>) = 11.05
findfont: score(<Font 'Noto Sans' (NotoSans-SemiCondensedThin.ttf) normal normal 100 condensed>) = 10.535
findfont: score(<Font 'Century Schoolbook L' (CenturySchL-BoldItal.ttf) italic normal 700 normal>) = 11.335
findfont: score(<Font 'PT Sans Narrow' (PTN77F.ttf) normal normal 700 condensed>) = 10.535
findfont: score(<Font 'Latin Modern Mono Light Cond' (lmmonoltcond10-oblique.otf) oblique normal 400 condensed>) = 11.25
findfont: score(<Font 'DejaVu Sans Mono' (DejaVuSansMono-BoldOblique.ttf) oblique normal 700 normal>) = 11.335
findfont: score(<Font 'TeX Gyre Cursor' (texgyrecursor-bolditalic.otf) italic normal 700 normal>) = 11.335
findfont: score(<Font 'Cantarell' (Cantarell-Thin.otf) normal normal 100 normal>) = 10.335
findfont: score(<Font 'Courier 10 Pitch' (Courier10PitchBT-Italic.ttf) italic normal 400 normal>) = 11.05
findfont: score(<Font 'GFS Porson' (GFSPorson.otf) normal normal 400 normal>) = 10.05
findfont: score(<Font 'Cantarell' (Cantarell-Regular.otf) normal normal 400 normal>) = 10.05
findfont: score(<Font 'FreeSerif' (FreeSerifBold.ttf) normal normal 700 normal>) = 10.335
findfont: score(<Font 'Roboto' (Roboto-MediumItalic.ttf) italic normal 500 normal>) = 11.145
findfont: score(<Font 'Latin Modern Mono Prop Light' (lmmonoproplt10-boldoblique.otf) oblique normal 700 normal>) = 11.335
findfont: score(<Font 'TeX Gyre Termes' (texgyretermes-bolditalic.otf) italic normal 700 normal>) = 11.335
findfont: score(<Font 'Charis SIL' (CharisSILR.ttf) normal normal 400 normal>) = 10.05
findfont: score(<Font 'Open Sans' (OpenSans-Light.ttf) normal normal 300 normal>) = 10.145
findfont: score(<Font 'Courier' (Courier-Italic.ttf) italic normal 400 normal>) = 11.05
findfont: Matching sans\-serif:style=normal:variant=normal:weight=normal:stretch=normal:size=6.0 to DejaVu Sans ('/local/miniconda3/envs/myenv/lib/python3.6/site-packages/matplotlib/mpl-data/fonts/ttf/DejaVuSans.ttf') with score of 0.050000.
title position was updated manually, not adjusting
title position was updated manually, not adjusting
title position was updated manually, not adjusting
title position was updated manually, not adjusting
title position was updated manually, not adjusting
title position was updated manually, not adjusting
title position was updated manually, not adjusting
title position was updated manually, not adjusting
title position was updated manually, not adjusting
title position was updated manually, not adjusting
title position was updated manually, not adjusting
title position was updated manually, not adjusting
title position was updated manually, not adjusting
title position was updated manually, not adjusting
title position was updated manually, not adjusting
title position was updated manually, not adjusting
title position was updated manually, not adjusting
title position was updated manually, not adjusting
title position was updated manually, not adjusting
title position was updated manually, not adjusting
title position was updated manually, not adjusting
title position was updated manually, not adjusting
title position was updated manually, not adjusting
title position was updated manually, not adjusting
title position was updated manually, not adjusting
title position was updated manually, not adjusting
title position was updated manually, not adjusting
title position was updated manually, not adjusting
title position was updated manually, not adjusting
title position was updated manually, not adjusting
title position was updated manually, not adjusting
title position was updated manually, not adjusting
title position was updated manually, not adjusting
title position was updated manually, not adjusting
title position was updated manually, not adjusting
title position was updated manually, not adjusting
title position was updated manually, not adjusting
title position was updated manually, not adjusting
title position was updated manually, not adjusting
Initializing backend 'interpreter'
Backend 'interpreter' initialized
Initializing backend 'cpu'
Backend 'cpu' initialized
Initializing backend 'tpu_driver'
Starting the local TPU driver.
Unable to initialize backend 'tpu_driver': Not found: Unable to find driver in registry given worker: local://
Initializing backend 'gpu'
Unable to initialize backend 'gpu': Not found: Could not find registered platform with name: "cuda". Available platform names are: Host Interpreter
Initializing backend 'tpu'
Unable to initialize backend 'tpu': Invalid argument: TpuPlatform is not available.
Compiling _split (139747505460424) for args (ShapedArray(uint32[2]),).
Compiling _uniform (139747505596672) for args (ShapedArray(uint32[2]), ShapedArray(int32[], weak_type=True), ShapedArray(int32[], weak_type=True)).
Compiling _uniform (139747504579496) for args (ShapedArray(uint32[2]), ShapedArray(int32[], weak_type=True), ShapedArray(int32[], weak_type=True)).
Compiling _uniform (139747504243912) for args (ShapedArray(uint32[2]), ShapedArray(int32[], weak_type=True), ShapedArray(int32[], weak_type=True)).
Compiling _uniform (139747504076984) for args (ShapedArray(uint32[2]), ShapedArray(int32[], weak_type=True), ShapedArray(int32[], weak_type=True)).
Compiling _split (139747036795240) for args (ShapedArray(uint32[2]),).
Compiling _split (139747504625344) for args (ShapedArray(uint32[2]),).
Compiling _normal (139747036193920) for args (ShapedArray(uint32[2]),).
Compiling _body_fn (139747035710160) for args (ShapedArray(int32[], weak_type=True), ShapedArray(int32[]), ShapedArray(float32[]), ShapedArray(float32[20,50]), ShapedArray(float32[50,50]), ShapedArray(float32[50,18]), ShapedArray(float32[]), ShapedArray(float32[20,50]), ShapedArray(float32[50,50]), ShapedArray(float32[50,18]), ShapedArray(float32[]), ShapedArray(float32[]), ShapedArray(float32[]), ShapedArray(float32[4401]), ShapedArray(float32[4401]), ShapedArray(float32[4401]), ShapedArray(float32[]), ShapedArray(float32[]), ShapedArray(float32[]), ShapedArray(int32[]), ShapedArray(float32[]), ShapedArray(float32[4401]), ShapedArray(float32[4401]), ShapedArray(int32[], weak_type=True), ShapedArray(int32[]), ShapedArray(uint32[2]), ShapedArray(uint32[2]), ShapedArray(float32[200,4402]), ShapedArray(int32[], weak_type=True), ShapedArray(int32[], weak_type=True)).
Compiling <unnamed wrapped function> (139747036504568) for args (ShapedArray(float32[200]), ShapedArray(float32[200,20,50]), ShapedArray(float32[200,50,50]), ShapedArray(float32[200,50,18])).
Compiling _split (139747034216560) for args (ShapedArray(uint32[2]),).
